../Middlewares/Third_Party/mongoose/mongoose.h:192:21:mg_calloc	24	static
../Middlewares/Third_Party/LittleFS/src/fs_adstractions.c:20:6:fs_proto	4	static
../Middlewares/Third_Party/LittleFS/src/fs_adstractions.c:23:5:mg_fs_lfs_status	288	static
../Middlewares/Third_Party/LittleFS/src/fs_adstractions.c:34:6:mg_fs_lfs_list	344	static
../Middlewares/Third_Party/LittleFS/src/fs_adstractions.c:46:7:mg_fs_lfs_open	24	static
../Middlewares/Third_Party/LittleFS/src/fs_adstractions.c:62:6:mg_fs_lfs_close	24	static
../Middlewares/Third_Party/LittleFS/src/fs_adstractions.c:69:8:mg_fs_lfs_read	32	static
../Middlewares/Third_Party/LittleFS/src/fs_adstractions.c:76:8:mg_fs_lfs_write	32	static
../Middlewares/Third_Party/LittleFS/src/fs_adstractions.c:83:8:mg_fs_lfs_seek	24	static
../Middlewares/Third_Party/LittleFS/src/fs_adstractions.c:104:6:mg_fs_lfs_rename	16	static
../Middlewares/Third_Party/LittleFS/src/fs_adstractions.c:109:6:mg_fs_lfs_remove	16	static
../Middlewares/Third_Party/LittleFS/src/fs_adstractions.c:114:5:remove_recursive	352	static
../Middlewares/Third_Party/LittleFS/src/fs_adstractions.c:182:6:mg_fs_lfs_mkdir	16	static
../Middlewares/Third_Party/LittleFS/src/fs_adstractions.c:206:10:get_fs_size	8	static
../Middlewares/Third_Party/LittleFS/src/fs_adstractions.c:210:6:lfs_erase_flash	8	static
../Middlewares/Third_Party/LittleFS/src/fs_adstractions.c:214:6:set_lfs_config	16	static
../Middlewares/Third_Party/LittleFS/src/fs_adstractions.c:218:6:mg_fs_mounted	4	static
../Middlewares/Third_Party/LittleFS/src/fs_adstractions.c:227:5:lfs_fs_ll_init	96	static
../Middlewares/Third_Party/LittleFS/src/fs_adstractions.c:279:5:block_device_read	24	static
../Middlewares/Third_Party/LittleFS/src/fs_adstractions.c:287:5:block_device_erase	16	static
../Middlewares/Third_Party/LittleFS/src/fs_adstractions.c:295:5:block_device_prog	24	static
../Middlewares/Third_Party/LittleFS/src/fs_adstractions.c:303:5:block_device_sync	16	static
