../Middlewares/Third_Party/LittleFS/src/fs_adstractions.c:313:5:block_device_sync	0	static
../Middlewares/Third_Party/LittleFS/src/fs_adstractions.c:289:5:block_device_read	8	static
../Middlewares/Third_Party/LittleFS/src/fs_adstractions.c:297:5:block_device_erase	8	static
../Middlewares/Third_Party/LittleFS/src/fs_adstractions.c:305:5:block_device_prog	8	static
../Middlewares/Third_Party/LittleFS/src/fs_adstractions.c:23:6:fs_proto	0	static
../Middlewares/Third_Party/LittleFS/src/fs_adstractions.c:27:5:mg_fs_lfs_status	280	static
../Middlewares/Third_Party/LittleFS/src/fs_adstractions.c:38:6:mg_fs_lfs_list	336	static
../Middlewares/Third_Party/LittleFS/src/fs_adstractions.c:50:7:mg_fs_lfs_open	16	static
../Middlewares/Third_Party/LittleFS/src/fs_adstractions.c:66:6:mg_fs_lfs_close	8	static
../Middlewares/Third_Party/LittleFS/src/fs_adstractions.c:73:8:mg_fs_lfs_read	8	static
../Middlewares/Third_Party/LittleFS/src/fs_adstractions.c:80:8:mg_fs_lfs_write	8	static
../Middlewares/Third_Party/LittleFS/src/fs_adstractions.c:87:8:mg_fs_lfs_seek	8	static
../Middlewares/Third_Party/LittleFS/src/fs_adstractions.c:108:6:mg_fs_lfs_rename	8	static
../Middlewares/Third_Party/LittleFS/src/fs_adstractions.c:113:6:mg_fs_lfs_remove	8	static
../Middlewares/Third_Party/LittleFS/src/fs_adstractions.c:118:5:remove_recursive	360	static
../Middlewares/Third_Party/LittleFS/src/fs_adstractions.c:186:6:mg_fs_lfs_mkdir	8	static
../Middlewares/Third_Party/LittleFS/src/fs_adstractions.c:210:10:get_fs_size	8	static
../Middlewares/Third_Party/LittleFS/src/fs_adstractions.c:214:6:lfs_erase_flash	8	static
../Middlewares/Third_Party/LittleFS/src/fs_adstractions.c:218:6:set_lfs_config	0	static
../Middlewares/Third_Party/LittleFS/src/fs_adstractions.c:222:6:mg_fs_mounted	0	static
../Middlewares/Third_Party/LittleFS/src/fs_adstractions.c:226:14:get_flash_chip_model	0	static
../Middlewares/Third_Party/LittleFS/src/fs_adstractions.c:237:5:lfs_fs_ll_init	96	static
