../Middlewares/Third_Party/LittleFS/src/lfs.c:303:20:lfs_pair_issync	8	static
../Middlewares/Third_Party/LittleFS/src/lfs.c:391:20:lfs_gstate_xor	4	static
../Middlewares/Third_Party/LittleFS/src/lfs.c:424:20:lfs_gstate_hasmovehere	0	static
../Middlewares/Third_Party/LittleFS/src/lfs.c:495:13:lfs_mlist_isopen	8	static
../Middlewares/Third_Party/LittleFS/src/lfs.c:507:13:lfs_mlist_remove	0	static
../Middlewares/Third_Party/LittleFS/src/lfs.c:516:13:lfs_mlist_append	0	static
../Middlewares/Third_Party/LittleFS/src/lfs.c:522:17:lfs_fs_disk_version	0	static
../Middlewares/Third_Party/LittleFS/src/lfs.c:534:17:lfs_fs_disk_version_major	8	static
../Middlewares/Third_Party/LittleFS/src/lfs.c:539:17:lfs_fs_disk_version_minor	8	static
../Middlewares/Third_Party/LittleFS/src/lfs.c:601:13:lfs_alloc_ckpoint	0	static
../Middlewares/Third_Party/LittleFS/src/lfs.c:607:13:lfs_alloc_drop	8	static
../Middlewares/Third_Party/LittleFS/src/lfs.c:614:12:lfs_alloc_lookahead	4	static
../Middlewares/Third_Party/LittleFS/src/lfs.c:840:12:lfs_dir_traverse_filter	4	static
../Middlewares/Third_Party/LittleFS/src/lfs.c:1887:12:lfs_dir_commit_size	0	static
../Middlewares/Third_Party/LittleFS/src/lfs.c:1911:13:lfs_dir_needsrelocation	0	static
../Middlewares/Third_Party/LittleFS/src/lfs.c:2735:12:lfs_dir_close_	8	static
../Middlewares/Third_Party/LittleFS/src/lfs.c:2824:19:lfs_dir_tell_	0	static
../Middlewares/Third_Party/LittleFS/src/lfs.c:3810:19:lfs_file_tell_	0	static
../Middlewares/Third_Party/LittleFS/src/lfs.c:3824:19:lfs_file_size_	0	static
../Middlewares/Third_Party/LittleFS/src/lfs.c:4827:13:lfs_fs_prepsuperblock	0	static
../Middlewares/Third_Party/LittleFS/src/lfs.c:4845:13:lfs_fs_prepmove	4	static
../Middlewares/Third_Party/LittleFS/src/lfs.c:5111:12:lfs_fs_size_count	0	static
../Middlewares/Third_Party/LittleFS/src/lfs.c:275:12:lfs_bd_erase	8	static
../Middlewares/Third_Party/LittleFS/src/lfs.c:4833:12:lfs_fs_preporphans	8	static
../Middlewares/Third_Party/LittleFS/src/lfs.c:38:20:lfs_cache_zero	8	static
../Middlewares/Third_Party/LittleFS/src/lfs.c:2843:12:lfs_ctz_index	24	static
../Middlewares/Third_Party/LittleFS/src/lfs.c:44:12:lfs_bd_read	64	static
../Middlewares/Third_Party/LittleFS/src/lfs.c:706:19:lfs_dir_getslice	72	static
../Middlewares/Third_Party/LittleFS/src/lfs.c:771:19:lfs_dir_get	24	static
../Middlewares/Third_Party/LittleFS/src/lfs.c:1382:12:lfs_dir_getgstate	32	static
../Middlewares/Third_Party/LittleFS/src/lfs.c:2990:12:lfs_ctz_traverse	72	static
../Middlewares/Third_Party/LittleFS/src/lfs.c:4769:12:lfs_fs_parent_match	40	static
../Middlewares/Third_Party/LittleFS/src/lfs.c:900:12:lfs_dir_traverse	224	static
../Middlewares/Third_Party/LittleFS/src/lfs.c:778:12:lfs_dir_getread	64	static
../Middlewares/Third_Party/LittleFS/src/lfs.c:127:12:lfs_bd_cmp	72	static
../Middlewares/Third_Party/LittleFS/src/lfs.c:176:12:lfs_bd_flush	48	static
../Middlewares/Third_Party/LittleFS/src/lfs.c:227:12:lfs_bd_prog	48	static
../Middlewares/Third_Party/LittleFS/src/lfs.c:211:12:lfs_bd_sync	16	static
../Middlewares/Third_Party/LittleFS/src/lfs.c:1440:12:lfs_dir_find_match	32	static
../Middlewares/Third_Party/LittleFS/src/lfs.c:2856:12:lfs_ctz_find	64	static
../Middlewares/Third_Party/LittleFS/src/lfs.c:3456:20:lfs_file_flushedread	56	static
../Middlewares/Third_Party/LittleFS/src/lfs.c:154:12:lfs_bd_crc	72	static
../Middlewares/Third_Party/LittleFS/src/lfs.c:1095:19:lfs_dir_fetchmatch	128	static
../Middlewares/Third_Party/LittleFS/src/lfs.c:4790:19:lfs_fs_parent	72	static
../Middlewares/Third_Party/LittleFS/src/lfs.c:1374:12:lfs_dir_fetch	24	static
../Middlewares/Third_Party/LittleFS/src/lfs.c:4617:5:lfs_fs_traverse_	112	static
../Middlewares/Third_Party/LittleFS/src/lfs.c:628:12:lfs_alloc_scan	16	static
../Middlewares/Third_Party/LittleFS/src/lfs.c:653:12:lfs_alloc	24	static
../Middlewares/Third_Party/LittleFS/src/lfs.c:1787:12:lfs_dir_alloc	32	static
../Middlewares/Third_Party/LittleFS/src/lfs.c:3230:12:lfs_file_relocate	56	static
../Middlewares/Third_Party/LittleFS/src/lfs.c:3301:12:lfs_file_outline	16	static
../Middlewares/Third_Party/LittleFS/src/lfs.c:2891:12:lfs_ctz_extend	80	static
../Middlewares/Third_Party/LittleFS/src/lfs.c:3536:20:lfs_file_flushedwrite	56	static
../Middlewares/Third_Party/LittleFS/src/lfs.c:3314:12:lfs_file_flush	112	static
../Middlewares/Third_Party/LittleFS/src/lfs.c:3517:20:lfs_file_read_	24	static
../Middlewares/Third_Party/LittleFS/src/lfs.c:3664:19:lfs_file_seek_	32	static
../Middlewares/Third_Party/LittleFS/src/lfs.c:3815:12:lfs_file_rewind_	8	static
../Middlewares/Third_Party/LittleFS/src/lfs.c:3620:20:lfs_file_write_	32	static
../Middlewares/Third_Party/LittleFS/src/lfs.c:3728:12:lfs_file_truncate_	48	static
../Middlewares/Third_Party/LittleFS/src/lfs.c:5118:20:lfs_fs_size_	16	static
../Middlewares/Third_Party/LittleFS/src/lfs.c:4725:12:lfs_fs_pred	40	static
../Middlewares/Third_Party/LittleFS/src/lfs.c:2829:12:lfs_dir_rewind_	8	static
../Middlewares/Third_Party/LittleFS/src/lfs.c:2787:12:lfs_dir_seek_	24	static
../Middlewares/Third_Party/LittleFS/src/lfs.c:4577:12:lfs_fs_stat_	80	static
../Middlewares/Third_Party/LittleFS/src/lfs.c:1576:12:lfs_dir_commitprog	40	static
../Middlewares/Third_Party/LittleFS/src/lfs.c:1593:12:lfs_dir_commitattr	64	static
../Middlewares/Third_Party/LittleFS/src/lfs.c:1904:12:lfs_dir_commit_commit	8	static
../Middlewares/Third_Party/LittleFS/src/lfs.c:1641:12:lfs_dir_commitcrc	80	static
../Middlewares/Third_Party/LittleFS/src/lfs.c:1924:12:lfs_dir_compact	144	static
../Middlewares/Third_Party/LittleFS/src/lfs.c:1852:12:lfs_dir_split	80	static
../Middlewares/Third_Party/LittleFS/src/lfs.c:2097:12:lfs_dir_splittingcompact	104	static
../Middlewares/Third_Party/LittleFS/src/lfs.c:2205:12:lfs_dir_relocatingcommit	144	static
../Middlewares/Third_Party/LittleFS/src/lfs.c:2378:12:lfs_dir_orphaningcommit	168	static
../Middlewares/Third_Party/LittleFS/src/lfs.c:4930:12:lfs_fs_deorphan	168	static
../Middlewares/Third_Party/LittleFS/src/lfs.c:2571:12:lfs_dir_commit	8	static
../Middlewares/Third_Party/LittleFS/src/lfs.c:4855:12:lfs_fs_desuperblock	88	static
../Middlewares/Third_Party/LittleFS/src/lfs.c:4894:12:lfs_fs_demove	72	static
../Middlewares/Third_Party/LittleFS/src/lfs.c:5061:12:lfs_fs_forceconsistency	8	static
../Middlewares/Third_Party/LittleFS/src/lfs.c:1831:12:lfs_dir_drop	24	static
../Middlewares/Third_Party/LittleFS/src/lfs.c:3395:12:lfs_file_sync_	40	static
../Middlewares/Third_Party/LittleFS/src/lfs.c:5180:12:lfs_fs_grow_	80	static
../Middlewares/Third_Party/LittleFS/src/lfs.c:5082:12:lfs_fs_mkconsistent_	64	static
../Middlewares/Third_Party/LittleFS/src/lfs.c:5130:12:lfs_fs_gc_	48	static
../Middlewares/Third_Party/LittleFS/src/lfs.c:4312:12:lfs_deinit	8	static
../Middlewares/Third_Party/LittleFS/src/lfs.c:4156:12:lfs_init	16	static
../Middlewares/Third_Party/LittleFS/src/lfs.c:4332:12:lfs_format_	104	static
../Middlewares/Third_Party/LittleFS/src/lfs.c:4571:12:lfs_unmount_	8	static
../Middlewares/Third_Party/LittleFS/src/lfs.c:4399:12:lfs_mount_	144	static
../Middlewares/Third_Party/LittleFS/src/lfs.c:3210:12:lfs_file_close_	16	static
../Middlewares/Third_Party/LittleFS/src/lfs.c:1464:19:lfs_dir_find	88	static
../Middlewares/Third_Party/LittleFS/src/lfs.c:3849:12:lfs_remove_	120	static
../Middlewares/Third_Party/LittleFS/src/lfs.c:4065:20:lfs_getattr_	64	static
../Middlewares/Third_Party/LittleFS/src/lfs.c:4099:12:lfs_commitattr	64	static
../Middlewares/Third_Party/LittleFS/src/lfs.c:4123:12:lfs_setattr_	24	static
../Middlewares/Third_Party/LittleFS/src/lfs.c:4134:12:lfs_removeattr_	16	static
../Middlewares/Third_Party/LittleFS/src/lfs.c:2691:12:lfs_dir_open_	48	static
../Middlewares/Third_Party/LittleFS/src/lfs.c:3928:12:lfs_rename_	216	static
../Middlewares/Third_Party/LittleFS/src/lfs.c:3035:12:lfs_file_opencfg_	72	static
../Middlewares/Third_Party/LittleFS/src/lfs.c:3202:12:lfs_file_open_	16	static
../Middlewares/Third_Party/LittleFS/src/lfs.c:2595:12:lfs_mkdir_	184	static
../Middlewares/Third_Party/LittleFS/src/lfs.c:1400:12:lfs_dir_getinfo	40	static
../Middlewares/Third_Party/LittleFS/src/lfs.c:3838:12:lfs_stat_	56	static
../Middlewares/Third_Party/LittleFS/src/lfs.c:2742:12:lfs_dir_read_	16	static
../Middlewares/Third_Party/LittleFS/src/lfs.c:5884:5:lfs_format	16	static
../Middlewares/Third_Party/LittleFS/src/lfs.c:5914:5:lfs_mount	16	static
../Middlewares/Third_Party/LittleFS/src/lfs.c:5943:5:lfs_unmount	16	static
../Middlewares/Third_Party/LittleFS/src/lfs.c:5958:5:lfs_remove	16	static
../Middlewares/Third_Party/LittleFS/src/lfs.c:5974:5:lfs_rename	24	static
../Middlewares/Third_Party/LittleFS/src/lfs.c:5989:5:lfs_stat	24	static
../Middlewares/Third_Party/LittleFS/src/lfs.c:6003:13:lfs_getattr	32	static
../Middlewares/Third_Party/LittleFS/src/lfs.c:6020:5:lfs_setattr	32	static
../Middlewares/Third_Party/LittleFS/src/lfs.c:6038:5:lfs_removeattr	24	static
../Middlewares/Third_Party/LittleFS/src/lfs.c:6054:5:lfs_file_open	24	static
../Middlewares/Third_Party/LittleFS/src/lfs.c:6071:5:lfs_file_opencfg	32	static
../Middlewares/Third_Party/LittleFS/src/lfs.c:6091:5:lfs_file_close	16	static
../Middlewares/Third_Party/LittleFS/src/lfs.c:6107:5:lfs_file_sync	16	static
../Middlewares/Third_Party/LittleFS/src/lfs.c:6123:13:lfs_file_read	24	static
../Middlewares/Third_Party/LittleFS/src/lfs.c:6141:13:lfs_file_write	24	static
../Middlewares/Third_Party/LittleFS/src/lfs.c:6159:12:lfs_file_seek	24	static
../Middlewares/Third_Party/LittleFS/src/lfs.c:6177:5:lfs_file_truncate	24	static
../Middlewares/Third_Party/LittleFS/src/lfs.c:6194:12:lfs_file_tell	16	static
../Middlewares/Third_Party/LittleFS/src/lfs.c:6209:5:lfs_file_rewind	16	static
../Middlewares/Third_Party/LittleFS/src/lfs.c:6223:12:lfs_file_size	16	static
../Middlewares/Third_Party/LittleFS/src/lfs.c:6239:5:lfs_mkdir	16	static
../Middlewares/Third_Party/LittleFS/src/lfs.c:6254:5:lfs_dir_open	24	static
../Middlewares/Third_Party/LittleFS/src/lfs.c:6269:5:lfs_dir_close	16	static
../Middlewares/Third_Party/LittleFS/src/lfs.c:6283:5:lfs_dir_read	24	static
../Middlewares/Third_Party/LittleFS/src/lfs.c:6298:5:lfs_dir_seek	24	static
../Middlewares/Third_Party/LittleFS/src/lfs.c:6313:12:lfs_dir_tell	16	static
../Middlewares/Third_Party/LittleFS/src/lfs.c:6327:5:lfs_dir_rewind	16	static
../Middlewares/Third_Party/LittleFS/src/lfs.c:6341:5:lfs_fs_stat	16	static
../Middlewares/Third_Party/LittleFS/src/lfs.c:6355:13:lfs_fs_size	16	static
../Middlewares/Third_Party/LittleFS/src/lfs.c:6369:5:lfs_fs_traverse	24	static
../Middlewares/Third_Party/LittleFS/src/lfs.c:6385:5:lfs_fs_mkconsistent	16	static
../Middlewares/Third_Party/LittleFS/src/lfs.c:6401:5:lfs_fs_gc	16	static
../Middlewares/Third_Party/LittleFS/src/lfs.c:6417:5:lfs_fs_grow	16	static
