Archive member included to satisfy reference by file (symbol)

/Applications/STM32CubeIDE.app/Contents/Eclipse/plugins/com.st.stm32cube.ide.mcu.externaltools.gnu-tools-for-stm32.12.3.rel1.macos64_1.0.200.202406191456/tools/bin/../lib/gcc/arm-none-eabi/12.3.1/../../../../arm-none-eabi/lib/thumb/v7e-m+fp/hard/libc_nano.a(libc_a-assert.o)
                              ./Middlewares/Third_Party/LittleFS/src/fs_adstractions.o (__assert_func)
/Applications/STM32CubeIDE.app/Contents/Eclipse/plugins/com.st.stm32cube.ide.mcu.externaltools.gnu-tools-for-stm32.12.3.rel1.macos64_1.0.200.202406191456/tools/bin/../lib/gcc/arm-none-eabi/12.3.1/../../../../arm-none-eabi/lib/thumb/v7e-m+fp/hard/libc_nano.a(libc_a-atoi.o)
                              ./Middlewares/Third_Party/mongoose/mongoose.o (atoi)
/Applications/STM32CubeIDE.app/Contents/Eclipse/plugins/com.st.stm32cube.ide.mcu.externaltools.gnu-tools-for-stm32.12.3.rel1.macos64_1.0.200.202406191456/tools/bin/../lib/gcc/arm-none-eabi/12.3.1/../../../../arm-none-eabi/lib/thumb/v7e-m+fp/hard/libc_nano.a(libc_a-exit.o)
                              /Applications/STM32CubeIDE.app/Contents/Eclipse/plugins/com.st.stm32cube.ide.mcu.externaltools.gnu-tools-for-stm32.12.3.rel1.macos64_1.0.200.202406191456/tools/bin/../lib/gcc/arm-none-eabi/12.3.1/../../../../arm-none-eabi/lib/thumb/v7e-m+fp/hard/crt0.o (exit)
/Applications/STM32CubeIDE.app/Contents/Eclipse/plugins/com.st.stm32cube.ide.mcu.externaltools.gnu-tools-for-stm32.12.3.rel1.macos64_1.0.200.202406191456/tools/bin/../lib/gcc/arm-none-eabi/12.3.1/../../../../arm-none-eabi/lib/thumb/v7e-m+fp/hard/libc_nano.a(libc_a-snprintf.o)
                              ./Core/app/http_server_app/src/dashboard.o (snprintf)
/Applications/STM32CubeIDE.app/Contents/Eclipse/plugins/com.st.stm32cube.ide.mcu.externaltools.gnu-tools-for-stm32.12.3.rel1.macos64_1.0.200.202406191456/tools/bin/../lib/gcc/arm-none-eabi/12.3.1/../../../../arm-none-eabi/lib/thumb/v7e-m+fp/hard/libc_nano.a(libc_a-sprintf.o)
                              ./Core/app/mqtt_client_app/src/mqtt_gen_strings.o (sprintf)
/Applications/STM32CubeIDE.app/Contents/Eclipse/plugins/com.st.stm32cube.ide.mcu.externaltools.gnu-tools-for-stm32.12.3.rel1.macos64_1.0.200.202406191456/tools/bin/../lib/gcc/arm-none-eabi/12.3.1/../../../../arm-none-eabi/lib/thumb/v7e-m+fp/hard/libc_nano.a(libc_a-sscanf.o)
                              ./Core/app/mqtt_client_app/src/mqtt.o (sscanf)
/Applications/STM32CubeIDE.app/Contents/Eclipse/plugins/com.st.stm32cube.ide.mcu.externaltools.gnu-tools-for-stm32.12.3.rel1.macos64_1.0.200.202406191456/tools/bin/../lib/gcc/arm-none-eabi/12.3.1/../../../../arm-none-eabi/lib/thumb/v7e-m+fp/hard/libc_nano.a(libc_a-stdio.o)
                              /Applications/STM32CubeIDE.app/Contents/Eclipse/plugins/com.st.stm32cube.ide.mcu.externaltools.gnu-tools-for-stm32.12.3.rel1.macos64_1.0.200.202406191456/tools/bin/../lib/gcc/arm-none-eabi/12.3.1/../../../../arm-none-eabi/lib/thumb/v7e-m+fp/hard/libc_nano.a(libc_a-sscanf.o) (__seofread)
/Applications/STM32CubeIDE.app/Contents/Eclipse/plugins/com.st.stm32cube.ide.mcu.externaltools.gnu-tools-for-stm32.12.3.rel1.macos64_1.0.200.202406191456/tools/bin/../lib/gcc/arm-none-eabi/12.3.1/../../../../arm-none-eabi/lib/thumb/v7e-m+fp/hard/libc_nano.a(libc_a-rand.o)
                              ./Middlewares/Third_Party/mongoose/mongoose.o (srand)
/Applications/STM32CubeIDE.app/Contents/Eclipse/plugins/com.st.stm32cube.ide.mcu.externaltools.gnu-tools-for-stm32.12.3.rel1.macos64_1.0.200.202406191456/tools/bin/../lib/gcc/arm-none-eabi/12.3.1/../../../../arm-none-eabi/lib/thumb/v7e-m+fp/hard/libc_nano.a(libc_a-findfp.o)
                              ./Middlewares/Third_Party/FreeRTOS/Source/tasks.o (__sf)
/Applications/STM32CubeIDE.app/Contents/Eclipse/plugins/com.st.stm32cube.ide.mcu.externaltools.gnu-tools-for-stm32.12.3.rel1.macos64_1.0.200.202406191456/tools/bin/../lib/gcc/arm-none-eabi/12.3.1/../../../../arm-none-eabi/lib/thumb/v7e-m+fp/hard/libc_nano.a(libc_a-fprintf.o)
                              /Applications/STM32CubeIDE.app/Contents/Eclipse/plugins/com.st.stm32cube.ide.mcu.externaltools.gnu-tools-for-stm32.12.3.rel1.macos64_1.0.200.202406191456/tools/bin/../lib/gcc/arm-none-eabi/12.3.1/../../../../arm-none-eabi/lib/thumb/v7e-m+fp/hard/libc_nano.a(libc_a-assert.o) (fiprintf)
/Applications/STM32CubeIDE.app/Contents/Eclipse/plugins/com.st.stm32cube.ide.mcu.externaltools.gnu-tools-for-stm32.12.3.rel1.macos64_1.0.200.202406191456/tools/bin/../lib/gcc/arm-none-eabi/12.3.1/../../../../arm-none-eabi/lib/thumb/v7e-m+fp/hard/libc_nano.a(libc_a-strtol.o)
                              /Applications/STM32CubeIDE.app/Contents/Eclipse/plugins/com.st.stm32cube.ide.mcu.externaltools.gnu-tools-for-stm32.12.3.rel1.macos64_1.0.200.202406191456/tools/bin/../lib/gcc/arm-none-eabi/12.3.1/../../../../arm-none-eabi/lib/thumb/v7e-m+fp/hard/libc_nano.a(libc_a-atoi.o) (_strtol_r)
[...]
Memory Configuration

Name             Origin             Length             Attributes
RAM              0x20000000         0x00020000         xrw
FLASH            0x08000000         0x00080000         xr
*default*        0x00000000         0xffffffff

Linker script and memory map

LOAD /Applications/STM32CubeIDE.app/Contents/Eclipse/plugins/com.st.stm32cube.ide.mcu.externaltools.gnu-tools-for-stm32.12.3.rel1.macos64_1.0.200.202406191456/tools/bin/../lib/gcc/arm-none-eabi/12.3.1/thumb/v7e-m+fp/hard/crti.o
LOAD /Applications/STM32CubeIDE.app/Contents/Eclipse/plugins/com.st.stm32cube.ide.mcu.externaltools.gnu-tools-for-stm32.12.3.rel1.macos64_1.0.200.202406191456/tools/bin/../lib/gcc/arm-none-eabi/12.3.1/thumb/v7e-m+fp/hard/crtbegin.o
LOAD /Applications/STM32CubeIDE.app/Contents/Eclipse/plugins/com.st.stm32cube.ide.mcu.externaltools.gnu-tools-for-stm32.12.3.rel1.macos64_1.0.200.202406191456/tools/bin/../lib/gcc/arm-none-eabi/12.3.1/../../../../arm-none-eabi/lib/thumb/v7e-m+fp/hard/crt0.o
LOAD ./Core/Src/eth.o
LOAD ./Core/Src/freertos.o
LOAD ./Core/Src/gpio.o
LOAD ./Core/Src/main.o
LOAD ./Core/Src/spi.o
LOAD ./Core/Src/stm32f4xx_hal_msp.o
LOAD ./Core/Src/stm32f4xx_hal_timebase_tim.o
LOAD ./Core/Src/stm32f4xx_it.o
LOAD ./Core/Src/syscalls.o
LOAD ./Core/Src/sysmem.o
LOAD ./Core/Src/system_stm32f4xx.o
LOAD ./Core/Startup/startup_stm32f411ceux.o
LOAD ./Core/app/http_server_app/src/dashboard.o
LOAD ./Core/app/mqtt_client_app/src/home_mqtt_gen.o
LOAD ./Core/app/mqtt_client_app/src/mqtt.o
LOAD ./Core/app/mqtt_client_app/src/mqtt_gen_strings.o
LOAD ./Drivers/SPI_FLASH/src/SPI_flash.o
LOAD ./Drivers/STM32F4xx_HAL_Driver/Src/stm32f4xx_hal.o
LOAD ./Drivers/STM32F4xx_HAL_Driver/Src/stm32f4xx_hal_cortex.o
LOAD ./Drivers/STM32F4xx_HAL_Driver/Src/stm32f4xx_hal_dma.o
LOAD ./Drivers/STM32F4xx_HAL_Driver/Src/stm32f4xx_hal_dma_ex.o
LOAD ./Drivers/STM32F4xx_HAL_Driver/Src/stm32f4xx_hal_exti.o
LOAD ./Drivers/STM32F4xx_HAL_Driver/Src/stm32f4xx_hal_flash.o
LOAD ./Drivers/STM32F4xx_HAL_Driver/Src/stm32f4xx_hal_flash_ex.o
LOAD ./Drivers/STM32F4xx_HAL_Driver/Src/stm32f4xx_hal_flash_ramfunc.o
LOAD ./Drivers/STM32F4xx_HAL_Driver/Src/stm32f4xx_hal_gpio.o
LOAD ./Drivers/STM32F4xx_HAL_Driver/Src/stm32f4xx_hal_pwr.o
LOAD ./Drivers/STM32F4xx_HAL_Driver/Src/stm32f4xx_hal_pwr_ex.o
LOAD ./Drivers/STM32F4xx_HAL_Driver/Src/stm32f4xx_hal_rcc.o
LOAD ./Drivers/STM32F4xx_HAL_Driver/Src/stm32f4xx_hal_rcc_ex.o
LOAD ./Drivers/STM32F4xx_HAL_Driver/Src/stm32f4xx_hal_spi.o
LOAD ./Drivers/STM32F4xx_HAL_Driver/Src/stm32f4xx_hal_tim.o
LOAD ./Drivers/STM32F4xx_HAL_Driver/Src/stm32f4xx_hal_tim_ex.o
LOAD ./Middlewares/Third_Party/FreeRTOS/Source/CMSIS_RTOS_V2/cmsis_os2.o
LOAD ./Middlewares/Third_Party/FreeRTOS/Source/croutine.o
LOAD ./Middlewares/Third_Party/FreeRTOS/Source/event_groups.o
LOAD ./Middlewares/Third_Party/FreeRTOS/Source/list.o
LOAD ./Middlewares/Third_Party/FreeRTOS/Source/queue.o
LOAD ./Middlewares/Third_Party/FreeRTOS/Source/stream_buffer.o
LOAD ./Middlewares/Third_Party/FreeRTOS/Source/tasks.o
LOAD ./Middlewares/Third_Party/FreeRTOS/Source/timers.o
LOAD ./Middlewares/Third_Party/FreeRTOS/Source/portable/GCC/ARM_CM4F/port.o
LOAD ./Middlewares/Third_Party/FreeRTOS/Source/portable/MemMang/heap_4.o
LOAD ./Middlewares/Third_Party/LittleFS/src/fs_adstractions.o
LOAD ./Middlewares/Third_Party/LittleFS/src/lfs.o
LOAD ./Middlewares/Third_Party/LittleFS/src/lfs_util.o
LOAD ./Middlewares/Third_Party/mongoose/mongoose.o
LOAD ./Middlewares/Third_Party/validation/src/validation.o
START GROUP
LOAD /Applications/STM32CubeIDE.app/Contents/Eclipse/plugins/com.st.stm32cube.ide.mcu.externaltools.gnu-tools-for-stm32.12.3.rel1.macos64_1.0.200.202406191456/tools/bin/../lib/gcc/arm-none-eabi/12.3.1/../../../../arm-none-eabi/lib/thumb/v7e-m+fp/hard/libstdc++_nano.a
LOAD /Applications/STM32CubeIDE.app/Contents/Eclipse/plugins/com.st.stm32cube.ide.mcu.externaltools.gnu-tools-for-stm32.12.3.rel1.macos64_1.0.200.202406191456/tools/bin/../lib/gcc/arm-none-eabi/12.3.1/../../../../arm-none-eabi/lib/thumb/v7e-m+fp/hard/libsupc++_nano.a
END GROUP
LOAD /Applications/STM32CubeIDE.app/Contents/Eclipse/plugins/com.st.stm32cube.ide.mcu.externaltools.gnu-tools-for-stm32.12.3.rel1.macos64_1.0.200.202406191456/tools/bin/../lib/gcc/arm-none-eabi/12.3.1/../../../../arm-none-eabi/lib/thumb/v7e-m+fp/hard/libstdc++_nano.a
LOAD /Applications/STM32CubeIDE.app/Contents/Eclipse/plugins/com.st.stm32cube.ide.mcu.externaltools.gnu-tools-for-stm32.12.3.rel1.macos64_1.0.200.202406191456/tools/bin/../lib/gcc/arm-none-eabi/12.3.1/../../../../arm-none-eabi/lib/thumb/v7e-m+fp/hard/libm.a
LOAD /Applications/STM32CubeIDE.app/Contents/Eclipse/plugins/com.st.stm32cube.ide.mcu.externaltools.gnu-tools-for-stm32.12.3.rel1.macos64_1.0.200.202406191456/tools/bin/../lib/gcc/arm-none-eabi/12.3.1/../../../../arm-none-eabi/lib/thumb/v7e-m+fp/hard/libc_nano.a
START GROUP
LOAD /Applications/STM32CubeIDE.app/Contents/Eclipse/plugins/com.st.stm32cube.ide.mcu.externaltools.gnu-tools-for-stm32.12.3.rel1.macos64_1.0.200.202406191456/tools/bin/../lib/gcc/arm-none-eabi/12.3.1/thumb/v7e-m+fp/hard/libgcc.a
LOAD /Applications/STM32CubeIDE.app/Contents/Eclipse/plugins/com.st.stm32cube.ide.mcu.externaltools.gnu-tools-for-stm32.12.3.rel1.macos64_1.0.200.202406191456/tools/bin/../lib/gcc/arm-none-eabi/12.3.1/../../../../arm-none-eabi/lib/thumb/v7e-m+fp/hard/libc_nano.a
END GROUP
START GROUP
LOAD /Applications/STM32CubeIDE.app/Contents/Eclipse/plugins/com.st.stm32cube.ide.mcu.externaltools.gnu-tools-for-stm32.12.3.rel1.macos64_1.0.200.202406191456/tools/bin/../lib/gcc/arm-none-eabi/12.3.1/thumb/v7e-m+fp/hard/libgcc.a
LOAD /Applications/STM32CubeIDE.app/Contents/Eclipse/plugins/com.st.stm32cube.ide.mcu.externaltools.gnu-tools-for-stm32.12.3.rel1.macos64_1.0.200.202406191456/tools/bin/../lib/gcc/arm-none-eabi/12.3.1/../../../../arm-none-eabi/lib/thumb/v7e-m+fp/hard/libc_nano.a
LOAD /Applications/STM32CubeIDE.app/Contents/Eclipse/plugins/com.st.stm32cube.ide.mcu.externaltools.gnu-tools-for-stm32.12.3.rel1.macos64_1.0.200.202406191456/tools/bin/../lib/gcc/arm-none-eabi/12.3.1/../../../../arm-none-eabi/lib/thumb/v7e-m+fp/hard/libnosys.a
END GROUP
START GROUP
LOAD /Applications/STM32CubeIDE.app/Contents/Eclipse/plugins/com.st.stm32cube.ide.mcu.externaltools.gnu-tools-for-stm32.12.3.rel1.macos64_1.0.200.202406191456/tools/bin/../lib/gcc/arm-none-eabi/12.3.1/thumb/v7e-m+fp/hard/libgcc.a
LOAD /Applications/STM32CubeIDE.app/Contents/Eclipse/plugins/com.st.stm32cube.ide.mcu.externaltools.gnu-tools-for-stm32.12.3.rel1.macos64_1.0.200.202406191456/tools/bin/../lib/gcc/arm-none-eabi/12.3.1/../../../../arm-none-eabi/lib/thumb/v7e-m+fp/hard/libc_nano.a
LOAD /Applications/STM32CubeIDE.app/Contents/Eclipse/plugins/com.st.stm32cube.ide.mcu.externaltools.gnu-tools-for-stm32.12.3.rel1.macos64_1.0.200.202406191456/tools/bin/../lib/gcc/arm-none-eabi/12.3.1/../../../../arm-none-eabi/lib/thumb/v7e-m+fp/hard/libnosys.a
END GROUP
LOAD /Applications/STM32CubeIDE.app/Contents/Eclipse/plugins/com.st.stm32cube.ide.mcu.externaltools.gnu-tools-for-stm32.12.3.rel1.macos64_1.0.200.202406191456/tools/bin/../lib/gcc/arm-none-eabi/12.3.1/thumb/v7e-m+fp/hard/crtend.o
LOAD /Applications/STM32CubeIDE.app/Contents/Eclipse/plugins/com.st.stm32cube.ide.mcu.externaltools.gnu-tools-for-stm32.12.3.rel1.macos64_1.0.200.202406191456/tools/bin/../lib/gcc/arm-none-eabi/12.3.1/thumb/v7e-m+fp/hard/crtn.o
                0x20020000                        _estack = (ORIGIN (RAM) + LENGTH (RAM))
                0x00000200                        _Min_Heap_Size = 0x200
                0x00000400                        _Min_Stack_Size = 0x400

.isr_vector     0x08000000      0x198
                0x08000000                        . = ALIGN (0x4)
 *(.isr_vector)
 .isr_vector    0x08000000      0x198 ./Core/Startup/startup_stm32f411ceux.o
                0x08000000                g_pfnVectors
                0x08000198                        . = ALIGN (0x4)

.text           0x080001a0    0x22824
                0x080001a0                        . = ALIGN (0x4)
 *(.text)
 .text          0x080001a0       0x40 /Applications/STM32CubeIDE.app/Contents/Eclipse/plugins/com.st.stm32cube.ide.mcu.externaltools.gnu-tools-for-stm32.12.3.rel1.macos64_1.0.200.202406191456/tools/bin/../lib/gcc/arm-none-eabi/12.3.1/thumb/v7e-m+fp/hard/crtbegin.o
 .text          0x080001e0       0xa0 /Applications/STM32CubeIDE.app/Contents/Eclipse/plugins/com.st.stm32cube.ide.mcu.externaltools.gnu-tools-for-stm32.12.3.rel1.macos64_1.0.200.202406191456/tools/bin/../lib/gcc/arm-none-eabi/12.3.1/../../../../arm-none-eabi/lib/thumb/v7e-m+fp/hard/libc_nano.a(libc_a-memchr.o)
                0x080001e0                memchr
 .text          0x08000280       0x10 /Applications/STM32CubeIDE.app/Contents/Eclipse/plugins/com.st.stm32cube.ide.mcu.externaltools.gnu-tools-for-stm32.12.3.rel1.macos64_1.0.200.202406191456/tools/bin/../lib/gcc/arm-none-eabi/12.3.1/../../../../arm-none-eabi/lib/thumb/v7e-m+fp/hard/libc_nano.a(libc_a-strlen.o)
                0x08000280                strlen
 .text          0x08000290       0x14 /Applications/STM32CubeIDE.app/Contents/Eclipse/plugins/com.st.stm32cube.ide.mcu.externaltools.gnu-tools-for-stm32.12.3.rel1.macos64_1.0.200.202406191456/tools/bin/../lib/gcc/arm-none-eabi/12.3.1/../../../../arm-none-eabi/lib/thumb/v7e-m+fp/hard/libc_nano.a(libc_a-strcmp.o)
                0x08000290                strcmp
 .text          0x080002a4      0x378 /Applications/STM32CubeIDE.app/Contents/Eclipse/plugins/com.st.stm32cube.ide.mcu.externaltools.gnu-tools-for-stm32.12.3.rel1.macos64_1.0.200.202406191456/tools/bin/../lib/gcc/arm-none-eabi/12.3.1/thumb/v7e-m+fp/hard/libgcc.a(_arm_addsubdf3.o)
                0x080002a4                __aeabi_drsub
                0x080002ac                __subdf3
                0x080002ac                __aeabi_dsub
                0x080002b0                __aeabi_dadd
                0x080002b0                __adddf3
                0x08000528                __aeabi_ui2d
                0x08000528                __floatunsidf
                0x08000548                __floatsidf
                0x08000548                __aeabi_i2d
                0x0800056c                __extendsfdf2
                0x0800056c                __aeabi_f2d
                0x080005b0                __aeabi_ul2d
                0x080005b0                __floatundidf
                0x080005c0                __aeabi_l2d
                0x080005c0                __floatdidf
 .text          0x0800061c      0x424 /Applications/STM32CubeIDE.app/Contents/Eclipse/plugins/com.st.stm32cube.ide.mcu.externaltools.gnu-tools-for-stm32.12.3.rel1.macos64_1.0.200.202406191456/tools/bin/../lib/gcc/arm-none-eabi/12.3.1/thumb/v7e-m+fp/hard/libgcc.a(_arm_muldivdf3.o)
                0x0800061c                __aeabi_dmul
                0x0800061c                __muldf3
                0x08000870                __aeabi_ddiv
                0x08000870                __divdf3
 .text          0x08000a40      0x110 /Applications/STM32CubeIDE.app/Contents/Eclipse/plugins/com.st.stm32cube.ide.mcu.externaltools.gnu-tools-for-stm32.12.3.rel1.macos64_1.0.200.202406191456/tools/bin/../lib/gcc/arm-none-eabi/12.3.1/thumb/v7e-m+fp/hard/libgcc.a(_arm_cmpdf2.o)
                0x08000a40                __gedf2
                0x08000a40                __gtdf2
                0x08000a48                __ledf2
                0x08000a48                __ltdf2
                0x08000a50                __cmpdf2
                0x08000a50                __eqdf2
                0x08000a50                __nedf2
                0x08000acc                __aeabi_cdrcmple
                0x08000adc                __aeabi_cdcmple
                0x08000adc                __aeabi_cdcmpeq
                0x08000aec                __aeabi_dcmpeq
                0x08000b00                __aeabi_dcmplt
                0x08000b14                __aeabi_dcmple
                0x08000b28                __aeabi_dcmpge
                0x08000b3c                __aeabi_dcmpgt
 .text          0x08000b50       0x50 /Applications/STM32CubeIDE.app/Contents/Eclipse/plugins/com.st.stm32cube.ide.mcu.externaltools.gnu-tools-for-stm32.12.3.rel1.macos64_1.0.200.202406191456/tools/bin/../lib/gcc/arm-none-eabi/12.3.1/thumb/v7e-m+fp/hard/libgcc.a(_arm_fixdfsi.o)
                0x08000b50                __fixdfsi
                0x08000b50                __aeabi_d2iz
 .text          0x08000ba0       0x40 /Applications/STM32CubeIDE.app/Contents/Eclipse/plugins/com.st.stm32cube.ide.mcu.externaltools.gnu-tools-for-stm32.12.3.rel1.macos64_1.0.200.202406191456/tools/bin/../lib/gcc/arm-none-eabi/12.3.1/thumb/v7e-m+fp/hard/libgcc.a(_arm_fixunsdfsi.o)
                0x08000ba0                __fixunsdfsi
                0x08000ba0                __aeabi_d2uiz
 .text          0x08000be0       0x30 /Applications/STM32CubeIDE.app/Contents/Eclipse/plugins/com.st.stm32cube.ide.mcu.externaltools.gnu-tools-for-stm32.12.3.rel1.macos64_1.0.200.202406191456/tools/bin/../lib/gcc/arm-none-eabi/12.3.1/thumb/v7e-m+fp/hard/libgcc.a(_aeabi_uldivmod.o)
                0x08000be0                __aeabi_uldivmod
 .text          0x08000c10       0x28 /Applications/STM32CubeIDE.app/Contents/Eclipse/plugins/com.st.stm32cube.ide.mcu.externaltools.gnu-tools-for-stm32.12.3.rel1.macos64_1.0.200.202406191456/tools/bin/../lib/gcc/arm-none-eabi/12.3.1/thumb/v7e-m+fp/hard/libgcc.a(_popcountsi2.o)
                0x08000c10                __popcountsi2
 .text          0x08000c38      0x2bc /Applications/STM32CubeIDE.app/Contents/Eclipse/plugins/com.st.stm32cube.ide.mcu.externaltools.gnu-tools-for-stm32.12.3.rel1.macos64_1.0.200.202406191456/tools/bin/../lib/gcc/arm-none-eabi/12.3.1/thumb/v7e-m+fp/hard/libgcc.a(_udivmoddi4.o)
                0x08000c38                __udivmoddi4
 .text          0x08000ef4        0x4 /Applications/STM32CubeIDE.app/Contents/Eclipse/plugins/com.st.stm32cube.ide.mcu.externaltools.gnu-tools-for-stm32.12.3.rel1.macos64_1.0.200.202406191456/tools/bin/../lib/gcc/arm-none-eabi/12.3.1/thumb/v7e-m+fp/hard/libgcc.a(_dvmd_tls.o)
                0x08000ef4                __aeabi_ldiv0
                0x08000ef4                __aeabi_idiv0
 *(.text*)
 .text.MX_FREERTOS_Init
                0x08000ef8      0x100 ./Core/Src/freertos.o
                0x08000ef8                MX_FREERTOS_Init
 .text.StartEthTask
                0x08000ff8      0x268 ./Core/Src/freertos.o
                0x08000ff8                StartEthTask
 .text.StartIOTask
                0x08001260      0x1c8 ./Core/Src/freertos.o
                0x08001260                StartIOTask
 .text.StartDisplayTask
                0x08001428       0x10 ./Core/Src/freertos.o
                0x08001428                StartDisplayTask
 .text.StartSettingsTask
                0x08001438      0x148 ./Core/Src/freertos.o
                0x08001438                StartSettingsTask
 .text.EthResetBegin
                0x08001580       0x18 ./Core/Src/freertos.o
                0x08001580                EthResetBegin
 .text.EthResetEnd
                0x08001598       0x18 ./Core/Src/freertos.o
                0x08001598                EthResetEnd
 .text.EthBegin
                0x080015b0       0x34 ./Core/Src/freertos.o
                0x080015b0                EthBegin
 .text.EthEnd   0x080015e4       0x30 ./Core/Src/freertos.o
                0x080015e4                EthEnd
 .text.EthTxn   0x08001614       0x30 ./Core/Src/freertos.o
                0x08001614                EthTxn
 .text.FlashBegin
                0x08001644       0x2c ./Core/Src/freertos.o
                0x08001644                FlashBegin
 .text.FlashEnd
                0x08001670       0x28 ./Core/Src/freertos.o
                0x08001670                FlashEnd
 .text.SendByteSPI2
                0x08001698       0x24 ./Core/Src/freertos.o
                0x08001698                SendByteSPI2
 .text.RecvBuffSPI2
                0x080016bc       0x28 ./Core/Src/freertos.o
                0x080016bc                RecvBuffSPI2
 .text.FS_Lock  0x080016e4       0x24 ./Core/Src/freertos.o
                0x080016e4                FS_Lock
 .text.FS_Unlock
                0x08001708       0x20 ./Core/Src/freertos.o
                0x08001708                FS_Unlock
 .text.RW_parameters_from_queue
                0x08001728       0xbc ./Core/Src/freertos.o
                0x08001728                RW_parameters_from_queue
 .text.MX_GPIO_Init
                0x080017e4      0x114 ./Core/Src/gpio.o
                0x080017e4                MX_GPIO_Init
 .text.main     0x080018f8       0x24 ./Core/Src/main.o
                0x080018f8                main
 .text.SystemClock_Config
                0x0800191c       0xd0 ./Core/Src/main.o
                0x0800191c                SystemClock_Config
 .text.HAL_TIM_PeriodElapsedCallback
                0x080019ec       0x24 ./Core/Src/main.o
                0x080019ec                HAL_TIM_PeriodElapsedCallback
 .text.Error_Handler
                0x08001a10        0xc ./Core/Src/main.o
                0x08001a10                Error_Handler
 .text.MX_SPI2_Init
                0x08001a1c       0x6c ./Core/Src/spi.o
                0x08001a1c                MX_SPI2_Init
 .text.HAL_SPI_MspInit
                0x08001a88       0x90 ./Core/Src/spi.o
                0x08001a88                HAL_SPI_MspInit
 .text.HAL_MspInit
                0x08001b18       0x58 ./Core/Src/stm32f4xx_hal_msp.o
                0x08001b18                HAL_MspInit
 .text.HAL_InitTick
                0x08001b70       0xe4 ./Core/Src/stm32f4xx_hal_timebase_tim.o
                0x08001b70                HAL_InitTick
 .text.NMI_Handler
                0x08001c54        0x8 ./Core/Src/stm32f4xx_it.o
                0x08001c54                NMI_Handler
 .text.HardFault_Handler
                0x08001c5c        0x8 ./Core/Src/stm32f4xx_it.o
                0x08001c5c                HardFault_Handler
 .text.MemManage_Handler
                0x08001c64        0x8 ./Core/Src/stm32f4xx_it.o
                0x08001c64                MemManage_Handler
 .text.BusFault_Handler
                0x08001c6c        0x8 ./Core/Src/stm32f4xx_it.o
                0x08001c6c                BusFault_Handler
 .text.UsageFault_Handler
                0x08001c74        0x8 ./Core/Src/stm32f4xx_it.o
                0x08001c74                UsageFault_Handler
 .text.DebugMon_Handler
                0x08001c7c        0xe ./Core/Src/stm32f4xx_it.o
                0x08001c7c                DebugMon_Handler
 *fill*         0x08001c8a        0x2 
 .text.TIM1_BRK_TIM9_IRQHandler
                0x08001c8c       0x14 ./Core/Src/stm32f4xx_it.o
                0x08001c8c                TIM1_BRK_TIM9_IRQHandler
 .text._getpid  0x08001ca0       0x10 ./Core/Src/syscalls.o
                0x08001ca0                _getpid
 .text._kill    0x08001cb0       0x20 ./Core/Src/syscalls.o
                0x08001cb0                _kill
 .text._exit    0x08001cd0       0x16 ./Core/Src/syscalls.o
                0x08001cd0                _exit
 .text._read    0x08001ce6       0x3a ./Core/Src/syscalls.o
                0x08001ce6                _read
 .text._write   0x08001d20       0x38 ./Core/Src/syscalls.o
                0x08001d20                _write
 .text._close   0x08001d58       0x18 ./Core/Src/syscalls.o
                0x08001d58                _close
 .text._fstat   0x08001d70       0x20 ./Core/Src/syscalls.o
                0x08001d70                _fstat
 .text._isatty  0x08001d90       0x16 ./Core/Src/syscalls.o
                0x08001d90                _isatty
 .text._lseek   0x08001da6       0x1a ./Core/Src/syscalls.o
                0x08001da6                _lseek
 .text._sbrk    0x08001dc0       0x6c ./Core/Src/sysmem.o
                0x08001dc0                _sbrk
 .text.SystemInit
                0x08001e2c       0x24 ./Core/Src/system_stm32f4xx.o
                0x08001e2c                SystemInit
 .text.Reset_Handler
                0x08001e50       0x50 ./Core/Startup/startup_stm32f411ceux.o
                0x08001e50                Reset_Handler
 .text.Default_Handler
                0x08001ea0        0x2 ./Core/Startup/startup_stm32f411ceux.o
                0x08001ea0                DMA1_Stream3_IRQHandler
                0x08001ea0                EXTI2_IRQHandler
                0x08001ea0                SPI4_IRQHandler
                0x08001ea0                TIM1_CC_IRQHandler
                0x08001ea0                DMA2_Stream5_IRQHandler
                0x08001ea0                DMA1_Stream5_IRQHandler
                0x08001ea0                PVD_IRQHandler
                0x08001ea0                SDIO_IRQHandler
                0x08001ea0                TAMP_STAMP_IRQHandler
                0x08001ea0                EXTI3_IRQHandler
                0x08001ea0                TIM1_UP_TIM10_IRQHandler
                0x08001ea0                I2C3_ER_IRQHandler
                0x08001ea0                EXTI0_IRQHandler
                0x08001ea0                I2C2_EV_IRQHandler
                0x08001ea0                DMA1_Stream2_IRQHandler
                0x08001ea0                FPU_IRQHandler
                0x08001ea0                DMA2_Stream2_IRQHandler
                0x08001ea0                SPI1_IRQHandler
                0x08001ea0                DMA2_Stream3_IRQHandler
                0x08001ea0                USART6_IRQHandler
                0x08001ea0                DMA2_Stream0_IRQHandler
                0x08001ea0                TIM4_IRQHandler
                0x08001ea0                I2C1_EV_IRQHandler
                0x08001ea0                DMA1_Stream6_IRQHandler
                0x08001ea0                DMA1_Stream1_IRQHandler
                0x08001ea0                TIM3_IRQHandler
                0x08001ea0                RCC_IRQHandler
                0x08001ea0                Default_Handler
                0x08001ea0                EXTI15_10_IRQHandler
                0x08001ea0                ADC_IRQHandler
                0x08001ea0                DMA1_Stream7_IRQHandler
                0x08001ea0                SPI5_IRQHandler
                0x08001ea0                TIM5_IRQHandler
                0x08001ea0                DMA2_Stream7_IRQHandler
                0x08001ea0                I2C3_EV_IRQHandler
                0x08001ea0                EXTI9_5_IRQHandler
                0x08001ea0                RTC_WKUP_IRQHandler
                0x08001ea0                SPI2_IRQHandler
                0x08001ea0                DMA1_Stream0_IRQHandler
                0x08001ea0                EXTI4_IRQHandler
                0x08001ea0                WWDG_IRQHandler
                0x08001ea0                TIM2_IRQHandler
                0x08001ea0                OTG_FS_WKUP_IRQHandler
                0x08001ea0                TIM1_TRG_COM_TIM11_IRQHandler
                0x08001ea0                EXTI1_IRQHandler
                0x08001ea0                USART2_IRQHandler
                0x08001ea0                I2C2_ER_IRQHandler
                0x08001ea0                DMA2_Stream1_IRQHandler
                0x08001ea0                FLASH_IRQHandler
                0x08001ea0                DMA2_Stream4_IRQHandler
                0x08001ea0                USART1_IRQHandler
                0x08001ea0                OTG_FS_IRQHandler
                0x08001ea0                SPI3_IRQHandler
                0x08001ea0                DMA1_Stream4_IRQHandler
                0x08001ea0                I2C1_ER_IRQHandler
                0x08001ea0                DMA2_Stream6_IRQHandler
                0x08001ea0                RTC_Alarm_IRQHandler
 .text.mg_calloc
                0x08001ea2       0x3e ./Core/app/http_server_app/src/dashboard.o
 .text.handle_ram_status_get
                0x08001ee0       0x4c ./Core/app/http_server_app/src/dashboard.o
 .text.calc_file_md5sum
                0x08001f2c      0x11c ./Core/app/http_server_app/src/dashboard.o
 .text.handle_io_status_get
                0x08002048      0x1bc ./Core/app/http_server_app/src/dashboard.o
 .text.handle_mqtt_conf
                0x08002204      0x300 ./Core/app/http_server_app/src/dashboard.o
 .text.handle_dev_status
                0x08002504      0x3d8 ./Core/app/http_server_app/src/dashboard.o
 .text.handle_OPTIONS_method
                0x080028dc       0x24 ./Core/app/http_server_app/src/dashboard.o
 .text.handle_restart_mcu
                0x08002900       0x8c ./Core/app/http_server_app/src/dashboard.o
 .text.handle_firmware_upload
                0x0800298c       0xb4 ./Core/app/http_server_app/src/dashboard.o
 .text.handle_firmware_md5
                0x08002a40       0x9c ./Core/app/http_server_app/src/dashboard.o
 .text.handle_firmware_activate
                0x08002adc       0xf0 ./Core/app/http_server_app/src/dashboard.o
 .text.handle_firmware_deactivate
                0x08002bcc       0x8c ./Core/app/http_server_app/src/dashboard.o
 .text.handle_web_files_remove
                0x08002c58       0x7c ./Core/app/http_server_app/src/dashboard.o
 .text.handle_fs_mkdir
                0x08002cd4      0x114 ./Core/app/http_server_app/src/dashboard.o
 .text.dashboard
                0x08002de8      0x32c ./Core/app/http_server_app/src/dashboard.o
 .text.dash_hdl
                0x08003114       0x14 ./Core/app/http_server_app/src/dashboard.o
                0x08003114                dash_hdl
 .text.reg_parameter_handler
                0x08003128       0x20 ./Core/app/http_server_app/src/dashboard.o
                0x08003128                reg_parameter_handler
 .text._ZL9my_callocjj
                0x08003148       0x3c ./Core/app/mqtt_client_app/src/mqtt.o
 .text._ZL27mqtt_send_registration_dataP13mg_connectionPK10SensorInfoj
                0x08003184      0x100 ./Core/app/mqtt_client_app/src/mqtt.o
 .text._ZL19mqtt_send_io_statusP13mg_connectionb
                0x08003284      0x1e8 ./Core/app/mqtt_client_app/src/mqtt.o
 .text._ZL20mqtt_subscrabe_on_swP13mg_connectionPK10SensorInfoj
                0x0800346c       0x90 ./Core/app/mqtt_client_app/src/mqtt.o
 .text._ZL29mqtt_subscrabe_recv_cmd_parceP15mg_mqtt_message
                0x080034fc      0x234 ./Core/app/mqtt_client_app/src/mqtt.o
 .text._ZL39mqtt_pereodic_status_send_timer_handlerPv
                0x08003730       0x2c ./Core/app/mqtt_client_app/src/mqtt.o
 .text._ZL18mqtt_event_handlerP13mg_connectioniPv
                0x0800375c       0xcc ./Core/app/mqtt_client_app/src/mqtt.o
 .text._ZL18mqtt_timer_handlerPv
                0x08003828       0xa0 ./Core/app/mqtt_client_app/src/mqtt.o
 .text._ZL33mqtt_timer_handler_cher_io_statusPv
                0x080038c8       0x34 ./Core/app/mqtt_client_app/src/mqtt.o
 .text.get_mqtt_connection
                0x080038fc       0x18 ./Core/app/mqtt_client_app/src/mqtt.o
                0x080038fc                get_mqtt_connection
 .text.mqtt_init
                0x08003914      0x19c ./Core/app/mqtt_client_app/src/mqtt.o
                0x08003914                mqtt_init
 .text._ZL9my_callocjj
                0x08003ab0       0x3c ./Core/app/mqtt_client_app/src/mqtt_gen_strings.o
 .text.set_device_id
                0x08003aec       0x80 ./Core/app/mqtt_client_app/src/mqtt_gen_strings.o
                0x08003aec                set_device_id
 .text.set_device_conf_ip
                0x08003b6c       0x54 ./Core/app/mqtt_client_app/src/mqtt_gen_strings.o
                0x08003b6c                set_device_conf_ip
 .text.get_config_topik_string
                0x08003bc0      0x1b4 ./Core/app/mqtt_client_app/src/mqtt_gen_strings.o
                0x08003bc0                get_config_topik_string
 .text.get_config_payload_string
                0x08003d74      0x4bc ./Core/app/mqtt_client_app/src/mqtt_gen_strings.o
                0x08003d74                get_config_payload_string
 .text.gen_bin_sensor_status_payload_JSON
                0x08004230       0x88 ./Core/app/mqtt_client_app/src/mqtt_gen_strings.o
                0x08004230                gen_bin_sensor_status_payload_JSON
 .text.generate_comand_topik_for_subscrabe
                0x080042b8       0x54 ./Core/app/mqtt_client_app/src/mqtt_gen_strings.o
                0x080042b8                generate_comand_topik_for_subscrabe
 .text.generate_status_topik
                0x0800430c       0x84 ./Core/app/mqtt_client_app/src/mqtt_gen_strings.o
                0x0800430c                generate_status_topik
 .text.function_prototype
                0x08004390        0xe ./Drivers/SPI_FLASH/src/SPI_flash.o
                0x08004390                function_prototype
 *fill*         0x0800439e        0x2 
 .text.SPI_flash_reg_cb
                0x080043a0       0x58 ./Drivers/SPI_FLASH/src/SPI_flash.o
                0x080043a0                SPI_flash_reg_cb
 .text.sFLASH_Reset
                0x080043f8       0x1c ./Drivers/SPI_FLASH/src/SPI_flash.o
                0x080043f8                sFLASH_Reset
 .text.sFLASH_Init
                0x08004414       0x1e ./Drivers/SPI_FLASH/src/SPI_flash.o
                0x08004414                sFLASH_Init
 *fill*         0x08004432        0x2 
 .text.sFLASH_GetInfo
                0x08004434      0x170 ./Drivers/SPI_FLASH/src/SPI_flash.o
                0x08004434                sFLASH_GetInfo
 .text.sFLASH_CS_LOW
                0x080045a4       0x14 ./Drivers/SPI_FLASH/src/SPI_flash.o
                0x080045a4                sFLASH_CS_LOW
 .text.sFLASH_CS_HIGH
                0x080045b8       0x14 ./Drivers/SPI_FLASH/src/SPI_flash.o
                0x080045b8                sFLASH_CS_HIGH
 .text.sFLASH_EraseSector
                0x080045cc       0x48 ./Drivers/SPI_FLASH/src/SPI_flash.o
                0x080045cc                sFLASH_EraseSector
 .text.sFLASH_WritePage
                0x08004614       0x6a ./Drivers/SPI_FLASH/src/SPI_flash.o
                0x08004614                sFLASH_WritePage
 .text.sFLASH_WriteBuffer
                0x0800467e      0x152 ./Drivers/SPI_FLASH/src/SPI_flash.o
                0x0800467e                sFLASH_WriteBuffer
 .text.sFLASH_ReadBuffer
                0x080047d0       0xa4 ./Drivers/SPI_FLASH/src/SPI_flash.o
                0x080047d0                sFLASH_ReadBuffer
 .text.sFLASH_ReadID
                0x08004874       0x66 ./Drivers/SPI_FLASH/src/SPI_flash.o
                0x08004874                sFLASH_ReadID
 *fill*         0x080048da        0x2 
 .text.sFLASH_ReadByte
                0x080048dc       0x20 ./Drivers/SPI_FLASH/src/SPI_flash.o
                0x080048dc                sFLASH_ReadByte
 .text.sFLASH_SPI_ReadBuffer
                0x080048fc       0x24 ./Drivers/SPI_FLASH/src/SPI_flash.o
 .text.sFLASH_SendByte
                0x08004920       0x20 ./Drivers/SPI_FLASH/src/SPI_flash.o
                0x08004920                sFLASH_SendByte
 .text.sFLASH_WriteEnable
                0x08004940       0x16 ./Drivers/SPI_FLASH/src/SPI_flash.o
                0x08004940                sFLASH_WriteEnable
 .text.sFLASH_WaitForWriteEnd
                0x08004956       0x38 ./Drivers/SPI_FLASH/src/SPI_flash.o
                0x08004956                sFLASH_WaitForWriteEnd
 *fill*         0x0800498e        0x2 
 .text.HAL_Init
                0x08004990       0x44 ./Drivers/STM32F4xx_HAL_Driver/Src/stm32f4xx_hal.o
                0x08004990                HAL_Init
 .text.HAL_IncTick
                0x080049d4       0x28 ./Drivers/STM32F4xx_HAL_Driver/Src/stm32f4xx_hal.o
                0x080049d4                HAL_IncTick
 .text.HAL_GetTick
                0x080049fc       0x18 ./Drivers/STM32F4xx_HAL_Driver/Src/stm32f4xx_hal.o
                0x080049fc                HAL_GetTick
 .text.HAL_Delay
                0x08004a14       0x48 ./Drivers/STM32F4xx_HAL_Driver/Src/stm32f4xx_hal.o
                0x08004a14                HAL_Delay
 .text.__NVIC_SetPriorityGrouping
                0x08004a5c       0x48 ./Drivers/STM32F4xx_HAL_Driver/Src/stm32f4xx_hal_cortex.o
 .text.__NVIC_GetPriorityGrouping
                0x08004aa4       0x1c ./Drivers/STM32F4xx_HAL_Driver/Src/stm32f4xx_hal_cortex.o
 .text.__NVIC_EnableIRQ
                0x08004ac0       0x3c ./Drivers/STM32F4xx_HAL_Driver/Src/stm32f4xx_hal_cortex.o
 .text.__NVIC_SetPriority
                0x08004afc       0x54 ./Drivers/STM32F4xx_HAL_Driver/Src/stm32f4xx_hal_cortex.o
 .text.NVIC_EncodePriority
                0x08004b50       0x66 ./Drivers/STM32F4xx_HAL_Driver/Src/stm32f4xx_hal_cortex.o
 *fill*         0x08004bb6        0x2 
 .text.__NVIC_SystemReset
                0x08004bb8       0x2c ./Drivers/STM32F4xx_HAL_Driver/Src/stm32f4xx_hal_cortex.o
 .text.HAL_NVIC_SetPriorityGrouping
                0x08004be4       0x16 ./Drivers/STM32F4xx_HAL_Driver/Src/stm32f4xx_hal_cortex.o
                0x08004be4                HAL_NVIC_SetPriorityGrouping
 .text.HAL_NVIC_SetPriority
                0x08004bfa       0x38 ./Drivers/STM32F4xx_HAL_Driver/Src/stm32f4xx_hal_cortex.o
                0x08004bfa                HAL_NVIC_SetPriority
 .text.HAL_NVIC_EnableIRQ
                0x08004c32       0x1c ./Drivers/STM32F4xx_HAL_Driver/Src/stm32f4xx_hal_cortex.o
                0x08004c32                HAL_NVIC_EnableIRQ
 .text.HAL_NVIC_SystemReset
                0x08004c4e        0x8 ./Drivers/STM32F4xx_HAL_Driver/Src/stm32f4xx_hal_cortex.o
                0x08004c4e                HAL_NVIC_SystemReset
 *fill*         0x08004c56        0x2 
 .text.HAL_GPIO_Init
                0x08004c58      0x308 ./Drivers/STM32F4xx_HAL_Driver/Src/stm32f4xx_hal_gpio.o
                0x08004c58                HAL_GPIO_Init
 .text.HAL_GPIO_ReadPin
                0x08004f60       0x30 ./Drivers/STM32F4xx_HAL_Driver/Src/stm32f4xx_hal_gpio.o
                0x08004f60                HAL_GPIO_ReadPin
 .text.HAL_GPIO_WritePin
                0x08004f90       0x32 ./Drivers/STM32F4xx_HAL_Driver/Src/stm32f4xx_hal_gpio.o
                0x08004f90                HAL_GPIO_WritePin
 *fill*         0x08004fc2        0x2 
 .text.HAL_RCC_OscConfig
                0x08004fc4      0x4f0 ./Drivers/STM32F4xx_HAL_Driver/Src/stm32f4xx_hal_rcc.o
                0x08004fc4                HAL_RCC_OscConfig
 .text.HAL_RCC_ClockConfig
                0x080054b4      0x1cc ./Drivers/STM32F4xx_HAL_Driver/Src/stm32f4xx_hal_rcc.o
                0x080054b4                HAL_RCC_ClockConfig
 .text.HAL_RCC_GetSysClockFreq
                0x08005680      0x20c ./Drivers/STM32F4xx_HAL_Driver/Src/stm32f4xx_hal_rcc.o
                0x08005680                HAL_RCC_GetSysClockFreq
 .text.HAL_RCC_GetHCLKFreq
                0x0800588c       0x18 ./Drivers/STM32F4xx_HAL_Driver/Src/stm32f4xx_hal_rcc.o
                0x0800588c                HAL_RCC_GetHCLKFreq
 .text.HAL_RCC_GetPCLK2Freq
                0x080058a4       0x28 ./Drivers/STM32F4xx_HAL_Driver/Src/stm32f4xx_hal_rcc.o
                0x080058a4                HAL_RCC_GetPCLK2Freq
 .text.HAL_RCC_GetClockConfig
                0x080058cc       0x64 ./Drivers/STM32F4xx_HAL_Driver/Src/stm32f4xx_hal_rcc.o
                0x080058cc                HAL_RCC_GetClockConfig
 .text.HAL_SPI_Init
                0x08005930      0x112 ./Drivers/STM32F4xx_HAL_Driver/Src/stm32f4xx_hal_spi.o
                0x08005930                HAL_SPI_Init
 .text.HAL_SPI_Transmit
                0x08005a42      0x288 ./Drivers/STM32F4xx_HAL_Driver/Src/stm32f4xx_hal_spi.o
                0x08005a42                HAL_SPI_Transmit
 .text.HAL_SPI_Receive
                0x08005cca      0x232 ./Drivers/STM32F4xx_HAL_Driver/Src/stm32f4xx_hal_spi.o
                0x08005cca                HAL_SPI_Receive
 .text.HAL_SPI_TransmitReceive
                0x08005efc      0x352 ./Drivers/STM32F4xx_HAL_Driver/Src/stm32f4xx_hal_spi.o
                0x08005efc                HAL_SPI_TransmitReceive
 *fill*         0x0800624e        0x2 
 .text.SPI_WaitFlagStateUntilTimeout
                0x08006250      0x110 ./Drivers/STM32F4xx_HAL_Driver/Src/stm32f4xx_hal_spi.o
 .text.SPI_EndRxTransaction
                0x08006360       0xca ./Drivers/STM32F4xx_HAL_Driver/Src/stm32f4xx_hal_spi.o
 *fill*         0x0800642a        0x2 
 .text.SPI_EndRxTxTransaction
                0x0800642c       0xa8 ./Drivers/STM32F4xx_HAL_Driver/Src/stm32f4xx_hal_spi.o
 .text.HAL_TIM_Base_Init
                0x080064d4       0x9e ./Drivers/STM32F4xx_HAL_Driver/Src/stm32f4xx_hal_tim.o
                0x080064d4                HAL_TIM_Base_Init
 .text.HAL_TIM_Base_MspInit
                0x08006572       0x14 ./Drivers/STM32F4xx_HAL_Driver/Src/stm32f4xx_hal_tim.o
                0x08006572                HAL_TIM_Base_MspInit
 *fill*         0x08006586        0x2 
 .text.HAL_TIM_Base_Start_IT
                0x08006588       0xc4 ./Drivers/STM32F4xx_HAL_Driver/Src/stm32f4xx_hal_tim.o
                0x08006588                HAL_TIM_Base_Start_IT
 .text.HAL_TIM_IRQHandler
                0x0800664c      0x1e0 ./Drivers/STM32F4xx_HAL_Driver/Src/stm32f4xx_hal_tim.o
                0x0800664c                HAL_TIM_IRQHandler
 .text.HAL_TIM_OC_DelayElapsedCallback
                0x0800682c       0x14 ./Drivers/STM32F4xx_HAL_Driver/Src/stm32f4xx_hal_tim.o
                0x0800682c                HAL_TIM_OC_DelayElapsedCallback
 .text.HAL_TIM_IC_CaptureCallback
                0x08006840       0x14 ./Drivers/STM32F4xx_HAL_Driver/Src/stm32f4xx_hal_tim.o
                0x08006840                HAL_TIM_IC_CaptureCallback
 .text.HAL_TIM_PWM_PulseFinishedCallback
                0x08006854       0x14 ./Drivers/STM32F4xx_HAL_Driver/Src/stm32f4xx_hal_tim.o
                0x08006854                HAL_TIM_PWM_PulseFinishedCallback
 .text.HAL_TIM_TriggerCallback
                0x08006868       0x14 ./Drivers/STM32F4xx_HAL_Driver/Src/stm32f4xx_hal_tim.o
                0x08006868                HAL_TIM_TriggerCallback
 .text.TIM_Base_SetConfig
                0x0800687c      0x118 ./Drivers/STM32F4xx_HAL_Driver/Src/stm32f4xx_hal_tim.o
                0x0800687c                TIM_Base_SetConfig
 .text.HAL_TIMEx_CommutCallback
                0x08006994       0x14 ./Drivers/STM32F4xx_HAL_Driver/Src/stm32f4xx_hal_tim_ex.o
                0x08006994                HAL_TIMEx_CommutCallback
 .text.HAL_TIMEx_BreakCallback
                0x080069a8       0x14 ./Drivers/STM32F4xx_HAL_Driver/Src/stm32f4xx_hal_tim_ex.o
                0x080069a8                HAL_TIMEx_BreakCallback
 .text.__NVIC_SetPriority
                0x080069bc       0x54 ./Middlewares/Third_Party/FreeRTOS/Source/CMSIS_RTOS_V2/cmsis_os2.o
 .text.SysTick_Handler
                0x08006a10       0x20 ./Middlewares/Third_Party/FreeRTOS/Source/CMSIS_RTOS_V2/cmsis_os2.o
                0x08006a10                SysTick_Handler
 .text.SVC_Setup
                0x08006a30       0x12 ./Middlewares/Third_Party/FreeRTOS/Source/CMSIS_RTOS_V2/cmsis_os2.o
 *fill*         0x08006a42        0x2 
 .text.osKernelInitialize
                0x08006a44       0x48 ./Middlewares/Third_Party/FreeRTOS/Source/CMSIS_RTOS_V2/cmsis_os2.o
                0x08006a44                osKernelInitialize
 .text.osKernelStart
                0x08006a8c       0x4c ./Middlewares/Third_Party/FreeRTOS/Source/CMSIS_RTOS_V2/cmsis_os2.o
                0x08006a8c                osKernelStart
 .text.osThreadNew
                0x08006ad8      0x124 ./Middlewares/Third_Party/FreeRTOS/Source/CMSIS_RTOS_V2/cmsis_os2.o
                0x08006ad8                osThreadNew
 .text.osDelay  0x08006bfc       0x36 ./Middlewares/Third_Party/FreeRTOS/Source/CMSIS_RTOS_V2/cmsis_os2.o
                0x08006bfc                osDelay
 .text.osMutexNew
                0x08006c32      0x10c ./Middlewares/Third_Party/FreeRTOS/Source/CMSIS_RTOS_V2/cmsis_os2.o
                0x08006c32                osMutexNew
 .text.osMutexAcquire
                0x08006d3e       0x96 ./Middlewares/Third_Party/FreeRTOS/Source/CMSIS_RTOS_V2/cmsis_os2.o
                0x08006d3e                osMutexAcquire
 .text.osMutexRelease
                0x08006dd4       0x7a ./Middlewares/Third_Party/FreeRTOS/Source/CMSIS_RTOS_V2/cmsis_os2.o
                0x08006dd4                osMutexRelease
 .text.osMessageQueueNew
                0x08006e4e       0xe6 ./Middlewares/Third_Party/FreeRTOS/Source/CMSIS_RTOS_V2/cmsis_os2.o
                0x08006e4e                osMessageQueueNew
 .text.osMessageQueuePut
                0x08006f34       0xc0 ./Middlewares/Third_Party/FreeRTOS/Source/CMSIS_RTOS_V2/cmsis_os2.o
                0x08006f34                osMessageQueuePut
 .text.osMessageQueueGet
                0x08006ff4       0xbc ./Middlewares/Third_Party/FreeRTOS/Source/CMSIS_RTOS_V2/cmsis_os2.o
                0x08006ff4                osMessageQueueGet
 .text.osMessageQueueGetCount
                0x080070b0       0x40 ./Middlewares/Third_Party/FreeRTOS/Source/CMSIS_RTOS_V2/cmsis_os2.o
                0x080070b0                osMessageQueueGetCount
 .text.osMessageQueueReset
                0x080070f0       0x44 ./Middlewares/Third_Party/FreeRTOS/Source/CMSIS_RTOS_V2/cmsis_os2.o
                0x080070f0                osMessageQueueReset
 .text.vApplicationGetIdleTaskMemory
                0x08007134       0x34 ./Middlewares/Third_Party/FreeRTOS/Source/CMSIS_RTOS_V2/cmsis_os2.o
                0x08007134                vApplicationGetIdleTaskMemory
 .text.vApplicationGetTimerTaskMemory
                0x08007168       0x34 ./Middlewares/Third_Party/FreeRTOS/Source/CMSIS_RTOS_V2/cmsis_os2.o
                0x08007168                vApplicationGetTimerTaskMemory
 .text.vListInitialise
                0x0800719c       0x40 ./Middlewares/Third_Party/FreeRTOS/Source/list.o
                0x0800719c                vListInitialise
 .text.vListInitialiseItem
                0x080071dc       0x1a ./Middlewares/Third_Party/FreeRTOS/Source/list.o
                0x080071dc                vListInitialiseItem
 .text.vListInsertEnd
                0x080071f6       0x48 ./Middlewares/Third_Party/FreeRTOS/Source/list.o
                0x080071f6                vListInsertEnd
 .text.vListInsert
                0x0800723e       0x72 ./Middlewares/Third_Party/FreeRTOS/Source/list.o
                0x0800723e                vListInsert
 .text.uxListRemove
                0x080072b0       0x54 ./Middlewares/Third_Party/FreeRTOS/Source/list.o
                0x080072b0                uxListRemove
 .text.xQueueGenericReset
                0x08007304       0xd4 ./Middlewares/Third_Party/FreeRTOS/Source/queue.o
                0x08007304                xQueueGenericReset
 .text.xQueueGenericCreateStatic
                0x080073d8       0xfa ./Middlewares/Third_Party/FreeRTOS/Source/queue.o
                0x080073d8                xQueueGenericCreateStatic
 .text.xQueueGenericCreate
                0x080074d2       0x76 ./Middlewares/Third_Party/FreeRTOS/Source/queue.o
                0x080074d2                xQueueGenericCreate
 .text.prvInitialiseNewQueue
                0x08007548       0x46 ./Middlewares/Third_Party/FreeRTOS/Source/queue.o
 .text.prvInitialiseMutex
                0x0800758e       0x34 ./Middlewares/Third_Party/FreeRTOS/Source/queue.o
 .text.xQueueCreateMutex
                0x080075c2       0x30 ./Middlewares/Third_Party/FreeRTOS/Source/queue.o
                0x080075c2                xQueueCreateMutex
 .text.xQueueCreateMutexStatic
                0x080075f2       0x36 ./Middlewares/Third_Party/FreeRTOS/Source/queue.o
                0x080075f2                xQueueCreateMutexStatic
 .text.xQueueGiveMutexRecursive
                0x08007628       0x6a ./Middlewares/Third_Party/FreeRTOS/Source/queue.o
                0x08007628                xQueueGiveMutexRecursive
 .text.xQueueTakeMutexRecursive
                0x08007692       0x6e ./Middlewares/Third_Party/FreeRTOS/Source/queue.o
                0x08007692                xQueueTakeMutexRecursive
 .text.xQueueGenericSend
                0x08007700      0x204 ./Middlewares/Third_Party/FreeRTOS/Source/queue.o
                0x08007700                xQueueGenericSend
 .text.xQueueGenericSendFromISR
                0x08007904      0x13c ./Middlewares/Third_Party/FreeRTOS/Source/queue.o
                0x08007904                xQueueGenericSendFromISR
 .text.xQueueReceive
                0x08007a40      0x1c4 ./Middlewares/Third_Party/FreeRTOS/Source/queue.o
                0x08007a40                xQueueReceive
 .text.xQueueSemaphoreTake
                0x08007c04      0x220 ./Middlewares/Third_Party/FreeRTOS/Source/queue.o
                0x08007c04                xQueueSemaphoreTake
 .text.xQueuePeek
                0x08007e24      0x1c8 ./Middlewares/Third_Party/FreeRTOS/Source/queue.o
                0x08007e24                xQueuePeek
 .text.xQueueReceiveFromISR
                0x08007fec      0x104 ./Middlewares/Third_Party/FreeRTOS/Source/queue.o
                0x08007fec                xQueueReceiveFromISR
 .text.uxQueueMessagesWaiting
                0x080080f0       0x3e ./Middlewares/Third_Party/FreeRTOS/Source/queue.o
                0x080080f0                uxQueueMessagesWaiting
 .text.uxQueueMessagesWaitingFromISR
                0x0800812e       0x3e ./Middlewares/Third_Party/FreeRTOS/Source/queue.o
                0x0800812e                uxQueueMessagesWaitingFromISR
 .text.prvGetDisinheritPriorityAfterTimeout
                0x0800816c       0x30 ./Middlewares/Third_Party/FreeRTOS/Source/queue.o
 .text.prvCopyDataToQueue
                0x0800819c       0xd4 ./Middlewares/Third_Party/FreeRTOS/Source/queue.o
 .text.prvCopyDataFromQueue
                0x08008270       0x4c ./Middlewares/Third_Party/FreeRTOS/Source/queue.o
 .text.prvUnlockQueue
                0x080082bc       0xa4 ./Middlewares/Third_Party/FreeRTOS/Source/queue.o
 .text.prvIsQueueEmpty
                0x08008360       0x2c ./Middlewares/Third_Party/FreeRTOS/Source/queue.o
 .text.prvIsQueueFull
                0x0800838c       0x30 ./Middlewares/Third_Party/FreeRTOS/Source/queue.o
 .text.vQueueAddToRegistry
                0x080083bc       0x54 ./Middlewares/Third_Party/FreeRTOS/Source/queue.o
                0x080083bc                vQueueAddToRegistry
 .text.vQueueWaitForMessageRestricted
                0x08008410       0x68 ./Middlewares/Third_Party/FreeRTOS/Source/queue.o
                0x08008410                vQueueWaitForMessageRestricted
 .text.xTaskCreateStatic
                0x08008478       0xc0 ./Middlewares/Third_Party/FreeRTOS/Source/tasks.o
                0x08008478                xTaskCreateStatic
 .text.xTaskCreate
                0x08008538       0x8a ./Middlewares/Third_Party/FreeRTOS/Source/tasks.o
                0x08008538                xTaskCreate
 *fill*         0x080085c2        0x2 
 .text.prvInitialiseNewTask
                0x080085c4      0x150 ./Middlewares/Third_Party/FreeRTOS/Source/tasks.o
 .text.prvAddNewTaskToReadyList
                0x08008714       0xe0 ./Middlewares/Third_Party/FreeRTOS/Source/tasks.o
 .text.vTaskDelay
                0x080087f4       0x6c ./Middlewares/Third_Party/FreeRTOS/Source/tasks.o
                0x080087f4                vTaskDelay
 .text.vTaskStartScheduler
                0x08008860       0xe0 ./Middlewares/Third_Party/FreeRTOS/Source/tasks.o
                0x08008860                vTaskStartScheduler
 .text.vTaskSuspendAll
                0x08008940       0x1c ./Middlewares/Third_Party/FreeRTOS/Source/tasks.o
                0x08008940                vTaskSuspendAll
 .text.xTaskResumeAll
                0x0800895c      0x13c ./Middlewares/Third_Party/FreeRTOS/Source/tasks.o
                0x0800895c                xTaskResumeAll
 .text.xTaskGetTickCount
                0x08008a98       0x20 ./Middlewares/Third_Party/FreeRTOS/Source/tasks.o
                0x08008a98                xTaskGetTickCount
 .text.xTaskIncrementTick
                0x08008ab8      0x174 ./Middlewares/Third_Party/FreeRTOS/Source/tasks.o
                0x08008ab8                xTaskIncrementTick
 .text.vTaskSwitchContext
                0x08008c2c       0xcc ./Middlewares/Third_Party/FreeRTOS/Source/tasks.o
                0x08008c2c                vTaskSwitchContext
 .text.vTaskPlaceOnEventList
                0x08008cf8       0x4c ./Middlewares/Third_Party/FreeRTOS/Source/tasks.o
                0x08008cf8                vTaskPlaceOnEventList
 .text.vTaskPlaceOnEventListRestricted
                0x08008d44       0x58 ./Middlewares/Third_Party/FreeRTOS/Source/tasks.o
                0x08008d44                vTaskPlaceOnEventListRestricted
 .text.xTaskRemoveFromEventList
                0x08008d9c       0xc8 ./Middlewares/Third_Party/FreeRTOS/Source/tasks.o
                0x08008d9c                xTaskRemoveFromEventList
 .text.vTaskInternalSetTimeOutState
                0x08008e64       0x2c ./Middlewares/Third_Party/FreeRTOS/Source/tasks.o
                0x08008e64                vTaskInternalSetTimeOutState
 .text.xTaskCheckForTimeOut
                0x08008e90       0xc8 ./Middlewares/Third_Party/FreeRTOS/Source/tasks.o
                0x08008e90                xTaskCheckForTimeOut
 .text.vTaskMissedYield
                0x08008f58       0x18 ./Middlewares/Third_Party/FreeRTOS/Source/tasks.o
                0x08008f58                vTaskMissedYield
 .text.prvIdleTask
                0x08008f70       0x30 ./Middlewares/Third_Party/FreeRTOS/Source/tasks.o
 .text.prvInitialiseTaskLists
                0x08008fa0       0x80 ./Middlewares/Third_Party/FreeRTOS/Source/tasks.o
 .text.prvCheckTasksWaitingTermination
                0x08009020       0x5c ./Middlewares/Third_Party/FreeRTOS/Source/tasks.o
 .text.prvDeleteTCB
                0x0800907c       0x6a ./Middlewares/Third_Party/FreeRTOS/Source/tasks.o
 *fill*         0x080090e6        0x2 
 .text.prvResetNextTaskUnblockTime
                0x080090e8       0x40 ./Middlewares/Third_Party/FreeRTOS/Source/tasks.o
 .text.xTaskGetCurrentTaskHandle
                0x08009128       0x20 ./Middlewares/Third_Party/FreeRTOS/Source/tasks.o
                0x08009128                xTaskGetCurrentTaskHandle
 .text.xTaskGetSchedulerState
                0x08009148       0x3c ./Middlewares/Third_Party/FreeRTOS/Source/tasks.o
                0x08009148                xTaskGetSchedulerState
 .text.xTaskPriorityInherit
                0x08009184       0xd0 ./Middlewares/Third_Party/FreeRTOS/Source/tasks.o
                0x08009184                xTaskPriorityInherit
 .text.xTaskPriorityDisinherit
                0x08009254       0xe0 ./Middlewares/Third_Party/FreeRTOS/Source/tasks.o
                0x08009254                xTaskPriorityDisinherit
 .text.vTaskPriorityDisinheritAfterTimeout
                0x08009334      0x108 ./Middlewares/Third_Party/FreeRTOS/Source/tasks.o
                0x08009334                vTaskPriorityDisinheritAfterTimeout
 .text.pvTaskIncrementMutexHeldCount
                0x0800943c       0x28 ./Middlewares/Third_Party/FreeRTOS/Source/tasks.o
                0x0800943c                pvTaskIncrementMutexHeldCount
 .text.prvAddCurrentTaskToDelayedList
                0x08009464       0xa8 ./Middlewares/Third_Party/FreeRTOS/Source/tasks.o
 .text.xTimerCreateTimerTask
                0x0800950c       0x94 ./Middlewares/Third_Party/FreeRTOS/Source/timers.o
                0x0800950c                xTimerCreateTimerTask
 .text.xTimerGenericCommand
                0x080095a0       0x9c ./Middlewares/Third_Party/FreeRTOS/Source/timers.o
                0x080095a0                xTimerGenericCommand
 .text.prvProcessExpiredTimer
                0x0800963c       0x9c ./Middlewares/Third_Party/FreeRTOS/Source/timers.o
 .text.prvTimerTask
                0x080096d8       0x26 ./Middlewares/Third_Party/FreeRTOS/Source/timers.o
 *fill*         0x080096fe        0x2 
 .text.prvProcessTimerOrBlockTask
                0x08009700       0x9c ./Middlewares/Third_Party/FreeRTOS/Source/timers.o
 .text.prvGetNextExpireTime
                0x0800979c       0x48 ./Middlewares/Third_Party/FreeRTOS/Source/timers.o
 .text.prvSampleTimeNow
                0x080097e4       0x40 ./Middlewares/Third_Party/FreeRTOS/Source/timers.o
 .text.prvInsertTimerInActiveList
                0x08009824       0x84 ./Middlewares/Third_Party/FreeRTOS/Source/timers.o
 .text.prvProcessReceivedCommands
                0x080098a8      0x1cc ./Middlewares/Third_Party/FreeRTOS/Source/timers.o
 .text.prvSwitchTimerLists
                0x08009a74       0xcc ./Middlewares/Third_Party/FreeRTOS/Source/timers.o
 .text.prvCheckForValidListAndQueue
                0x08009b40       0x80 ./Middlewares/Third_Party/FreeRTOS/Source/timers.o
 .text.pxPortInitialiseStack
                0x08009bc0       0x68 ./Middlewares/Third_Party/FreeRTOS/Source/portable/GCC/ARM_CM4F/port.o
                0x08009bc0                pxPortInitialiseStack
 .text.prvTaskExitError
                0x08009c28       0x5c ./Middlewares/Third_Party/FreeRTOS/Source/portable/GCC/ARM_CM4F/port.o
 *fill*         0x08009c84        0xc 
 .text.SVC_Handler
                0x08009c90       0x28 ./Middlewares/Third_Party/FreeRTOS/Source/portable/GCC/ARM_CM4F/port.o
                0x08009c90                SVC_Handler
 .text.prvPortStartFirstTask
                0x08009cb8       0x28 ./Middlewares/Third_Party/FreeRTOS/Source/portable/GCC/ARM_CM4F/port.o
 .text.xPortStartScheduler
                0x08009ce0      0x148 ./Middlewares/Third_Party/FreeRTOS/Source/portable/GCC/ARM_CM4F/port.o
                0x08009ce0                xPortStartScheduler
 .text.vPortEnterCritical
                0x08009e28       0x64 ./Middlewares/Third_Party/FreeRTOS/Source/portable/GCC/ARM_CM4F/port.o
                0x08009e28                vPortEnterCritical
 .text.vPortExitCritical
                0x08009e8c       0x54 ./Middlewares/Third_Party/FreeRTOS/Source/portable/GCC/ARM_CM4F/port.o
                0x08009e8c                vPortExitCritical
 .text.PendSV_Handler
                0x08009ee0       0x68 ./Middlewares/Third_Party/FreeRTOS/Source/portable/GCC/ARM_CM4F/port.o
                0x08009ee0                PendSV_Handler
 .text.xPortSysTickHandler
                0x08009f48       0x44 ./Middlewares/Third_Party/FreeRTOS/Source/portable/GCC/ARM_CM4F/port.o
                0x08009f48                xPortSysTickHandler
 .text.vPortSetupTimerInterrupt
                0x08009f8c       0x48 ./Middlewares/Third_Party/FreeRTOS/Source/portable/GCC/ARM_CM4F/port.o
                0x08009f8c                vPortSetupTimerInterrupt
 .text.vPortEnableVFP
                0x08009fd4       0x14 ./Middlewares/Third_Party/FreeRTOS/Source/portable/GCC/ARM_CM4F/port.o
 .text.vPortValidateInterruptPriority
                0x08009fe8       0x84 ./Middlewares/Third_Party/FreeRTOS/Source/portable/GCC/ARM_CM4F/port.o
                0x08009fe8                vPortValidateInterruptPriority
 .text.pvPortMalloc
                0x0800a06c      0x19c ./Middlewares/Third_Party/FreeRTOS/Source/portable/MemMang/heap_4.o
                0x0800a06c                pvPortMalloc
 .text.vPortFree
                0x0800a208       0xc8 ./Middlewares/Third_Party/FreeRTOS/Source/portable/MemMang/heap_4.o
                0x0800a208                vPortFree
 .text.prvHeapInit
                0x0800a2d0       0xc8 ./Middlewares/Third_Party/FreeRTOS/Source/portable/MemMang/heap_4.o
 .text.prvInsertBlockIntoFreeList
                0x0800a398       0xb4 ./Middlewares/Third_Party/FreeRTOS/Source/portable/MemMang/heap_4.o
 .text.vPortGetHeapStats
                0x0800a44c       0xbc ./Middlewares/Third_Party/FreeRTOS/Source/portable/MemMang/heap_4.o
                0x0800a44c                vPortGetHeapStats
 .text.mg_calloc
                0x0800a508       0x3e ./Middlewares/Third_Party/LittleFS/src/fs_adstractions.o
 *fill*         0x0800a546        0x2 
 .text.mg_fs_lfs_status
                0x0800a548       0xac ./Middlewares/Third_Party/LittleFS/src/fs_adstractions.o
                0x0800a548                mg_fs_lfs_status
 .text.mg_fs_lfs_list
                0x0800a5f4       0x90 ./Middlewares/Third_Party/LittleFS/src/fs_adstractions.o
                0x0800a5f4                mg_fs_lfs_list
 .text.mg_fs_lfs_open
                0x0800a684       0x74 ./Middlewares/Third_Party/LittleFS/src/fs_adstractions.o
                0x0800a684                mg_fs_lfs_open
 .text.mg_fs_lfs_close
                0x0800a6f8       0x28 ./Middlewares/Third_Party/LittleFS/src/fs_adstractions.o
                0x0800a6f8                mg_fs_lfs_close
 .text.mg_fs_lfs_read
                0x0800a720       0x30 ./Middlewares/Third_Party/LittleFS/src/fs_adstractions.o
                0x0800a720                mg_fs_lfs_read
 .text.mg_fs_lfs_write
                0x0800a750       0x30 ./Middlewares/Third_Party/LittleFS/src/fs_adstractions.o
                0x0800a750                mg_fs_lfs_write
 .text.mg_fs_lfs_seek
                0x0800a780       0x4c ./Middlewares/Third_Party/LittleFS/src/fs_adstractions.o
                0x0800a780                mg_fs_lfs_seek
 .text.mg_fs_lfs_rename
                0x0800a7cc       0x2c ./Middlewares/Third_Party/LittleFS/src/fs_adstractions.o
                0x0800a7cc                mg_fs_lfs_rename
 .text.mg_fs_lfs_remove
                0x0800a7f8       0x28 ./Middlewares/Third_Party/LittleFS/src/fs_adstractions.o
                0x0800a7f8                mg_fs_lfs_remove
 .text.mg_fs_lfs_mkdir
                0x0800a820       0x28 ./Middlewares/Third_Party/LittleFS/src/fs_adstractions.o
                0x0800a820                mg_fs_lfs_mkdir
 .text.lfs_fs_ll_init
                0x0800a848      0x10c ./Middlewares/Third_Party/LittleFS/src/fs_adstractions.o
                0x0800a848                lfs_fs_ll_init
 .text.block_device_read
                0x0800a954       0x58 ./Middlewares/Third_Party/LittleFS/src/fs_adstractions.o
                0x0800a954                block_device_read
 .text.block_device_erase
                0x0800a9ac       0x48 ./Middlewares/Third_Party/LittleFS/src/fs_adstractions.o
                0x0800a9ac                block_device_erase
 .text.block_device_prog
                0x0800a9f4       0x58 ./Middlewares/Third_Party/LittleFS/src/fs_adstractions.o
                0x0800a9f4                block_device_prog
 .text.block_device_sync
                0x0800aa4c       0x16 ./Middlewares/Third_Party/LittleFS/src/fs_adstractions.o
                0x0800aa4c                block_device_sync
 .text.lfs_max  0x0800aa62       0x20 ./Middlewares/Third_Party/LittleFS/src/lfs.o
 .text.lfs_min  0x0800aa82       0x20 ./Middlewares/Third_Party/LittleFS/src/lfs.o
 .text.lfs_aligndown
                0x0800aaa2       0x2a ./Middlewares/Third_Party/LittleFS/src/lfs.o
 .text.lfs_alignup
                0x0800aacc       0x24 ./Middlewares/Third_Party/LittleFS/src/lfs.o
 .text.lfs_npw2
                0x0800aaf0       0x20 ./Middlewares/Third_Party/LittleFS/src/lfs.o
 .text.lfs_ctz  0x0800ab10       0x1e ./Middlewares/Third_Party/LittleFS/src/lfs.o
 .text.lfs_popc
                0x0800ab2e       0x18 ./Middlewares/Third_Party/LittleFS/src/lfs.o
 .text.lfs_scmp
                0x0800ab46       0x1c ./Middlewares/Third_Party/LittleFS/src/lfs.o
 .text.lfs_fromle32
                0x0800ab62       0x16 ./Middlewares/Third_Party/LittleFS/src/lfs.o
 .text.lfs_tole32
                0x0800ab78       0x18 ./Middlewares/Third_Party/LittleFS/src/lfs.o
 .text.lfs_frombe32
                0x0800ab90       0x18 ./Middlewares/Third_Party/LittleFS/src/lfs.o
 .text.lfs_tobe32
                0x0800aba8       0x18 ./Middlewares/Third_Party/LittleFS/src/lfs.o
 .text.lfs_malloc
                0x0800abc0       0x18 ./Middlewares/Third_Party/LittleFS/src/lfs.o
 .text.lfs_free
                0x0800abd8       0x16 ./Middlewares/Third_Party/LittleFS/src/lfs.o
 .text.lfs_cache_drop
                0x0800abee       0x1e ./Middlewares/Third_Party/LittleFS/src/lfs.o
 .text.lfs_cache_zero
                0x0800ac0c       0x2c ./Middlewares/Third_Party/LittleFS/src/lfs.o
 .text.lfs_bd_read
                0x0800ac38      0x298 ./Middlewares/Third_Party/LittleFS/src/lfs.o
 .text.lfs_bd_cmp
                0x0800aed0       0xa2 ./Middlewares/Third_Party/LittleFS/src/lfs.o
 .text.lfs_bd_crc
                0x0800af72       0x8c ./Middlewares/Third_Party/LittleFS/src/lfs.o
 *fill*         0x0800affe        0x2 
 .text.lfs_bd_flush
                0x0800b000       0xf4 ./Middlewares/Third_Party/LittleFS/src/lfs.o
 .text.lfs_bd_sync
                0x0800b0f4       0x68 ./Middlewares/Third_Party/LittleFS/src/lfs.o
 .text.lfs_bd_prog
                0x0800b15c      0x15c ./Middlewares/Third_Party/LittleFS/src/lfs.o
 .text.lfs_bd_erase
                0x0800b2b8       0x64 ./Middlewares/Third_Party/LittleFS/src/lfs.o
 .text.lfs_pair_swap
                0x0800b31c       0x2a ./Middlewares/Third_Party/LittleFS/src/lfs.o
 .text.lfs_pair_isnull
                0x0800b346       0x36 ./Middlewares/Third_Party/LittleFS/src/lfs.o
 .text.lfs_pair_cmp
                0x0800b37c       0x54 ./Middlewares/Third_Party/LittleFS/src/lfs.o
 .text.lfs_pair_issync
                0x0800b3d0       0x5a ./Middlewares/Third_Party/LittleFS/src/lfs.o
 .text.lfs_pair_fromle32
                0x0800b42a       0x34 ./Middlewares/Third_Party/LittleFS/src/lfs.o
 .text.lfs_pair_tole32
                0x0800b45e       0x34 ./Middlewares/Third_Party/LittleFS/src/lfs.o
 .text.lfs_tag_isvalid
                0x0800b492       0x1c ./Middlewares/Third_Party/LittleFS/src/lfs.o
 .text.lfs_tag_isdelete
                0x0800b4ae       0x26 ./Middlewares/Third_Party/LittleFS/src/lfs.o
 .text.lfs_tag_type1
                0x0800b4d4       0x20 ./Middlewares/Third_Party/LittleFS/src/lfs.o
 .text.lfs_tag_type2
                0x0800b4f4       0x20 ./Middlewares/Third_Party/LittleFS/src/lfs.o
 .text.lfs_tag_type3
                0x0800b514       0x20 ./Middlewares/Third_Party/LittleFS/src/lfs.o
 .text.lfs_tag_chunk
                0x0800b534       0x1a ./Middlewares/Third_Party/LittleFS/src/lfs.o
 .text.lfs_tag_splice
                0x0800b54e       0x1a ./Middlewares/Third_Party/LittleFS/src/lfs.o
 .text.lfs_tag_id
                0x0800b568       0x20 ./Middlewares/Third_Party/LittleFS/src/lfs.o
 .text.lfs_tag_size
                0x0800b588       0x1a ./Middlewares/Third_Party/LittleFS/src/lfs.o
 .text.lfs_tag_dsize
                0x0800b5a2       0x28 ./Middlewares/Third_Party/LittleFS/src/lfs.o
 .text.lfs_gstate_xor
                0x0800b5ca       0x4a ./Middlewares/Third_Party/LittleFS/src/lfs.o
 .text.lfs_gstate_iszero
                0x0800b614       0x3a ./Middlewares/Third_Party/LittleFS/src/lfs.o
 .text.lfs_gstate_hasorphans
                0x0800b64e       0x26 ./Middlewares/Third_Party/LittleFS/src/lfs.o
 .text.lfs_gstate_getorphans
                0x0800b674       0x1e ./Middlewares/Third_Party/LittleFS/src/lfs.o
 .text.lfs_gstate_hasmove
                0x0800b692       0x26 ./Middlewares/Third_Party/LittleFS/src/lfs.o
 .text.lfs_gstate_needssuperblock
                0x0800b6b8       0x28 ./Middlewares/Third_Party/LittleFS/src/lfs.o
 .text.lfs_gstate_hasmovehere
                0x0800b6e0       0x40 ./Middlewares/Third_Party/LittleFS/src/lfs.o
 .text.lfs_gstate_fromle32
                0x0800b720       0x40 ./Middlewares/Third_Party/LittleFS/src/lfs.o
 .text.lfs_gstate_tole32
                0x0800b760       0x40 ./Middlewares/Third_Party/LittleFS/src/lfs.o
 .text.lfs_fcrc_fromle32
                0x0800b7a0       0x30 ./Middlewares/Third_Party/LittleFS/src/lfs.o
 .text.lfs_fcrc_tole32
                0x0800b7d0       0x30 ./Middlewares/Third_Party/LittleFS/src/lfs.o
 .text.lfs_ctz_fromle32
                0x0800b800       0x30 ./Middlewares/Third_Party/LittleFS/src/lfs.o
 .text.lfs_ctz_tole32
                0x0800b830       0x30 ./Middlewares/Third_Party/LittleFS/src/lfs.o
 .text.lfs_superblock_fromle32
                0x0800b860       0x70 ./Middlewares/Third_Party/LittleFS/src/lfs.o
 .text.lfs_superblock_tole32
                0x0800b8d0       0x70 ./Middlewares/Third_Party/LittleFS/src/lfs.o
 .text.lfs_mlist_isopen
                0x0800b940       0x3a ./Middlewares/Third_Party/LittleFS/src/lfs.o
 .text.lfs_mlist_remove
                0x0800b97a       0x44 ./Middlewares/Third_Party/LittleFS/src/lfs.o
 .text.lfs_mlist_append
                0x0800b9be       0x24 ./Middlewares/Third_Party/LittleFS/src/lfs.o
 *fill*         0x0800b9e2        0x2 
 .text.lfs_fs_disk_version
                0x0800b9e4       0x1c ./Middlewares/Third_Party/LittleFS/src/lfs.o
 .text.lfs_fs_disk_version_major
                0x0800ba00       0x1c ./Middlewares/Third_Party/LittleFS/src/lfs.o
 .text.lfs_fs_disk_version_minor
                0x0800ba1c       0x1a ./Middlewares/Third_Party/LittleFS/src/lfs.o
 .text.lfs_alloc_ckpoint
                0x0800ba36       0x1c ./Middlewares/Third_Party/LittleFS/src/lfs.o
 .text.lfs_alloc_drop
                0x0800ba52       0x22 ./Middlewares/Third_Party/LittleFS/src/lfs.o
 .text.lfs_alloc_lookahead
                0x0800ba74       0x6a ./Middlewares/Third_Party/LittleFS/src/lfs.o
 *fill*         0x0800bade        0x2 
 .text.lfs_alloc_scan
                0x0800bae0       0x84 ./Middlewares/Third_Party/LittleFS/src/lfs.o
 .text.lfs_alloc
                0x0800bb64      0x110 ./Middlewares/Third_Party/LittleFS/src/lfs.o
 .text.lfs_dir_getslice
                0x0800bc74      0x1ec ./Middlewares/Third_Party/LittleFS/src/lfs.o
 .text.lfs_dir_get
                0x0800be60       0x36 ./Middlewares/Third_Party/LittleFS/src/lfs.o
 .text.lfs_dir_getread
                0x0800be96      0x1b6 ./Middlewares/Third_Party/LittleFS/src/lfs.o
 .text.lfs_dir_traverse_filter
                0x0800c04c       0xb8 ./Middlewares/Third_Party/LittleFS/src/lfs.o
 .text.lfs_dir_traverse
                0x0800c104      0x7c8 ./Middlewares/Third_Party/LittleFS/src/lfs.o
 .text.lfs_dir_fetchmatch
                0x0800c8cc      0x7a0 ./Middlewares/Third_Party/LittleFS/src/lfs.o
 .text.lfs_dir_fetch
                0x0800d06c       0x36 ./Middlewares/Third_Party/LittleFS/src/lfs.o
 *fill*         0x0800d0a2        0x2 
 .text.lfs_dir_getgstate
                0x0800d0a4       0x64 ./Middlewares/Third_Party/LittleFS/src/lfs.o
 .text.lfs_dir_getinfo
                0x0800d108       0xf4 ./Middlewares/Third_Party/LittleFS/src/lfs.o
 .text.lfs_dir_find_match
                0x0800d1fc       0x92 ./Middlewares/Third_Party/LittleFS/src/lfs.o
 *fill*         0x0800d28e        0x2 
 .text.lfs_dir_find
                0x0800d290      0x1f4 ./Middlewares/Third_Party/LittleFS/src/lfs.o
 .text.lfs_dir_commitprog
                0x0800d484       0x6c ./Middlewares/Third_Party/LittleFS/src/lfs.o
 .text.lfs_dir_commitattr
                0x0800d4f0      0x100 ./Middlewares/Third_Party/LittleFS/src/lfs.o
 .text.lfs_dir_commitcrc
                0x0800d5f0      0x2e0 ./Middlewares/Third_Party/LittleFS/src/lfs.o
 .text.lfs_dir_alloc
                0x0800d8d0       0xf2 ./Middlewares/Third_Party/LittleFS/src/lfs.o
 *fill*         0x0800d9c2        0x2 
 .text.lfs_dir_drop
                0x0800d9c4       0x78 ./Middlewares/Third_Party/LittleFS/src/lfs.o
 .text.lfs_dir_split
                0x0800da3c       0xa8 ./Middlewares/Third_Party/LittleFS/src/lfs.o
 .text.lfs_dir_commit_size
                0x0800dae4       0x2c ./Middlewares/Third_Party/LittleFS/src/lfs.o
 .text.lfs_dir_commit_commit
                0x0800db10       0x2a ./Middlewares/Third_Party/LittleFS/src/lfs.o
 .text.lfs_dir_needsrelocation
                0x0800db3a       0x4c ./Middlewares/Third_Party/LittleFS/src/lfs.o
 *fill*         0x0800db86        0x2 
 .text.lfs_dir_compact
                0x0800db88      0x3f0 ./Middlewares/Third_Party/LittleFS/src/lfs.o
 .text.lfs_dir_splittingcompact
                0x0800df78      0x230 ./Middlewares/Third_Party/LittleFS/src/lfs.o
 .text.lfs_dir_relocatingcommit
                0x0800e1a8      0x584 ./Middlewares/Third_Party/LittleFS/src/lfs.o
 .text.lfs_dir_orphaningcommit
                0x0800e72c      0x5f4 ./Middlewares/Third_Party/LittleFS/src/lfs.o
 .text.lfs_dir_commit
                0x0800ed20       0x4a ./Middlewares/Third_Party/LittleFS/src/lfs.o
 *fill*         0x0800ed6a        0x2 
 .text.lfs_mkdir_
                0x0800ed6c      0x280 ./Middlewares/Third_Party/LittleFS/src/lfs.o
 .text.lfs_dir_open_
                0x0800efec       0xf4 ./Middlewares/Third_Party/LittleFS/src/lfs.o
 .text.lfs_dir_close_
                0x0800f0e0       0x1c ./Middlewares/Third_Party/LittleFS/src/lfs.o
 .text.lfs_dir_read_
                0x0800f0fc      0x108 ./Middlewares/Third_Party/LittleFS/src/lfs.o
 .text.lfs_ctz_index
                0x0800f204       0x70 ./Middlewares/Third_Party/LittleFS/src/lfs.o
 .text.lfs_ctz_find
                0x0800f274       0xd6 ./Middlewares/Third_Party/LittleFS/src/lfs.o
 *fill*         0x0800f34a        0x2 
 .text.lfs_ctz_extend
                0x0800f34c      0x210 ./Middlewares/Third_Party/LittleFS/src/lfs.o
 .text.lfs_ctz_traverse
                0x0800f55c       0xf8 ./Middlewares/Third_Party/LittleFS/src/lfs.o
 .text.lfs_file_opencfg_
                0x0800f654      0x3a0 ./Middlewares/Third_Party/LittleFS/src/lfs.o
 .text.lfs_file_open_
                0x0800f9f4       0x30 ./Middlewares/Third_Party/LittleFS/src/lfs.o
 .text.lfs_file_close_
                0x0800fa24       0x3a ./Middlewares/Third_Party/LittleFS/src/lfs.o
 *fill*         0x0800fa5e        0x2 
 .text.lfs_file_relocate
                0x0800fa60      0x1b4 ./Middlewares/Third_Party/LittleFS/src/lfs.o
 .text.lfs_file_outline
                0x0800fc14       0x42 ./Middlewares/Third_Party/LittleFS/src/lfs.o
 *fill*         0x0800fc56        0x2 
 .text.lfs_file_flush
                0x0800fc58      0x1a8 ./Middlewares/Third_Party/LittleFS/src/lfs.o
 .text.lfs_file_sync_
                0x0800fe00      0x140 ./Middlewares/Third_Party/LittleFS/src/lfs.o
 .text.lfs_file_flushedread
                0x0800ff40      0x1a4 ./Middlewares/Third_Party/LittleFS/src/lfs.o
 .text.lfs_file_read_
                0x080100e4       0x6c ./Middlewares/Third_Party/LittleFS/src/lfs.o
 .text.lfs_file_flushedwrite
                0x08010150      0x21e ./Middlewares/Third_Party/LittleFS/src/lfs.o
 *fill*         0x0801036e        0x2 
 .text.lfs_file_write_
                0x08010370      0x108 ./Middlewares/Third_Party/LittleFS/src/lfs.o
 .text.lfs_file_seek_
                0x08010478      0x112 ./Middlewares/Third_Party/LittleFS/src/lfs.o
 .text.lfs_file_tell_
                0x0801058a       0x1a ./Middlewares/Third_Party/LittleFS/src/lfs.o
 .text.lfs_file_size_
                0x080105a4       0x36 ./Middlewares/Third_Party/LittleFS/src/lfs.o
 .text.lfs_stat_
                0x080105da       0x4a ./Middlewares/Third_Party/LittleFS/src/lfs.o
 .text.lfs_remove_
                0x08010624      0x1a4 ./Middlewares/Third_Party/LittleFS/src/lfs.o
 .text.lfs_rename_
                0x080107c8      0x43c ./Middlewares/Third_Party/LittleFS/src/lfs.o
 .text.lfs_init
                0x08010c04      0x4c4 ./Middlewares/Third_Party/LittleFS/src/lfs.o
 .text.lfs_deinit
                0x080110c8       0x4e ./Middlewares/Third_Party/LittleFS/src/lfs.o
 *fill*         0x08011116        0x2 
 .text.lfs_format_
                0x08011118      0x164 ./Middlewares/Third_Party/LittleFS/src/lfs.o
 .text.lfs_mount_
                0x0801127c      0x440 ./Middlewares/Third_Party/LittleFS/src/lfs.o
 .text.lfs_unmount_
                0x080116bc       0x18 ./Middlewares/Third_Party/LittleFS/src/lfs.o
 .text.lfs_fs_traverse_
                0x080116d4      0x2a0 ./Middlewares/Third_Party/LittleFS/src/lfs.o
 .text.lfs_fs_pred
                0x08011974       0xe0 ./Middlewares/Third_Party/LittleFS/src/lfs.o
 .text.lfs_fs_parent_match
                0x08011a54       0x84 ./Middlewares/Third_Party/LittleFS/src/lfs.o
 .text.lfs_fs_parent
                0x08011ad8      0x104 ./Middlewares/Third_Party/LittleFS/src/lfs.o
 .text.lfs_fs_prepsuperblock
                0x08011bdc       0x2a ./Middlewares/Third_Party/LittleFS/src/lfs.o
 *fill*         0x08011c06        0x2 
 .text.lfs_fs_preporphans
                0x08011c08       0xa0 ./Middlewares/Third_Party/LittleFS/src/lfs.o
 .text.lfs_fs_prepmove
                0x08011ca8       0x74 ./Middlewares/Third_Party/LittleFS/src/lfs.o
 .text.lfs_fs_desuperblock
                0x08011d1c       0xd8 ./Middlewares/Third_Party/LittleFS/src/lfs.o
 .text.lfs_fs_demove
                0x08011df4       0xf8 ./Middlewares/Third_Party/LittleFS/src/lfs.o
 .text.lfs_fs_deorphan
                0x08011eec      0x360 ./Middlewares/Third_Party/LittleFS/src/lfs.o
 .text.lfs_fs_forceconsistency
                0x0801224c       0x4a ./Middlewares/Third_Party/LittleFS/src/lfs.o
 .text.lfs_fs_size_count
                0x08012296       0x26 ./Middlewares/Third_Party/LittleFS/src/lfs.o
 .text.lfs_fs_size_
                0x080122bc       0x34 ./Middlewares/Third_Party/LittleFS/src/lfs.o
 .text.lfs_format
                0x080122f0       0x3a ./Middlewares/Third_Party/LittleFS/src/lfs.o
                0x080122f0                lfs_format
 .text.lfs_mount
                0x0801232a       0x3a ./Middlewares/Third_Party/LittleFS/src/lfs.o
                0x0801232a                lfs_mount
 .text.lfs_remove
                0x08012364       0x46 ./Middlewares/Third_Party/LittleFS/src/lfs.o
                0x08012364                lfs_remove
 .text.lfs_rename
                0x080123aa       0x4a ./Middlewares/Third_Party/LittleFS/src/lfs.o
                0x080123aa                lfs_rename
 .text.lfs_stat
                0x080123f4       0x4a ./Middlewares/Third_Party/LittleFS/src/lfs.o
                0x080123f4                lfs_stat
 *fill*         0x0801243e        0x2 
 .text.lfs_file_open
                0x08012440       0x80 ./Middlewares/Third_Party/LittleFS/src/lfs.o
                0x08012440                lfs_file_open
 .text.lfs_file_close
                0x080124c0       0x74 ./Middlewares/Third_Party/LittleFS/src/lfs.o
                0x080124c0                lfs_file_close
 .text.lfs_file_read
                0x08012534       0x7c ./Middlewares/Third_Party/LittleFS/src/lfs.o
                0x08012534                lfs_file_read
 .text.lfs_file_write
                0x080125b0       0x7c ./Middlewares/Third_Party/LittleFS/src/lfs.o
                0x080125b0                lfs_file_write
 .text.lfs_file_seek
                0x0801262c       0x7c ./Middlewares/Third_Party/LittleFS/src/lfs.o
                0x0801262c                lfs_file_seek
 .text.lfs_file_tell
                0x080126a8       0x74 ./Middlewares/Third_Party/LittleFS/src/lfs.o
                0x080126a8                lfs_file_tell
 .text.lfs_mkdir
                0x0801271c       0x46 ./Middlewares/Third_Party/LittleFS/src/lfs.o
                0x0801271c                lfs_mkdir
 *fill*         0x08012762        0x2 
 .text.lfs_dir_open
                0x08012764       0x7c ./Middlewares/Third_Party/LittleFS/src/lfs.o
                0x08012764                lfs_dir_open
 .text.lfs_dir_close
                0x080127e0       0x46 ./Middlewares/Third_Party/LittleFS/src/lfs.o
                0x080127e0                lfs_dir_close
 .text.lfs_dir_read
                0x08012826       0x4a ./Middlewares/Third_Party/LittleFS/src/lfs.o
                0x08012826                lfs_dir_read
 .text.lfs_crc  0x08012870       0x7c ./Middlewares/Third_Party/LittleFS/src/lfs_util.o
                0x08012870                lfs_crc
 .text.mg_calloc
                0x080128ec       0x3c ./Middlewares/Third_Party/mongoose/mongoose.o
 .text.mg_dns_free
                0x08012928       0x36 ./Middlewares/Third_Party/mongoose/mongoose.o
 .text.mg_resolve_cancel
                0x0801295e       0x44 ./Middlewares/Third_Party/mongoose/mongoose.o
                0x0801295e                mg_resolve_cancel
 .text.mg_dns_parse_name_depth
                0x080129a2      0x160 ./Middlewares/Third_Party/mongoose/mongoose.o
 .text.mg_dns_parse_name
                0x08012b02       0x30 ./Middlewares/Third_Party/mongoose/mongoose.o
 .text.mg_dns_parse_rr
                0x08012b32      0x124 ./Middlewares/Third_Party/mongoose/mongoose.o
                0x08012b32                mg_dns_parse_rr
 *fill*         0x08012c56        0x2 
 .text.mg_dns_parse
                0x08012c58      0x198 ./Middlewares/Third_Party/mongoose/mongoose.o
                0x08012c58                mg_dns_parse
 .text.dns_cb   0x08012df0      0x2fc ./Middlewares/Third_Party/mongoose/mongoose.o
 .text.mg_dns_send
                0x080130ec      0x1c0 ./Middlewares/Third_Party/mongoose/mongoose.o
 .text.mg_sendnsreq
                0x080132ac      0x178 ./Middlewares/Third_Party/mongoose/mongoose.o
 .text.mg_resolve
                0x08013424       0x88 ./Middlewares/Third_Party/mongoose/mongoose.o
                0x08013424                mg_resolve
 .text.mg_call  0x080134ac       0x40 ./Middlewares/Third_Party/mongoose/mongoose.o
                0x080134ac                mg_call
 .text.mg_error
                0x080134ec       0x84 ./Middlewares/Third_Party/mongoose/mongoose.o
                0x080134ec                mg_error
 .text.is_digit
                0x08013570       0x2c ./Middlewares/Third_Party/mongoose/mongoose.o
 .text.addexp   0x0801359c      0x104 ./Middlewares/Third_Party/mongoose/mongoose.o
 .text.xisinf   0x080136a0       0x50 ./Middlewares/Third_Party/mongoose/mongoose.o
 .text.xisnan   0x080136f0       0x58 ./Middlewares/Third_Party/mongoose/mongoose.o
 .text.mg_dtoa  0x08013748      0x5e8 ./Middlewares/Third_Party/mongoose/mongoose.o
 .text.mg_lld   0x08013d30      0x160 ./Middlewares/Third_Party/mongoose/mongoose.o
 .text.scpy     0x08013e90       0x46 ./Middlewares/Third_Party/mongoose/mongoose.o
 .text.mg_xprintf
                0x08013ed6       0x36 ./Middlewares/Third_Party/mongoose/mongoose.o
                0x08013ed6                mg_xprintf
 .text.mg_vxprintf
                0x08013f0c      0x748 ./Middlewares/Third_Party/mongoose/mongoose.o
                0x08013f0c                mg_vxprintf
 .text.mg_fs_open
                0x08014654       0x4e ./Middlewares/Third_Party/mongoose/mongoose.o
                0x08014654                mg_fs_open
 .text.mg_fs_close
                0x080146a2       0x2a ./Middlewares/Third_Party/mongoose/mongoose.o
                0x080146a2                mg_fs_close
 .text.p_stat   0x080146cc       0x1a ./Middlewares/Third_Party/mongoose/mongoose.o
 .text.p_list   0x080146e6       0x18 ./Middlewares/Third_Party/mongoose/mongoose.o
 .text.p_open   0x080146fe       0x18 ./Middlewares/Third_Party/mongoose/mongoose.o
 .text.p_close  0x08014716       0x14 ./Middlewares/Third_Party/mongoose/mongoose.o
 .text.p_read   0x0801472a       0x1a ./Middlewares/Third_Party/mongoose/mongoose.o
 .text.p_write  0x08014744       0x1a ./Middlewares/Third_Party/mongoose/mongoose.o
 .text.p_seek   0x0801475e       0x1a ./Middlewares/Third_Party/mongoose/mongoose.o
 .text.p_rename
                0x08014778       0x18 ./Middlewares/Third_Party/mongoose/mongoose.o
 .text.p_remove
                0x08014790       0x16 ./Middlewares/Third_Party/mongoose/mongoose.o
 .text.p_mkdir  0x080147a6       0x16 ./Middlewares/Third_Party/mongoose/mongoose.o
 .text.mg_ncasecmp
                0x080147bc       0x80 ./Middlewares/Third_Party/mongoose/mongoose.o
 .text.mg_to_size_t
                0x0801483c      0x12c ./Middlewares/Third_Party/mongoose/mongoose.o
                0x0801483c                mg_to_size_t
 .text.mg_http_var
                0x08014968       0xa0 ./Middlewares/Third_Party/mongoose/mongoose.o
                0x08014968                mg_http_var
 .text.mg_http_get_var
                0x08014a08       0xa6 ./Middlewares/Third_Party/mongoose/mongoose.o
                0x08014a08                mg_http_get_var
 .text.isx      0x08014aae       0x44 ./Middlewares/Third_Party/mongoose/mongoose.o
 .text.mg_url_decode
                0x08014af2      0x110 ./Middlewares/Third_Party/mongoose/mongoose.o
                0x08014af2                mg_url_decode
 .text.isok     0x08014c02       0x3a ./Middlewares/Third_Party/mongoose/mongoose.o
 .text.mg_http_get_request_len
                0x08014c3c       0x9c ./Middlewares/Third_Party/mongoose/mongoose.o
                0x08014c3c                mg_http_get_request_len
 .text.mg_http_get_header
                0x08014cd8       0x80 ./Middlewares/Third_Party/mongoose/mongoose.o
                0x08014cd8                mg_http_get_header
 .text.vcb      0x08014d58       0x26 ./Middlewares/Third_Party/mongoose/mongoose.o
 .text.clen     0x08014d7e       0xde ./Middlewares/Third_Party/mongoose/mongoose.o
 .text.skiptorn
                0x08014e5c       0x96 ./Middlewares/Third_Party/mongoose/mongoose.o
 .text.mg_http_parse_headers
                0x08014ef2      0x15e ./Middlewares/Third_Party/mongoose/mongoose.o
 .text.mg_http_parse
                0x08015050      0x2dc ./Middlewares/Third_Party/mongoose/mongoose.o
                0x08015050                mg_http_parse
 .text.mg_http_status_code_str
                0x0801532c      0x9f8 ./Middlewares/Third_Party/mongoose/mongoose.o
 .text.mg_http_reply
                0x08015d24       0xb0 ./Middlewares/Third_Party/mongoose/mongoose.o
                0x08015d24                mg_http_reply
 .text.restore_http_cb
                0x08015dd4       0x40 ./Middlewares/Third_Party/mongoose/mongoose.o
 .text.mg_http_etag
                0x08015e14       0x38 ./Middlewares/Third_Party/mongoose/mongoose.o
                0x08015e14                mg_http_etag
 .text.static_cb
                0x08015e4c       0xc4 ./Middlewares/Third_Party/mongoose/mongoose.o
 .text.guess_content_type
                0x08015f10      0x114 ./Middlewares/Third_Party/mongoose/mongoose.o
 .text.getrange
                0x08016024       0xe8 ./Middlewares/Third_Party/mongoose/mongoose.o
 .text.mg_http_serve_file
                0x0801610c      0x5c4 ./Middlewares/Third_Party/mongoose/mongoose.o
                0x0801610c                mg_http_serve_file
 .text.printdirentry
                0x080166d0      0x1fc ./Middlewares/Third_Party/mongoose/mongoose.o
 .text.listdir  0x080168cc      0x184 ./Middlewares/Third_Party/mongoose/mongoose.o
 .text.uri_to_path2
                0x08016a50      0x2dc ./Middlewares/Third_Party/mongoose/mongoose.o
 .text.uri_to_path
                0x08016d2c      0x194 ./Middlewares/Third_Party/mongoose/mongoose.o
 .text.mg_http_serve_dir
                0x08016ec0       0xbe ./Middlewares/Third_Party/mongoose/mongoose.o
                0x08016ec0                mg_http_serve_dir
 .text.mg_is_url_safe
                0x08016f7e       0x5c ./Middlewares/Third_Party/mongoose/mongoose.o
 *fill*         0x08016fda        0x2 
 .text.mg_url_encode
                0x08016fdc       0xc0 ./Middlewares/Third_Party/mongoose/mongoose.o
                0x08016fdc                mg_url_encode
 .text.mg_http_upload
                0x0801709c      0x370 ./Middlewares/Third_Party/mongoose/mongoose.o
                0x0801709c                mg_http_upload
 .text.mg_http_status
                0x0801740c       0x1c ./Middlewares/Third_Party/mongoose/mongoose.o
                0x0801740c                mg_http_status
 .text.is_hex_digit
                0x08017428       0x44 ./Middlewares/Third_Party/mongoose/mongoose.o
 .text.skip_chunk
                0x0801746c      0x11e ./Middlewares/Third_Party/mongoose/mongoose.o
 *fill*         0x0801758a        0x2 
 .text.http_cb  0x0801758c      0x698 ./Middlewares/Third_Party/mongoose/mongoose.o
 .text.mg_http_listen
                0x08017c24       0x38 ./Middlewares/Third_Party/mongoose/mongoose.o
                0x08017c24                mg_http_listen
 .text.roundup  0x08017c5c       0x34 ./Middlewares/Third_Party/mongoose/mongoose.o
 .text.mg_iobuf_resize
                0x08017c90      0x118 ./Middlewares/Third_Party/mongoose/mongoose.o
                0x08017c90                mg_iobuf_resize
 .text.mg_iobuf_add
                0x08017da8       0xa4 ./Middlewares/Third_Party/mongoose/mongoose.o
                0x08017da8                mg_iobuf_add
 .text.mg_iobuf_del
                0x08017e4c       0x96 ./Middlewares/Third_Party/mongoose/mongoose.o
                0x08017e4c                mg_iobuf_del
 .text.mg_iobuf_free
                0x08017ee2       0x18 ./Middlewares/Third_Party/mongoose/mongoose.o
                0x08017ee2                mg_iobuf_free
 *fill*         0x08017efa        0x2 
 .text.escapeseq
                0x08017efc       0x28 ./Middlewares/Third_Party/mongoose/mongoose.o
 .text.json_esc
                0x08017f24       0x60 ./Middlewares/Third_Party/mongoose/mongoose.o
 .text.mg_pass_string
                0x08017f84       0x82 ./Middlewares/Third_Party/mongoose/mongoose.o
 *fill*         0x08018006        0x2 
 .text.mg_atod  0x08018008      0x2d4 ./Middlewares/Third_Party/mongoose/mongoose.o
 .text.mg_json_get
                0x080182dc      0x674 ./Middlewares/Third_Party/mongoose/mongoose.o
                0x080182dc                mg_json_get
 .text.mg_json_get_num
                0x08018950       0x8e ./Middlewares/Third_Party/mongoose/mongoose.o
                0x08018950                mg_json_get_num
 .text.mg_json_get_bool
                0x080189de       0x78 ./Middlewares/Third_Party/mongoose/mongoose.o
                0x080189de                mg_json_get_bool
 .text.mg_json_unescape
                0x08018a56      0x11c ./Middlewares/Third_Party/mongoose/mongoose.o
                0x08018a56                mg_json_unescape
 .text.mg_json_get_str
                0x08018b72       0x9a ./Middlewares/Third_Party/mongoose/mongoose.o
                0x08018b72                mg_json_get_str
 .text.logc     0x08018c0c       0x28 ./Middlewares/Third_Party/mongoose/mongoose.o
 .text.logs     0x08018c34       0x36 ./Middlewares/Third_Party/mongoose/mongoose.o
 *fill*         0x08018c6a        0x2 
 .text.mg_log_prefix
                0x08018c6c       0xa0 ./Middlewares/Third_Party/mongoose/mongoose.o
                0x08018c6c                mg_log_prefix
 .text.mg_log   0x08018d0c       0x40 ./Middlewares/Third_Party/mongoose/mongoose.o
                0x08018d0c                mg_log
 .text.nibble   0x08018d4c       0x2c ./Middlewares/Third_Party/mongoose/mongoose.o
 .text.mg_hexdump
                0x08018d78      0x168 ./Middlewares/Third_Party/mongoose/mongoose.o
                0x08018d78                mg_hexdump
 .text.mg_byte_reverse
                0x08018ee0       0x60 ./Middlewares/Third_Party/mongoose/mongoose.o
 .text.mg_md5_init
                0x08018f40       0x48 ./Middlewares/Third_Party/mongoose/mongoose.o
                0x08018f40                mg_md5_init
 .text.mg_md5_transform
                0x08018f88      0xd10 ./Middlewares/Third_Party/mongoose/mongoose.o
 .text.mg_md5_update
                0x08019c98       0xfc ./Middlewares/Third_Party/mongoose/mongoose.o
                0x08019c98                mg_md5_update
 .text.mg_md5_final
                0x08019d94       0xd8 ./Middlewares/Third_Party/mongoose/mongoose.o
                0x08019d94                mg_md5_final
 .text.mg_mqtt_send_header
                0x08019e6c       0x8a ./Middlewares/Third_Party/mongoose/mongoose.o
                0x08019e6c                mg_mqtt_send_header
 .text.mg_send_u16
                0x08019ef6       0x20 ./Middlewares/Third_Party/mongoose/mongoose.o
 .text.mg_send_u32
                0x08019f16       0x1e ./Middlewares/Third_Party/mongoose/mongoose.o
 .text.varint_size
                0x08019f34       0x2c ./Middlewares/Third_Party/mongoose/mongoose.o
 .text.encode_varint
                0x08019f60       0x4e ./Middlewares/Third_Party/mongoose/mongoose.o
 .text.decode_varint
                0x08019fae       0x72 ./Middlewares/Third_Party/mongoose/mongoose.o
 .text.mqtt_prop_type_by_id
                0x0801a020       0x50 ./Middlewares/Third_Party/mongoose/mongoose.o
 .text.get_properties_length
                0x0801a070      0x11c ./Middlewares/Third_Party/mongoose/mongoose.o
 .text.get_props_size
                0x0801a18c       0x2e ./Middlewares/Third_Party/mongoose/mongoose.o
 *fill*         0x0801a1ba        0x2 
 .text.mg_send_mqtt_properties
                0x0801a1bc      0x294 ./Middlewares/Third_Party/mongoose/mongoose.o
 .text.mg_mqtt_login
                0x0801a450      0x2c8 ./Middlewares/Third_Party/mongoose/mongoose.o
                0x0801a450                mg_mqtt_login
 .text.mg_mqtt_pub
                0x0801a718      0x19c ./Middlewares/Third_Party/mongoose/mongoose.o
                0x0801a718                mg_mqtt_pub
 .text.mg_mqtt_sub
                0x0801a8b4       0xe8 ./Middlewares/Third_Party/mongoose/mongoose.o
                0x0801a8b4                mg_mqtt_sub
 .text.mg_mqtt_parse
                0x0801a99c      0x24a ./Middlewares/Third_Party/mongoose/mongoose.o
                0x0801a99c                mg_mqtt_parse
 *fill*         0x0801abe6        0x2 
 .text.mqtt_cb  0x0801abe8      0x280 ./Middlewares/Third_Party/mongoose/mongoose.o
 .text.mg_mqtt_connect
                0x0801ae68       0x5c ./Middlewares/Third_Party/mongoose/mongoose.o
                0x0801ae68                mg_mqtt_connect
 .text.mg_vprintf
                0x0801aec4       0x38 ./Middlewares/Third_Party/mongoose/mongoose.o
                0x0801aec4                mg_vprintf
 .text.mg_printf
                0x0801aefc       0x34 ./Middlewares/Third_Party/mongoose/mongoose.o
                0x0801aefc                mg_printf
 .text.mg_atonl
                0x0801af30       0x60 ./Middlewares/Third_Party/mongoose/mongoose.o
 .text.mg_atone
                0x0801af90       0x36 ./Middlewares/Third_Party/mongoose/mongoose.o
 .text.mg_aton4
                0x0801afc6       0xec ./Middlewares/Third_Party/mongoose/mongoose.o
 .text.mg_v4mapped
                0x0801b0b2       0xd0 ./Middlewares/Third_Party/mongoose/mongoose.o
 .text.mg_aton6
                0x0801b182      0x220 ./Middlewares/Third_Party/mongoose/mongoose.o
 .text.mg_aton  0x0801b3a2       0x74 ./Middlewares/Third_Party/mongoose/mongoose.o
                0x0801b3a2                mg_aton
 .text.mg_alloc_conn
                0x0801b416       0x58 ./Middlewares/Third_Party/mongoose/mongoose.o
                0x0801b416                mg_alloc_conn
 *fill*         0x0801b46e        0x2 
 .text.mg_close_conn
                0x0801b470       0xd0 ./Middlewares/Third_Party/mongoose/mongoose.o
                0x0801b470                mg_close_conn
 .text.mg_connect
                0x0801b540      0x11c ./Middlewares/Third_Party/mongoose/mongoose.o
                0x0801b540                mg_connect
 .text.mg_listen
                0x0801b65c      0x144 ./Middlewares/Third_Party/mongoose/mongoose.o
                0x0801b65c                mg_listen
 .text.mg_timer_add
                0x0801b7a0       0x50 ./Middlewares/Third_Party/mongoose/mongoose.o
                0x0801b7a0                mg_timer_add
 .text.mg_mgr_init
                0x0801b7f0       0x4c ./Middlewares/Third_Party/mongoose/mongoose.o
                0x0801b7f0                mg_mgr_init
 .text.mg_tcpip_call
                0x0801b83c       0x28 ./Middlewares/Third_Party/mongoose/mongoose.o
 .text.mkpay    0x0801b864       0x3c ./Middlewares/Third_Party/mongoose/mongoose.o
 .text.csumup   0x0801b8a0       0x56 ./Middlewares/Third_Party/mongoose/mongoose.o
 .text.csumfin  0x0801b8f6       0x36 ./Middlewares/Third_Party/mongoose/mongoose.o
 .text.ipcsum   0x0801b92c       0x26 ./Middlewares/Third_Party/mongoose/mongoose.o
 *fill*         0x0801b952        0x2 
 .text.settmout
                0x0801b954       0xb8 ./Middlewares/Third_Party/mongoose/mongoose.o
 .text.ether_output
                0x0801ba0c       0x38 ./Middlewares/Third_Party/mongoose/mongoose.o
 .text.arp_ask  0x0801ba44       0xba ./Middlewares/Third_Party/mongoose/mongoose.o
 *fill*         0x0801bafe        0x2 
 .text.onstatechange
                0x0801bb00      0x128 ./Middlewares/Third_Party/mongoose/mongoose.o
 .text.tx_ip    0x0801bc28       0xac ./Middlewares/Third_Party/mongoose/mongoose.o
 .text.tx_udp   0x0801bcd4       0xd2 ./Middlewares/Third_Party/mongoose/mongoose.o
 *fill*         0x0801bda6        0x2 
 .text.tx_dhcp  0x0801bda8      0x120 ./Middlewares/Third_Party/mongoose/mongoose.o
 .text.tx_dhcp_request_sel
                0x0801bec8       0xec ./Middlewares/Third_Party/mongoose/mongoose.o
 .text.tx_dhcp_request_re
                0x0801bfb4       0x64 ./Middlewares/Third_Party/mongoose/mongoose.o
 .text.tx_dhcp_discover
                0x0801c018       0x78 ./Middlewares/Third_Party/mongoose/mongoose.o
 .text.getpeer  0x0801c090       0xe2 ./Middlewares/Third_Party/mongoose/mongoose.o
 *fill*         0x0801c172        0x2 
 .text.rx_arp   0x0801c174      0x214 ./Middlewares/Third_Party/mongoose/mongoose.o
 .text.rx_icmp  0x0801c388       0xb8 ./Middlewares/Third_Party/mongoose/mongoose.o
 .text.rx_dhcp_client
                0x0801c440      0x3d0 ./Middlewares/Third_Party/mongoose/mongoose.o
 .text.rx_dhcp_server
                0x0801c810      0x3dc ./Middlewares/Third_Party/mongoose/mongoose.o
 .text.rx_udp   0x0801cbec       0xe4 ./Middlewares/Third_Party/mongoose/mongoose.o
 .text.tx_tcp   0x0801ccd0      0x198 ./Middlewares/Third_Party/mongoose/mongoose.o
 .text.tx_tcp_pkt
                0x0801ce68       0x8c ./Middlewares/Third_Party/mongoose/mongoose.o
 .text.accept_conn
                0x0801cef4      0x170 ./Middlewares/Third_Party/mongoose/mongoose.o
 .text.trim_len
                0x0801d064      0x11c ./Middlewares/Third_Party/mongoose/mongoose.o
 .text.mg_io_send
                0x0801d180       0xee ./Middlewares/Third_Party/mongoose/mongoose.o
                0x0801d180                mg_io_send
 *fill*         0x0801d26e        0x2 
 .text.handle_tls_recv
                0x0801d270       0x68 ./Middlewares/Third_Party/mongoose/mongoose.o
 .text.read_conn
                0x0801d2d8      0x42c ./Middlewares/Third_Party/mongoose/mongoose.o
 .text.rx_tcp   0x0801d704      0x260 ./Middlewares/Third_Party/mongoose/mongoose.o
 .text.rx_ip    0x0801d964      0x2d8 ./Middlewares/Third_Party/mongoose/mongoose.o
 .text.rx_ip6   0x0801dc3c       0x84 ./Middlewares/Third_Party/mongoose/mongoose.o
 .text.mg_tcpip_rx
                0x0801dcc0      0x21c ./Middlewares/Third_Party/mongoose/mongoose.o
 .text.mg_tcpip_poll
                0x0801dedc      0x424 ./Middlewares/Third_Party/mongoose/mongoose.o
 .text.mg_tcpip_init