../Core/app/http_server_app/src/dashboard.c:506:13:handle_OPTIONS_method	8	static
../Core/app/http_server_app/src/dashboard.c:611:13:handle_firmware_deactivate	32	static
../Core/app/http_server_app/src/dashboard.c:628:13:handle_web_files_remove	32	static
../Core/app/http_server_app/src/dashboard.c:147:13:handler_logout	288	static
../Core/app/http_server_app/src/dashboard.c:72:13:handle_login	296	static
../Core/app/http_server_app/src/dashboard.c:83:13:auth	432	static
../Core/app/http_server_app/src/dashboard.c:134:13:handler_authanticate	8	static
../Core/app/http_server_app/src/dashboard.c:185:13:handle_ram_status_get	72	static
../Core/app/http_server_app/src/dashboard.c:259:13:handle_io_status_get	88	static
../Middlewares/Third_Party/mongoose/mongoose.h:192:21:mg_calloc	16	static
../Core/app/http_server_app/src/dashboard.c:314:13:handle_mqtt_conf	64	static
../Core/app/http_server_app/src/dashboard.c:419:13:handle_dev_status	320	static
../Core/app/http_server_app/src/dashboard.c:675:13:handle_fs_get_log	72	static
../Core/app/http_server_app/src/dashboard.c:63:13:write_users	24	static
../Core/app/http_server_app/src/dashboard.c:705:13:handle_manage_user	208	static
../Core/app/http_server_app/src/dashboard.c:54:13:load_users	16	static
../Core/app/http_server_app/src/dashboard.c:515:13:handle_restart_mcu	40	static
../Core/app/http_server_app/src/dashboard.c:596:13:handle_activete_and_reboot	32	static
../Core/app/http_server_app/src/dashboard.c:533:13:handle_firmware_upload	160	static
../Core/app/http_server_app/src/dashboard.c:642:13:handle_fs_mkdir	288	static
../Core/app/http_server_app/src/dashboard.c:212:12:calc_file_md5sum	112	static
../Core/app/http_server_app/src/dashboard.c:550:13:handle_firmware_md5	32	static
../Core/app/http_server_app/src/dashboard.c:926:13:dashboard	208	static
../Core/app/http_server_app/src/dashboard.c:982:8:dash_hdl	8	static
../Core/app/http_server_app/src/dashboard.c:990:6:reg_parameter_handler	0	static
