../Core/app/http_server_app/src/dashboard.c:364:13:handle_OPTIONS_method	8	static
../Core/app/http_server_app/src/dashboard.c:469:13:handle_firmware_deactivate	32	static
../Core/app/http_server_app/src/dashboard.c:486:13:handle_web_files_remove	32	static
../Core/app/http_server_app/src/dashboard.c:43:13:handle_ram_status_get	72	static
../Core/app/http_server_app/src/dashboard.c:117:13:handle_io_status_get	88	static
../Middlewares/Third_Party/mongoose/mongoose.h:192:21:mg_calloc	16	static
../Core/app/http_server_app/src/dashboard.c:172:13:handle_mqtt_conf	64	static
../Core/app/http_server_app/src/dashboard.c:277:13:handle_dev_status	320	static
../Core/app/http_server_app/src/dashboard.c:533:13:handle_fs_get_log	72	static
../Core/app/http_server_app/src/dashboard.c:373:13:handle_restart_mcu	40	static
../Core/app/http_server_app/src/dashboard.c:454:13:handle_activete_and_reboot	32	static
../Core/app/http_server_app/src/dashboard.c:391:13:handle_firmware_upload	160	static
../Core/app/http_server_app/src/dashboard.c:70:12:calc_file_md5sum	112	static
../Core/app/http_server_app/src/dashboard.c:408:13:handle_firmware_md5	32	static
../Core/app/http_server_app/src/dashboard.c:500:13:handle_fs_mkdir	288	static
../Core/app/http_server_app/src/dashboard.c:563:13:dashboard	168	static
../Core/app/http_server_app/src/dashboard.c:609:8:dash_hdl	0	static
../Core/app/http_server_app/src/dashboard.c:614:6:reg_parameter_handler	0	static
