../Core/app/http_server_app/src/dashboard.c:516:13:handle_OPTIONS_method	8	static
../Core/app/http_server_app/src/dashboard.c:1018:13:handler_dev_version	40	static
../Core/app/http_server_app/src/dashboard.c:622:13:handle_firmware_deactivate	32	static
../Core/app/http_server_app/src/dashboard.c:639:13:handle_web_files_remove	32	static
../Core/app/http_server_app/src/dashboard.c:157:13:handler_logout	288	static
../Core/app/http_server_app/src/dashboard.c:78:13:handle_login	296	static
../Core/app/http_server_app/src/dashboard.c:90:13:auth	432	static
../Core/app/http_server_app/src/dashboard.c:144:13:handler_authanticate	8	static
../Core/app/http_server_app/src/dashboard.c:197:13:handle_ram_status_get	72	static
../Core/app/http_server_app/src/dashboard.c:269:13:handle_io_status_get	88	static
../Middlewares/Third_Party/mongoose/mongoose.h:192:21:mg_calloc	16	static
../Core/app/http_server_app/src/dashboard.c:324:13:handle_mqtt_conf	64	static
../Core/app/http_server_app/src/dashboard.c:940:13:handle_mb_tcp_access_list	56	static
../Core/app/http_server_app/src/dashboard.c:429:13:handle_dev_status	320	static
../Core/app/http_server_app/src/dashboard.c:686:13:handle_fs_get_log	72	static
../Core/app/http_server_app/src/dashboard.c:68:13:write_users	24	static
../Core/app/http_server_app/src/dashboard.c:716:13:handle_manage_user	208	static
../Core/app/http_server_app/src/dashboard.c:55:13:load_users	16	static
../Core/app/http_server_app/src/dashboard.c:525:13:handle_restart_mcu	40	static
../Core/app/http_server_app/src/dashboard.c:607:13:handle_activete_and_reboot	32	static
../Core/app/http_server_app/src/dashboard.c:1030:13:handler_dev_info	64	static
../Core/app/http_server_app/src/dashboard.c:653:13:handle_fs_mkdir	288	static
../Core/app/http_server_app/src/dashboard.c:543:13:handle_firmware_upload	160	static
../Core/app/http_server_app/src/dashboard.c:222:12:calc_file_md5sum	112	static
../Core/app/http_server_app/src/dashboard.c:561:13:handle_firmware_md5	32	static
../Core/app/http_server_app/src/dashboard.c:1044:13:dashboard	232	static
../Core/app/http_server_app/src/dashboard.c:1121:8:dash_hdl	8	static
../Core/app/http_server_app/src/dashboard.c:1129:6:reg_parameter_handler	0	static
