../Core/app/http_server_app/src/dashboard.c:469:13:handle_OPTIONS_method	8	static
../Core/app/http_server_app/src/dashboard.c:574:13:handle_firmware_deactivate	32	static
../Core/app/http_server_app/src/dashboard.c:591:13:handle_web_files_remove	32	static
../Core/app/http_server_app/src/dashboard.c:72:13:handle_login	296	static
../Core/app/http_server_app/src/dashboard.c:83:13:auth	432	static
../Core/app/http_server_app/src/dashboard.c:134:13:handler_authanticate	8	static
../Core/app/http_server_app/src/dashboard.c:148:13:handle_ram_status_get	72	static
../Core/app/http_server_app/src/dashboard.c:222:13:handle_io_status_get	88	static
../Middlewares/Third_Party/mongoose/mongoose.h:192:21:mg_calloc	16	static
../Core/app/http_server_app/src/dashboard.c:277:13:handle_mqtt_conf	64	static
../Core/app/http_server_app/src/dashboard.c:382:13:handle_dev_status	320	static
../Core/app/http_server_app/src/dashboard.c:638:13:handle_fs_get_log	72	static
../Core/app/http_server_app/src/dashboard.c:63:13:write_users	24	static
../Core/app/http_server_app/src/dashboard.c:668:13:handle_manage_user	216	static
../Core/app/http_server_app/src/dashboard.c:54:13:load_users	16	static
../Core/app/http_server_app/src/dashboard.c:478:13:handle_restart_mcu	40	static
../Core/app/http_server_app/src/dashboard.c:559:13:handle_activete_and_reboot	32	static
../Core/app/http_server_app/src/dashboard.c:496:13:handle_firmware_upload	160	static
../Core/app/http_server_app/src/dashboard.c:605:13:handle_fs_mkdir	288	static
../Core/app/http_server_app/src/dashboard.c:175:12:calc_file_md5sum	112	static
../Core/app/http_server_app/src/dashboard.c:513:13:handle_firmware_md5	32	static
../Core/app/http_server_app/src/dashboard.c:889:13:dashboard	200	static
../Core/app/http_server_app/src/dashboard.c:943:8:dash_hdl	8	static
../Core/app/http_server_app/src/dashboard.c:951:6:reg_parameter_handler	0	static
