../Core/app/ModBusTCP_server/freemodbus_1.6/modbus/port/porttcp.c:31:13:handler_mb_tcp	16	static
../Core/app/ModBusTCP_server/freemodbus_1.6/modbus/port/porttcp.c:62:6:init_mb_tcp	24	static
../Core/app/ModBusTCP_server/freemodbus_1.6/modbus/port/porttcp.c:89:7:xMBTCPPortInit	0	static
../Core/app/ModBusTCP_server/freemodbus_1.6/modbus/port/porttcp.c:96:7:xMBTCPPortGetRequest	0	static
../Core/app/ModBusTCP_server/freemodbus_1.6/modbus/port/porttcp.c:106:6:xMBTCPPortSendResponse	8	static
../Core/app/ModBusTCP_server/freemodbus_1.6/modbus/port/porttcp.c:115:7:vMBTCPPortClose	0	static
../Core/app/ModBusTCP_server/freemodbus_1.6/modbus/port/porttcp.c:119:6:vMBTCPPortDisable	0	static
