../Drivers/SPI_FLASH/src/SPI_flash.c:93:6:function_prototype	0	static
../Drivers/SPI_FLASH/src/SPI_flash.c:544:13:sFLASH_SPI_ReadBuffer	8	static
../Drivers/SPI_FLASH/src/SPI_flash.c:98:6:SPI_flash_reg_cb	4	static
../Drivers/SPI_FLASH/src/SPI_flash.c:116:6:SPI_flash_io_init	0	static
../Drivers/SPI_FLASH/src/SPI_flash.c:202:23:flash_common_info	8	static
../Drivers/SPI_FLASH/src/SPI_flash.c:208:6:sFLASH_CS_LOW	8	static
../Drivers/SPI_FLASH/src/SPI_flash.c:214:6:sFLASH_CS_HIGH	8	static
../Drivers/SPI_FLASH/src/SPI_flash.c:536:9:sFLASH_ReadByte	16	static
../Drivers/SPI_FLASH/src/SPI_flash.c:554:6:sFLASH_SendByte	8	static
../Drivers/SPI_FLASH/src/SPI_flash.c:120:6:sFLASH_Reset	8	static
../Drivers/SPI_FLASH/src/SPI_flash.c:127:6:sFLASH_Init	8	static
../Drivers/SPI_FLASH/src/SPI_flash.c:422:6:sFLASH_ReadBuffer	16	static
../Drivers/SPI_FLASH/src/SPI_flash.c:471:10:sFLASH_ReadID	16	static
../Drivers/SPI_FLASH/src/SPI_flash.c:135:23:sFLASH_GetInfo	16	static
../Drivers/SPI_FLASH/src/SPI_flash.c:512:6:sFLASH_StartReadSequence	8	static
../Drivers/SPI_FLASH/src/SPI_flash.c:587:6:sFLASH_WriteEnable	8	static
../Drivers/SPI_FLASH/src/SPI_flash.c:605:6:sFLASH_WaitForWriteEnd	16	static
../Drivers/SPI_FLASH/src/SPI_flash.c:224:6:sFLASH_EraseSector	8	static
../Drivers/SPI_FLASH/src/SPI_flash.c:247:6:sFLASH_EraseBlock32k	8	static
../Drivers/SPI_FLASH/src/SPI_flash.c:275:6:sFLASH_EraseBulk	8	static
../Drivers/SPI_FLASH/src/SPI_flash.c:303:6:sFLASH_WritePage	16	static
../Drivers/SPI_FLASH/src/SPI_flash.c:344:6:sFLASH_WriteBuffer	32	static
