../Core/Inc/definitions.h:73:21:void* my_calloc(size_t, size_t)	16	static
../Core/app/mqtt_client_app/src/mqtt_gen_strings.cpp:117:19:mqtt_config_error set_device_id(const uint8_t*, unsigned int)	16	static
../Core/app/mqtt_client_app/src/mqtt_gen_strings.cpp:141:19:mqtt_config_error get_dev_id_str(char**, uint32_t*)	0	static
../Core/app/mqtt_client_app/src/mqtt_gen_strings.cpp:153:19:mqtt_config_error set_device_conf_ip(char*, unsigned int)	16	static
../Core/app/mqtt_client_app/src/mqtt_gen_strings.cpp:171:5:int set_home_assistant_prefix(char*, uint8_t)	8	static
../Core/app/mqtt_client_app/src/mqtt_gen_strings.cpp:178:5:int get_config_topik_string(char*, uint32_t, uint8_t, uint8_t)	32	static
../Core/app/mqtt_client_app/src/mqtt_gen_strings.cpp:222:5:int get_config_payload_string(char*, uint32_t, uint8_t, uint8_t)	128	static
../Core/app/mqtt_client_app/src/mqtt_gen_strings.cpp:341:5:int gen_bin_sensor_status_payload_JSON(char*, uint32_t, uint8_t, uint8_t, uint8_t)	24	static
../Core/app/mqtt_client_app/src/mqtt_gen_strings.cpp:391:5:int generate_comand_topik_for_subscrabe(char*, uint32_t, uint8_t, uint8_t)	24	static
../Core/app/mqtt_client_app/src/mqtt_gen_strings.cpp:401:5:int generate_status_topik(char*, uint32_t, mqtt_sensor_type_t, uint8_t)	24	static
../Core/app/mqtt_client_app/src/mqtt_gen_strings.cpp:429:6:void generate_key_value_JSON(char*, char*, float)	24	static
