../Core/Inc/definitions.h:51:21:void* my_calloc(size_t, size_t)	24	static
../Core/app/mqtt_client_app/src/mqtt.cpp:41:13:void mqtt_send_registration_data(mg_connection*, const SensorInfo*, size_t)	64	static
../Core/app/mqtt_client_app/src/mqtt.cpp:63:13:void mqtt_send_io_status(mg_connection*, bool)	64	static
../Core/app/mqtt_client_app/src/mqtt.cpp:112:13:void mqtt_subscrabe_on_sw(mg_connection*, const SensorInfo*, size_t)	48	static
../Core/app/mqtt_client_app/src/mqtt.cpp:128:13:void mqtt_subscrabe_recv_cmd_parce(mg_mqtt_message*)	40	static
../Core/app/mqtt_client_app/src/mqtt.cpp:181:13:void mqtt_pereodic_status_send_timer_handler(void*)	16	static
../Core/app/mqtt_client_app/src/mqtt.cpp:187:13:void mqtt_event_handler(mg_connection*, int, void*)	32	static
../Core/app/mqtt_client_app/src/mqtt.cpp:212:13:void mqtt_timer_handler(void*)	40	static
../Core/app/mqtt_client_app/src/mqtt.cpp:234:13:void mqtt_timer_handler_cher_io_status(void*)	16	static
../Core/app/mqtt_client_app/src/mqtt.cpp:241:23:mg_connection* get_mqtt_connection()	4	static
../Core/app/mqtt_client_app/src/mqtt.cpp:246:6:void mqtt_init(void*, void*, void*, void*, void*, void (*)(void*, sett_type_t, sett_direction_t))	56	static
