../Core/Src/freertos.c:799:6:EthBegin	8	static
../Core/Src/freertos.c:804:6:EthEnd	8	static
../Core/Src/freertos.c:815:6:FlashBegin	8	static
../Core/Src/freertos.c:820:6:FlashEnd	8	static
../Core/Src/freertos.c:377:6:StartIOTask	88	static
../Core/Src/freertos.c:894:6:add_log_mess_to_q	8	static
../Core/Src/freertos.c:574:6:StartSettingsTask	264	static
../Core/Src/freertos.c:864:6:RW_parameters_from_queue	8	static
../Core/Src/freertos.c:446:6:StartDisplayTask	72	static
../Core/Src/freertos.c:682:6:StartLoggingTask	352	static
../Core/Src/freertos.c:776:6:StartWatchDogTask	8	static
../Core/Src/freertos.c:809:9:EthTxn	32	static
../Core/Src/freertos.c:825:6:FlashSPIsendByte	16	static
../Core/Src/freertos.c:829:5:FlashSPIrecvBuff	8	static
../Core/Src/freertos.c:833:6:FS_Lock	8	static
../Core/Src/freertos.c:837:6:FS_Unlock	8	static
../Core/Src/freertos.c:196:6:MX_FREERTOS_Init	8	static
../Core/Src/freertos.c:791:6:EthResetBegin	8	static
../Core/Src/freertos.c:795:6:EthResetEnd	8	static
../Core/Src/freertos.c:276:6:StartEthTask	440	static
../Core/Src/freertos.c:841:9:EthSPIsendReceiveByte	32	static
../Core/Src/freertos.c:855:9:spi_txn	8	static
../Core/Src/freertos.c:900:6:empty_fn	0	static
../Core/Src/freertos.c:902:14:eMBRegDiscreteCB	32	static
../Core/Src/freertos.c:921:14:eMBRegCoilsCB	40	static
../Core/Src/freertos.c:957:14:eMBRegInputCB	0	static
../Core/Src/freertos.c:962:14:eMBRegHoldingCB	0	static
