../Core/Src/freertos.c:708:6:EthBegin	8	static
../Core/Src/freertos.c:713:6:EthEnd	8	static
../Core/Src/freertos.c:724:6:FlashBegin	8	static
../Core/Src/freertos.c:729:6:FlashEnd	8	static
../Core/Src/freertos.c:372:6:StartIOTask	88	static
../Core/Src/freertos.c:812:6:add_log_mess_to_q	8	static
../Core/Src/freertos.c:441:6:StartDisplayTask	72	static
../Core/Src/freertos.c:505:6:StartSettingsTask	264	static
../Core/Src/freertos.c:782:6:RW_parameters_from_queue	8	static
../Core/Src/freertos.c:615:6:StartLoggingTask	344	static
../Core/Src/freertos.c:686:6:StartWatchDogTask	8	static
../Core/Src/freertos.c:718:9:EthTxn	32	static
../Core/Src/freertos.c:734:6:FlashSPIsendByte	16	static
../Core/Src/freertos.c:738:5:FlashSPIrecvBuff	8	static
../Core/Src/freertos.c:751:6:FS_Lock	8	static
../Core/Src/freertos.c:755:6:FS_Unlock	8	static
../Core/Src/freertos.c:191:6:MX_FREERTOS_Init	8	static
../Core/Src/freertos.c:700:6:EthResetBegin	8	static
../Core/Src/freertos.c:704:6:EthResetEnd	8	static
../Core/Src/freertos.c:271:6:StartEthTask	440	static
../Core/Src/freertos.c:759:9:EthSPIsendReceiveByte	32	static
../Core/Src/freertos.c:773:9:spi_txn	8	static
../Core/Src/freertos.c:818:6:empty_fn	0	static
../Core/Src/freertos.c:820:14:eMBRegDiscreteCB	32	static
../Core/Src/freertos.c:839:14:eMBRegCoilsCB	40	static
../Core/Src/freertos.c:875:14:eMBRegInputCB	0	static
../Core/Src/freertos.c:880:14:eMBRegHoldingCB	0	static
