../Core/Src/freertos.c:347:6:StartIOTask	64	static
../Core/Src/freertos.c:710:6:add_log_mess_to_q	8	static
../Core/Src/freertos.c:416:6:StartDisplayTask	56	static
../Core/Src/freertos.c:680:6:RW_parameters_from_queue	8	static
../Core/Src/freertos.c:480:6:StartSettingsTask	216	static
../Core/Src/freertos.c:542:6:StartLoggingTask	336	static
../Core/Src/freertos.c:614:6:EthBegin	8	static
../Core/Src/freertos.c:631:6:FlashBegin	8	static
../Core/Src/freertos.c:649:6:FS_Lock	8	static
../Core/Src/freertos.c:619:6:EthEnd	8	static
../Core/Src/freertos.c:636:6:FlashEnd	8	static
../Core/Src/freertos.c:653:6:FS_Unlock	8	static
../Core/Src/freertos.c:625:9:EthTxn	32	static
../Core/Src/freertos.c:641:6:SendByteSPI2	16	static
../Core/Src/freertos.c:645:5:RecvBuffSPI2	8	static
../Core/Src/freertos.c:173:6:MX_FREERTOS_Init	8	static
../Core/Src/freertos.c:606:6:EthResetBegin	8	static
../Core/Src/freertos.c:610:6:EthResetEnd	8	static
../Core/Src/freertos.c:250:6:StartEthTask	440	static
../Core/Src/freertos.c:657:9:SPI_SendReceiveByte	32	static
../Core/Src/freertos.c:671:9:spi_txn	8	static
