../Middlewares/Third_Party/mongoose/mongoose.h:192:21:mg_calloc	24	static
../Core/app/http_server_app/src/dashboard.c:43:13:handle_ram_status_get	96	static
../Core/app/http_server_app/src/dashboard.c:70:12:calc_file_md5sum	136	static
../Core/app/http_server_app/src/dashboard.c:117:13:handle_io_status_get	96	static
../Core/app/http_server_app/src/dashboard.c:172:13:handle_mqtt_conf	80	static
../Core/app/http_server_app/src/dashboard.c:277:13:handle_dev_status	336	static
../Core/app/http_server_app/src/dashboard.c:364:13:handle_OPTIONS_method	16	static
../Core/app/http_server_app/src/dashboard.c:373:13:handle_restart_mcu	48	static
../Core/app/http_server_app/src/dashboard.c:391:13:handle_firmware_upload	160	static
../Core/app/http_server_app/src/dashboard.c:408:13:handle_firmware_md5	40	static
../Core/app/http_server_app/src/dashboard.c:426:13:handle_firmware_activate	48	static
../Core/app/http_server_app/src/dashboard.c:454:13:handle_firmware_deactivate	32	static
../Core/app/http_server_app/src/dashboard.c:471:13:handle_web_files_remove	32	static
../Core/app/http_server_app/src/dashboard.c:485:13:handle_fs_mkdir	288	static
../Core/app/http_server_app/src/dashboard.c:518:13:handle_fs_get_log	72	static
../Core/app/http_server_app/src/dashboard.c:548:13:dashboard	184	static
../Core/app/http_server_app/src/dashboard.c:594:8:dash_hdl	4	static
../Core/app/http_server_app/src/dashboard.c:599:6:reg_parameter_handler	16	static
