../Core/app/http_server_app/src/dashboard.c:77:13:handle_login	296	static
../Core/app/http_server_app/src/dashboard.c:89:13:auth	424	static
../Core/app/http_server_app/src/dashboard.c:685:13:handle_fs_get_log	72	static
../Core/app/http_server_app/src/dashboard.c:67:13:write_users	24	static
../Core/app/http_server_app/src/dashboard.c:524:13:handle_restart_mcu	40	static
../Core/app/http_server_app/src/dashboard.c:1041:13:dashboard	672	static
../Core/app/http_server_app/src/dashboard.c:1118:8:dash_hdl	8	static
../Core/app/http_server_app/src/dashboard.c:1126:6:reg_parameter_handler	0	static
