../Middlewares/Third_Party/mongoose/mongoose.h:192:21:mg_calloc	24	static
../Core/app/http_server_app/src/dashboard.c:54:13:load_users	32	static
../Core/app/http_server_app/src/dashboard.c:67:13:write_users	32	static
../Core/app/http_server_app/src/dashboard.c:77:13:handle_login	304	static
../Core/app/http_server_app/src/dashboard.c:89:13:auth	456	static
../Core/app/http_server_app/src/dashboard.c:143:13:handler_authanticate	16	static
../Core/app/http_server_app/src/dashboard.c:156:13:handler_logout	288	static
../Core/app/http_server_app/src/dashboard.c:196:13:handle_ram_status_get	96	static
../Core/app/http_server_app/src/dashboard.c:221:12:calc_file_md5sum	136	static
../Core/app/http_server_app/src/dashboard.c:268:13:handle_io_status_get	96	static
../Core/app/http_server_app/src/dashboard.c:323:13:handle_mqtt_conf	80	static
../Core/app/http_server_app/src/dashboard.c:428:13:handle_dev_status	336	static
../Core/app/http_server_app/src/dashboard.c:515:13:handle_OPTIONS_method	16	static
../Core/app/http_server_app/src/dashboard.c:524:13:handle_restart_mcu	48	static
../Core/app/http_server_app/src/dashboard.c:542:13:handle_firmware_upload	160	static
../Core/app/http_server_app/src/dashboard.c:560:13:handle_firmware_md5	40	static
../Core/app/http_server_app/src/dashboard.c:578:13:handle_firmware_activate	48	static
../Core/app/http_server_app/src/dashboard.c:606:13:handle_activete_and_reboot	32	static
../Core/app/http_server_app/src/dashboard.c:621:13:handle_firmware_deactivate	32	static
../Core/app/http_server_app/src/dashboard.c:638:13:handle_web_files_remove	32	static
../Core/app/http_server_app/src/dashboard.c:652:13:handle_fs_mkdir	288	static
../Core/app/http_server_app/src/dashboard.c:685:13:handle_fs_get_log	72	static
../Core/app/http_server_app/src/dashboard.c:715:13:handle_manage_user	272	static
../Core/app/http_server_app/src/dashboard.c:939:13:handle_mb_tcp_access_list	72	static
../Core/app/http_server_app/src/dashboard.c:1017:13:handler_dev_version	32	static
../Core/app/http_server_app/src/dashboard.c:1030:13:dashboard	232	static
../Core/app/http_server_app/src/dashboard.c:1104:8:dash_hdl	8	static
../Core/app/http_server_app/src/dashboard.c:1112:6:reg_parameter_handler	16	static
