../Core/app/http_server_app/src/dashboard.c:78:13:handle_login	296	static
../Core/app/http_server_app/src/dashboard.c:90:13:auth	424	static
../Core/app/http_server_app/src/dashboard.c:686:13:handle_fs_get_log	72	static
../Core/app/http_server_app/src/dashboard.c:68:13:write_users	24	static
../Core/app/http_server_app/src/dashboard.c:525:13:handle_restart_mcu	40	static
../Core/app/http_server_app/src/dashboard.c:1044:13:dashboard	680	static
../Core/app/http_server_app/src/dashboard.c:1121:8:dash_hdl	8	static
../Core/app/http_server_app/src/dashboard.c:1129:6:reg_parameter_handler	0	static
