../Core/Src/freertos.c:171:6:MX_FREERTOS_Init	8	static
../Core/Src/freertos.c:248:6:StartEthTask	464	static
../Core/Src/freertos.c:344:6:StartIOTask	80	static
../Core/Src/freertos.c:413:6:StartDisplayTask	80	static
../Core/Src/freertos.c:477:6:StartSettingsTask	224	static
../Core/Src/freertos.c:539:6:StartLoggingTask	360	static
../Core/Src/freertos.c:594:6:EthResetBegin	8	static
../Core/Src/freertos.c:598:6:EthResetEnd	8	static
../Core/Src/freertos.c:602:6:EthBegin	16	static
../Core/Src/freertos.c:611:6:EthEnd	16	static
../Core/Src/freertos.c:622:9:EthTxn	32	static
../Core/Src/freertos.c:628:6:FlashBegin	8	static
../Core/Src/freertos.c:637:6:FlashEnd	8	static
../Core/Src/freertos.c:648:6:SendByteSPI2	16	static
../Core/Src/freertos.c:652:5:RecvBuffSPI2	16	static
../Core/Src/freertos.c:656:6:FS_Lock	16	static
../Core/Src/freertos.c:660:6:FS_Unlock	16	static
../Core/Src/freertos.c:664:9:SPI_SendReceiveByte	32	static
../Core/Src/freertos.c:678:9:spi_txn	24	static
../Core/Src/freertos.c:687:6:RW_parameters_from_queue	32	static
../Core/Src/freertos.c:717:6:add_log_mess_to_q	8	static
