../Core/Src/freertos.c:153:6:MX_FREERTOS_Init	8	static
../Core/Src/freertos.c:223:6:StartEthTask	472	static
../Core/Src/freertos.c:312:6:StartIOTask	80	static
../Core/Src/freertos.c:381:6:StartDisplayTask	16	static
../Core/Src/freertos.c:399:6:StartSettingsTask	224	static
../Core/Src/freertos.c:453:6:EthResetBegin	8	static
../Core/Src/freertos.c:457:6:EthResetEnd	8	static
../Core/Src/freertos.c:461:6:EthBegin	16	static
../Core/Src/freertos.c:466:6:EthEnd	16	static
../Core/Src/freertos.c:471:9:EthTxn	32	static
../Core/Src/freertos.c:477:6:FlashBegin	8	static
../Core/Src/freertos.c:482:6:FlashEnd	8	static
../Core/Src/freertos.c:487:6:SendByteSPI2	16	static
../Core/Src/freertos.c:491:5:RecvBuffSPI2	16	static
../Core/Src/freertos.c:495:6:FS_Lock	16	static
../Core/Src/freertos.c:499:6:FS_Unlock	16	static
../Core/Src/freertos.c:503:9:SPI_SendReceiveByte	32	static
../Core/Src/freertos.c:517:9:spi_txn	24	static
../Core/Src/freertos.c:526:6:RW_parameters_from_queue	32	static
