../Core/Src/freertos.c:675:6:EthBegin	8	static
../Core/Src/freertos.c:680:6:EthEnd	8	static
../Core/Src/freertos.c:691:6:FlashBegin	8	static
../Core/Src/freertos.c:696:6:FlashEnd	8	static
../Core/Src/freertos.c:358:6:StartIOTask	64	static
../Core/Src/freertos.c:779:6:add_log_mess_to_q	8	static
../Core/Src/freertos.c:427:6:StartDisplayTask	56	static
../Core/Src/freertos.c:491:6:StartSettingsTask	248	static
../Core/Src/freertos.c:749:6:RW_parameters_from_queue	8	static
../Core/Src/freertos.c:601:6:StartLoggingTask	336	static
../Core/Src/freertos.c:685:9:EthTxn	32	static
../Core/Src/freertos.c:701:6:FlashSPIsendByte	16	static
../Core/Src/freertos.c:705:5:FlashSPIrecvBuff	8	static
../Core/Src/freertos.c:718:6:FS_Lock	8	static
../Core/Src/freertos.c:722:6:FS_Unlock	8	static
../Core/Src/freertos.c:180:6:MX_FREERTOS_Init	8	static
../Core/Src/freertos.c:667:6:EthResetBegin	8	static
../Core/Src/freertos.c:671:6:EthResetEnd	8	static
../Core/Src/freertos.c:257:6:StartEthTask	440	static
../Core/Src/freertos.c:726:9:EthSPIsendReceiveByte	32	static
../Core/Src/freertos.c:740:9:spi_txn	8	static
../Core/Src/freertos.c:785:6:empty_fn	0	static
