../Core/Src/freertos.c:171:6:MX_FREERTOS_Init	8	static
../Core/Src/freertos.c:248:6:StartEthTask	464	static
../Core/Src/freertos.c:344:6:StartIOTask	80	static
../Core/Src/freertos.c:413:6:StartDisplayTask	80	static
../Core/Src/freertos.c:477:6:StartSettingsTask	224	static
../Core/Src/freertos.c:537:6:StartLoggingTask	360	static
../Core/Src/freertos.c:592:6:EthResetBegin	8	static
../Core/Src/freertos.c:596:6:EthResetEnd	8	static
../Core/Src/freertos.c:600:6:EthBegin	16	static
../Core/Src/freertos.c:609:6:EthEnd	16	static
../Core/Src/freertos.c:620:9:EthTxn	32	static
../Core/Src/freertos.c:626:6:FlashBegin	8	static
../Core/Src/freertos.c:635:6:FlashEnd	8	static
../Core/Src/freertos.c:646:6:SendByteSPI2	16	static
../Core/Src/freertos.c:650:5:RecvBuffSPI2	16	static
../Core/Src/freertos.c:654:6:FS_Lock	16	static
../Core/Src/freertos.c:658:6:FS_Unlock	16	static
../Core/Src/freertos.c:662:9:SPI_SendReceiveByte	32	static
../Core/Src/freertos.c:676:9:spi_txn	24	static
../Core/Src/freertos.c:685:6:RW_parameters_from_queue	32	static
../Core/Src/freertos.c:715:6:add_log_mess_to_q	8	static
