../Core/Src/freertos.c:677:6:EthBegin	8	static
../Core/Src/freertos.c:682:6:EthEnd	8	static
../Core/Src/freertos.c:693:6:FlashBegin	8	static
../Core/Src/freertos.c:698:6:FlashEnd	8	static
../Core/Src/freertos.c:360:6:StartIOTask	64	static
../Core/Src/freertos.c:781:6:add_log_mess_to_q	8	static
../Core/Src/freertos.c:429:6:StartDisplayTask	56	static
../Core/Src/freertos.c:493:6:StartSettingsTask	248	static
../Core/Src/freertos.c:751:6:RW_parameters_from_queue	8	static
../Core/Src/freertos.c:603:6:StartLoggingTask	336	static
../Core/Src/freertos.c:687:9:EthTxn	32	static
../Core/Src/freertos.c:703:6:FlashSPIsendByte	16	static
../Core/Src/freertos.c:707:5:FlashSPIrecvBuff	8	static
../Core/Src/freertos.c:720:6:FS_Lock	8	static
../Core/Src/freertos.c:724:6:FS_Unlock	8	static
../Core/Src/freertos.c:182:6:MX_FREERTOS_Init	8	static
../Core/Src/freertos.c:669:6:EthResetBegin	8	static
../Core/Src/freertos.c:673:6:EthResetEnd	8	static
../Core/Src/freertos.c:259:6:StartEthTask	440	static
../Core/Src/freertos.c:728:9:EthSPIsendReceiveByte	32	static
../Core/Src/freertos.c:742:9:spi_txn	8	static
../Core/Src/freertos.c:787:6:empty_fn	0	static
../Core/Src/freertos.c:789:14:eMBRegDiscreteCB	24	static
../Core/Src/freertos.c:808:14:eMBRegCoilsCB	32	static
../Core/Src/freertos.c:844:14:eMBRegInputCB	0	static
../Core/Src/freertos.c:849:14:eMBRegHoldingCB	0	static
