../Core/Src/freertos.c:783:6:EthBegin	8	static
../Core/Src/freertos.c:788:6:EthEnd	8	static
../Core/Src/freertos.c:799:6:FlashBegin	8	static
../Core/Src/freertos.c:804:6:FlashEnd	8	static
../Core/Src/freertos.c:376:6:StartIOTask	64	static
../Core/Src/freertos.c:878:6:add_log_mess_to_q	8	static
../Core/Src/freertos.c:573:6:StartSettingsTask	248	static
../Core/Src/freertos.c:848:6:RW_parameters_from_queue	8	static
../Core/Src/freertos.c:445:6:StartDisplayTask	64	static
../Core/Src/freertos.c:681:6:StartLoggingTask	336	static
../Core/Src/freertos.c:760:6:StartWatchDogTask	8	static
../Core/Src/freertos.c:793:9:EthTxn	32	static
../Core/Src/freertos.c:809:6:FlashSPIsendByte	16	static
../Core/Src/freertos.c:813:5:FlashSPIrecvBuff	8	static
../Core/Src/freertos.c:817:6:FS_Lock	8	static
../Core/Src/freertos.c:821:6:FS_Unlock	8	static
../Core/Src/freertos.c:195:6:MX_FREERTOS_Init	8	static
../Core/Src/freertos.c:775:6:EthResetBegin	8	static
../Core/Src/freertos.c:779:6:EthResetEnd	8	static
../Core/Src/freertos.c:275:6:StartEthTask	440	static
../Core/Src/freertos.c:825:9:EthSPIsendReceiveByte	32	static
../Core/Src/freertos.c:839:9:spi_txn	8	static
../Core/Src/freertos.c:884:6:empty_fn	0	static
../Core/Src/freertos.c:886:14:eMBRegDiscreteCB	24	static
../Core/Src/freertos.c:905:14:eMBRegCoilsCB	32	static
../Core/Src/freertos.c:941:14:eMBRegInputCB	0	static
../Core/Src/freertos.c:946:14:eMBRegHoldingCB	0	static
