../Core/Src/freertos.c:795:6:EthBegin	8	static
../Core/Src/freertos.c:800:6:EthEnd	8	static
../Core/Src/freertos.c:811:6:FlashBegin	8	static
../Core/Src/freertos.c:816:6:FlashEnd	8	static
../Core/Src/freertos.c:377:6:StartIOTask	64	static
../Core/Src/freertos.c:890:6:add_log_mess_to_q	8	static
../Core/Src/freertos.c:574:6:StartSettingsTask	248	static
../Core/Src/freertos.c:860:6:RW_parameters_from_queue	8	static
../Core/Src/freertos.c:446:6:StartDisplayTask	64	static
../Core/Src/freertos.c:682:6:StartLoggingTask	344	static
../Core/Src/freertos.c:772:6:StartWatchDogTask	8	static
../Core/Src/freertos.c:805:9:EthTxn	32	static
../Core/Src/freertos.c:821:6:FlashSPIsendByte	16	static
../Core/Src/freertos.c:825:5:FlashSPIrecvBuff	8	static
../Core/Src/freertos.c:829:6:FS_Lock	8	static
../Core/Src/freertos.c:833:6:FS_Unlock	8	static
../Core/Src/freertos.c:196:6:MX_FREERTOS_Init	8	static
../Core/Src/freertos.c:787:6:EthResetBegin	8	static
../Core/Src/freertos.c:791:6:EthResetEnd	8	static
../Core/Src/freertos.c:276:6:StartEthTask	440	static
../Core/Src/freertos.c:837:9:EthSPIsendReceiveByte	32	static
../Core/Src/freertos.c:851:9:spi_txn	8	static
../Core/Src/freertos.c:896:6:empty_fn	0	static
../Core/Src/freertos.c:898:14:eMBRegDiscreteCB	24	static
../Core/Src/freertos.c:917:14:eMBRegCoilsCB	32	static
../Core/Src/freertos.c:953:14:eMBRegInputCB	0	static
../Core/Src/freertos.c:958:14:eMBRegHoldingCB	0	static
