../Core/Src/freertos.c:707:6:EthBegin	8	static
../Core/Src/freertos.c:712:6:EthEnd	8	static
../Core/Src/freertos.c:723:6:FlashBegin	8	static
../Core/Src/freertos.c:728:6:FlashEnd	8	static
../Core/Src/freertos.c:372:6:StartIOTask	64	static
../Core/Src/freertos.c:802:6:add_log_mess_to_q	8	static
../Core/Src/freertos.c:441:6:StartDisplayTask	56	static
../Core/Src/freertos.c:505:6:StartSettingsTask	248	static
../Core/Src/freertos.c:772:6:RW_parameters_from_queue	8	static
../Core/Src/freertos.c:611:6:StartLoggingTask	336	static
../Core/Src/freertos.c:684:6:StartWatchDogTask	8	static
../Core/Src/freertos.c:717:9:EthTxn	32	static
../Core/Src/freertos.c:733:6:FlashSPIsendByte	16	static
../Core/Src/freertos.c:737:5:FlashSPIrecvBuff	8	static
../Core/Src/freertos.c:741:6:FS_Lock	8	static
../Core/Src/freertos.c:745:6:FS_Unlock	8	static
../Core/Src/freertos.c:191:6:MX_FREERTOS_Init	8	static
../Core/Src/freertos.c:699:6:EthResetBegin	8	static
../Core/Src/freertos.c:703:6:EthResetEnd	8	static
../Core/Src/freertos.c:271:6:StartEthTask	440	static
../Core/Src/freertos.c:749:9:EthSPIsendReceiveByte	32	static
../Core/Src/freertos.c:763:9:spi_txn	8	static
../Core/Src/freertos.c:808:6:empty_fn	0	static
../Core/Src/freertos.c:810:14:eMBRegDiscreteCB	24	static
../Core/Src/freertos.c:829:14:eMBRegCoilsCB	32	static
../Core/Src/freertos.c:865:14:eMBRegInputCB	0	static
../Core/Src/freertos.c:870:14:eMBRegHoldingCB	0	static
