../Core/Src/freertos.c:1000:6:my_custom_log_function	8	static
../Core/Src/freertos.c:832:6:EthBegin	8	static
../Core/Src/freertos.c:837:6:EthEnd	8	static
../Core/Src/freertos.c:848:6:FlashBegin	8	static
../Core/Src/freertos.c:853:6:FlashEnd	8	static
../Core/Src/freertos.c:381:6:StartIOTask	64	static
../Core/Src/freertos.c:927:6:add_log_mess_to_q	8	static
../Core/Src/freertos.c:578:6:StartSettingsTask	248	static
../Core/Src/freertos.c:897:6:RW_parameters_from_queue	8	static
../Core/Src/freertos.c:450:6:StartDisplayTask	64	static
../Core/Src/freertos.c:686:6:StartLoggingTask	320	static
../Core/Src/freertos.c:809:6:StartWatchDogTask	8	static
../Core/Src/freertos.c:842:9:EthTxn	32	static
../Core/Src/freertos.c:858:6:FlashSPIsendByte	16	static
../Core/Src/freertos.c:862:5:FlashSPIrecvBuff	8	static
../Core/Src/freertos.c:866:6:FS_Lock	8	static
../Core/Src/freertos.c:870:6:FS_Unlock	8	static
../Core/Src/freertos.c:197:6:MX_FREERTOS_Init	8	static
../Core/Src/freertos.c:824:6:EthResetBegin	8	static
../Core/Src/freertos.c:828:6:EthResetEnd	8	static
../Core/Src/freertos.c:277:6:StartEthTask	440	static
../Core/Src/freertos.c:874:9:EthSPIsendReceiveByte	32	static
../Core/Src/freertos.c:888:9:spi_txn	8	static
../Core/Src/freertos.c:933:6:empty_fn	0	static
../Core/Src/freertos.c:935:14:eMBRegDiscreteCB	24	static
../Core/Src/freertos.c:954:14:eMBRegCoilsCB	32	static
../Core/Src/freertos.c:990:14:eMBRegInputCB	0	static
../Core/Src/freertos.c:995:14:eMBRegHoldingCB	0	static
