../Core/Src/freertos.c:654:6:EthBegin	8	static
../Core/Src/freertos.c:659:6:EthEnd	8	static
../Core/Src/freertos.c:670:6:FlashBegin	8	static
../Core/Src/freertos.c:675:6:FlashEnd	8	static
../Core/Src/freertos.c:354:6:StartIOTask	64	static
../Core/Src/freertos.c:758:6:add_log_mess_to_q	8	static
../Core/Src/freertos.c:423:6:StartDisplayTask	56	static
../Core/Src/freertos.c:487:6:StartSettingsTask	248	static
../Core/Src/freertos.c:728:6:RW_parameters_from_queue	8	static
../Core/Src/freertos.c:580:6:StartLoggingTask	336	static
../Core/Src/freertos.c:664:9:EthTxn	32	static
../Core/Src/freertos.c:680:6:FlashSPIsendByte	16	static
../Core/Src/freertos.c:684:5:FlashSPIrecvBuff	8	static
../Core/Src/freertos.c:697:6:FS_Lock	8	static
../Core/Src/freertos.c:701:6:FS_Unlock	8	static
../Core/Src/freertos.c:177:6:MX_FREERTOS_Init	8	static
../Core/Src/freertos.c:646:6:EthResetBegin	8	static
../Core/Src/freertos.c:650:6:EthResetEnd	8	static
../Core/Src/freertos.c:254:6:StartEthTask	440	static
../Core/Src/freertos.c:705:9:EthSPIsendReceiveByte	32	static
../Core/Src/freertos.c:719:9:spi_txn	8	static
../Core/Src/freertos.c:764:6:empty_fn	0	static
