../Core/Src/freertos.c:623:6:EthBegin	8	static
../Core/Src/freertos.c:628:6:EthEnd	8	static
../Core/Src/freertos.c:639:6:FlashBegin	8	static
../Core/Src/freertos.c:644:6:FlashEnd	8	static
../Core/Src/freertos.c:351:6:StartIOTask	64	static
../Core/Src/freertos.c:727:6:add_log_mess_to_q	8	static
../Core/Src/freertos.c:420:6:StartDisplayTask	56	static
../Core/Src/freertos.c:697:6:RW_parameters_from_queue	8	static
../Core/Src/freertos.c:484:6:StartSettingsTask	216	static
../Core/Src/freertos.c:550:6:StartLoggingTask	336	static
../Core/Src/freertos.c:633:9:EthTxn	32	static
../Core/Src/freertos.c:649:6:FlashSPIsendByte	16	static
../Core/Src/freertos.c:653:5:FlashSPIrecvBuff	8	static
../Core/Src/freertos.c:666:6:FS_Lock	8	static
../Core/Src/freertos.c:670:6:FS_Unlock	8	static
../Core/Src/freertos.c:177:6:MX_FREERTOS_Init	8	static
../Core/Src/freertos.c:615:6:EthResetBegin	8	static
../Core/Src/freertos.c:619:6:EthResetEnd	8	static
../Core/Src/freertos.c:254:6:StartEthTask	440	static
../Core/Src/freertos.c:674:9:EthSPIsendReceiveByte	32	static
../Core/Src/freertos.c:688:9:spi_txn	8	static
../Core/Src/freertos.c:733:6:empty_fn	0	static
