../Core/Src/freertos.c:778:6:EthBegin	8	static
../Core/Src/freertos.c:783:6:EthEnd	8	static
../Core/Src/freertos.c:794:6:FlashBegin	8	static
../Core/Src/freertos.c:799:6:FlashEnd	8	static
../Core/Src/freertos.c:376:6:StartIOTask	64	static
../Core/Src/freertos.c:873:6:add_log_mess_to_q	8	static
../Core/Src/freertos.c:572:6:StartSettingsTask	248	static
../Core/Src/freertos.c:843:6:RW_parameters_from_queue	8	static
../Core/Src/freertos.c:445:6:StartDisplayTask	56	static
../Core/Src/freertos.c:680:6:StartLoggingTask	336	static
../Core/Src/freertos.c:755:6:StartWatchDogTask	8	static
../Core/Src/freertos.c:788:9:EthTxn	32	static
../Core/Src/freertos.c:804:6:FlashSPIsendByte	16	static
../Core/Src/freertos.c:808:5:FlashSPIrecvBuff	8	static
../Core/Src/freertos.c:812:6:FS_Lock	8	static
../Core/Src/freertos.c:816:6:FS_Unlock	8	static
../Core/Src/freertos.c:195:6:MX_FREERTOS_Init	8	static
../Core/Src/freertos.c:770:6:EthResetBegin	8	static
../Core/Src/freertos.c:774:6:EthResetEnd	8	static
../Core/Src/freertos.c:275:6:StartEthTask	440	static
../Core/Src/freertos.c:820:9:EthSPIsendReceiveByte	32	static
../Core/Src/freertos.c:834:9:spi_txn	8	static
../Core/Src/freertos.c:879:6:empty_fn	0	static
../Core/Src/freertos.c:881:14:eMBRegDiscreteCB	24	static
../Core/Src/freertos.c:900:14:eMBRegCoilsCB	32	static
../Core/Src/freertos.c:936:14:eMBRegInputCB	0	static
../Core/Src/freertos.c:941:14:eMBRegHoldingCB	0	static
