../Core/Src/freertos.c:979:6:my_custom_log_function	8	static
../Core/Src/freertos.c:811:6:EthBegin	8	static
../Core/Src/freertos.c:816:6:EthEnd	8	static
../Core/Src/freertos.c:827:6:FlashBegin	8	static
../Core/Src/freertos.c:832:6:FlashEnd	8	static
../Core/Src/freertos.c:381:6:StartIOTask	64	static
../Core/Src/freertos.c:906:6:add_log_mess_to_q	8	static
../Core/Src/freertos.c:578:6:StartSettingsTask	248	static
../Core/Src/freertos.c:876:6:RW_parameters_from_queue	8	static
../Core/Src/freertos.c:450:6:StartDisplayTask	64	static
../Core/Src/freertos.c:686:6:StartLoggingTask	304	static
../Core/Src/freertos.c:788:6:StartWatchDogTask	8	static
../Core/Src/freertos.c:821:9:EthTxn	32	static
../Core/Src/freertos.c:837:6:FlashSPIsendByte	16	static
../Core/Src/freertos.c:841:5:FlashSPIrecvBuff	8	static
../Core/Src/freertos.c:845:6:FS_Lock	8	static
../Core/Src/freertos.c:849:6:FS_Unlock	8	static
../Core/Src/freertos.c:197:6:MX_FREERTOS_Init	8	static
../Core/Src/freertos.c:803:6:EthResetBegin	8	static
../Core/Src/freertos.c:807:6:EthResetEnd	8	static
../Core/Src/freertos.c:277:6:StartEthTask	440	static
../Core/Src/freertos.c:853:9:EthSPIsendReceiveByte	32	static
../Core/Src/freertos.c:867:9:spi_txn	8	static
../Core/Src/freertos.c:912:6:empty_fn	0	static
../Core/Src/freertos.c:914:14:eMBRegDiscreteCB	24	static
../Core/Src/freertos.c:933:14:eMBRegCoilsCB	32	static
../Core/Src/freertos.c:969:14:eMBRegInputCB	0	static
../Core/Src/freertos.c:974:14:eMBRegHoldingCB	0	static
