../Core/Src/freertos.c:176:6:MX_FREERTOS_Init	8	static
../Core/Src/freertos.c:253:6:StartEthTask	464	static
../Core/Src/freertos.c:350:6:StartIOTask	80	static
../Core/Src/freertos.c:419:6:StartDisplayTask	80	static
../Core/Src/freertos.c:483:6:StartSettingsTask	224	static
../Core/Src/freertos.c:549:6:StartLoggingTask	360	static
../Core/Src/freertos.c:614:6:EthResetBegin	8	static
../Core/Src/freertos.c:618:6:EthResetEnd	8	static
../Core/Src/freertos.c:622:6:EthBegin	16	static
../Core/Src/freertos.c:627:6:EthEnd	16	static
../Core/Src/freertos.c:632:9:EthTxn	32	static
../Core/Src/freertos.c:638:6:FlashBegin	8	static
../Core/Src/freertos.c:643:6:FlashEnd	8	static
../Core/Src/freertos.c:648:6:FlashSPIsendByte	16	static
../Core/Src/freertos.c:652:5:FlashSPIrecvBuff	16	static
../Core/Src/freertos.c:665:6:FS_Lock	16	static
../Core/Src/freertos.c:669:6:FS_Unlock	16	static
../Core/Src/freertos.c:673:9:EthSPIsendReceiveByte	32	static
../Core/Src/freertos.c:687:9:spi_txn	24	static
../Core/Src/freertos.c:696:6:RW_parameters_from_queue	32	static
../Core/Src/freertos.c:726:6:add_log_mess_to_q	8	static
