Archive member included to satisfy reference by file (symbol)

/Applications/STM32CubeIDE.app/Contents/Eclipse/plugins/com.st.stm32cube.ide.mcu.externaltools.gnu-tools-for-stm32.12.3.rel1.macos64_1.0.200.202406191456/tools/bin/../lib/gcc/arm-none-eabi/12.3.1/../../../../arm-none-eabi/lib/thumb/v7e-m+fp/hard/libc.a(libc_a-assert.o)
                              ./Middlewares/Third_Party/LittleFS/src/fs_adstractions.o (__assert_func)
/Applications/STM32CubeIDE.app/Contents/Eclipse/plugins/com.st.stm32cube.ide.mcu.externaltools.gnu-tools-for-stm32.12.3.rel1.macos64_1.0.200.202406191456/tools/bin/../lib/gcc/arm-none-eabi/12.3.1/../../../../arm-none-eabi/lib/thumb/v7e-m+fp/hard/libc.a(libc_a-atoi.o)
                              ./Middlewares/Third_Party/mongoose/mongoose.o (atoi)
/Applications/STM32CubeIDE.app/Contents/Eclipse/plugins/com.st.stm32cube.ide.mcu.externaltools.gnu-tools-for-stm32.12.3.rel1.macos64_1.0.200.202406191456/tools/bin/../lib/gcc/arm-none-eabi/12.3.1/../../../../arm-none-eabi/lib/thumb/v7e-m+fp/hard/libc.a(libc_a-exit.o)
                              /Applications/STM32CubeIDE.app/Contents/Eclipse/plugins/com.st.stm32cube.ide.mcu.externaltools.gnu-tools-for-stm32.12.3.rel1.macos64_1.0.200.202406191456/tools/bin/../lib/gcc/arm-none-eabi/12.3.1/../../../../arm-none-eabi/lib/thumb/v7e-m+fp/hard/crt0.o (exit)
/Applications/STM32CubeIDE.app/Contents/Eclipse/plugins/com.st.stm32cube.ide.mcu.externaltools.gnu-tools-for-stm32.12.3.rel1.macos64_1.0.200.202406191456/tools/bin/../lib/gcc/arm-none-eabi/12.3.1/../../../../arm-none-eabi/lib/thumb/v7e-m+fp/hard/libc.a(libc_a-fiprintf.o)
                              /Applications/STM32CubeIDE.app/Contents/Eclipse/plugins/com.st.stm32cube.ide.mcu.externaltools.gnu-tools-for-stm32.12.3.rel1.macos64_1.0.200.202406191456/tools/bin/../lib/gcc/arm-none-eabi/12.3.1/../../../../arm-none-eabi/lib/thumb/v7e-m+fp/hard/libc.a(libc_a-assert.o) (fiprintf)
/Applications/STM32CubeIDE.app/Contents/Eclipse/plugins/com.st.stm32cube.ide.mcu.externaltools.gnu-tools-for-stm32.12.3.rel1.macos64_1.0.200.202406191456/tools/bin/../lib/gcc/arm-none-eabi/12.3.1/../../../../arm-none-eabi/lib/thumb/v7e-m+fp/hard/libc.a(libc_a-printf.o)
                              ./Middlewares/Third_Party/LittleFS/src/lfs.o (printf)
/Applications/STM32CubeIDE.app/Contents/Eclipse/plugins/com.st.stm32cube.ide.mcu.externaltools.gnu-tools-for-stm32.12.3.rel1.macos64_1.0.200.202406191456/tools/bin/../lib/gcc/arm-none-eabi/12.3.1/../../../../arm-none-eabi/lib/thumb/v7e-m+fp/hard/libc.a(libc_a-vfprintf.o)
                              /Applications/STM32CubeIDE.app/Contents/Eclipse/plugins/com.st.stm32cube.ide.mcu.externaltools.gnu-tools-for-stm32.12.3.rel1.macos64_1.0.200.202406191456/tools/bin/../lib/gcc/arm-none-eabi/12.3.1/../../../../arm-none-eabi/lib/thumb/v7e-m+fp/hard/libc.a(libc_a-printf.o) (_vfprintf_r)
/Applications/STM32CubeIDE.app/Contents/Eclipse/plugins/com.st.stm32cube.ide.mcu.externaltools.gnu-tools-for-stm32.12.3.rel1.macos64_1.0.200.202406191456/tools/bin/../lib/gcc/arm-none-eabi/12.3.1/../../../../arm-none-eabi/lib/thumb/v7e-m+fp/hard/libc.a(libc_a-vfiprintf.o)
                              /Applications/STM32CubeIDE.app/Contents/Eclipse/plugins/com.st.stm32cube.ide.mcu.externaltools.gnu-tools-for-stm32.12.3.rel1.macos64_1.0.200.202406191456/tools/bin/../lib/gcc/arm-none-eabi/12.3.1/../../../../arm-none-eabi/lib/thumb/v7e-m+fp/hard/libc.a(libc_a-vfprintf.o) (__sprint_r)
/Applications/STM32CubeIDE.app/Contents/Eclipse/plugins/com.st.stm32cube.ide.mcu.externaltools.gnu-tools-for-stm32.12.3.rel1.macos64_1.0.200.202406191456/tools/bin/../lib/gcc/arm-none-eabi/12.3.1/../../../../arm-none-eabi/lib/thumb/v7e-m+fp/hard/libc.a(libc_a-putchar.o)
                              ./Middlewares/Third_Party/mongoose/mongoose.o (putchar)
/Applications/STM32CubeIDE.app/Contents/Eclipse/plugins/com.st.stm32cube.ide.mcu.externaltools.gnu-tools-for-stm32.12.3.rel1.macos64_1.0.200.202406191456/tools/bin/../lib/gcc/arm-none-eabi/12.3.1/../../../../arm-none-eabi/lib/thumb/v7e-m+fp/hard/libc.a(libc_a-puts.o)
                              ./Middlewares/Third_Party/validation/src/validation.o (puts)
/Applications/STM32CubeIDE.app/Contents/Eclipse/plugins/com.st.stm32cube.ide.mcu.externaltools.gnu-tools-for-stm32.12.3.rel1.macos64_1.0.200.202406191456/tools/bin/../lib/gcc/arm-none-eabi/12.3.1/../../../../arm-none-eabi/lib/thumb/v7e-m+fp/hard/libc.a(libc_a-rand.o)
                              ./Middlewares/Third_Party/mongoose/mongoose.o (srand)
/Applications/STM32CubeIDE.app/Contents/Eclipse/plugins/com.st.stm32cube.ide.mcu.externaltools.gnu-tools-for-stm32.12.3.rel1.macos64_1.0.200.202406191456/tools/bin/../lib/gcc/arm-none-eabi/12.3.1/../../../../arm-none-eabi/lib/thumb/v7e-m+fp/hard/libc.a(libc_a-snprintf.o)
                              ./Core/Src/logger.o (snprintf)
[...]
Memory Configuration

Name             Origin             Length             Attributes
RAM              0x20000000         0x00020000         xrw
FLASH            0x08010000         0x00074000         xr
*default*        0x00000000         0xffffffff

Linker script and memory map

LOAD /Applications/STM32CubeIDE.app/Contents/Eclipse/plugins/com.st.stm32cube.ide.mcu.externaltools.gnu-tools-for-stm32.12.3.rel1.macos64_1.0.200.202406191456/tools/bin/../lib/gcc/arm-none-eabi/12.3.1/thumb/v7e-m+fp/hard/crti.o
LOAD /Applications/STM32CubeIDE.app/Contents/Eclipse/plugins/com.st.stm32cube.ide.mcu.externaltools.gnu-tools-for-stm32.12.3.rel1.macos64_1.0.200.202406191456/tools/bin/../lib/gcc/arm-none-eabi/12.3.1/thumb/v7e-m+fp/hard/crtbegin.o
LOAD /Applications/STM32CubeIDE.app/Contents/Eclipse/plugins/com.st.stm32cube.ide.mcu.externaltools.gnu-tools-for-stm32.12.3.rel1.macos64_1.0.200.202406191456/tools/bin/../lib/gcc/arm-none-eabi/12.3.1/../../../../arm-none-eabi/lib/thumb/v7e-m+fp/hard/crt0.o
LOAD ./Core/Src/eth.o
LOAD ./Core/Src/freertos.o
LOAD ./Core/Src/gpio.o
LOAD ./Core/Src/i2c.o
LOAD ./Core/Src/logger.o
LOAD ./Core/Src/main.o
LOAD ./Core/Src/spi.o
LOAD ./Core/Src/stm32f4xx_hal_msp.o
LOAD ./Core/Src/stm32f4xx_hal_timebase_tim.o
LOAD ./Core/Src/stm32f4xx_it.o
LOAD ./Core/Src/syscalls.o
LOAD ./Core/Src/sysmem.o
LOAD ./Core/Src/system_stm32f4xx.o
LOAD ./Core/Startup/startup_stm32f411ceux.o
LOAD ./Core/app/http_server_app/src/dashboard.o
LOAD ./Core/app/mqtt_client_app/src/home_mqtt_gen.o
LOAD ./Core/app/mqtt_client_app/src/mqtt.o
LOAD ./Core/app/mqtt_client_app/src/mqtt_gen_strings.o
LOAD ./Core/app/sntp_app/src/sntp.o
LOAD ./Core/app/ssdp_auto_discovery_app/src/ssdp.o
LOAD ./Drivers/SPI_FLASH/src/SPI_flash.o
LOAD ./Drivers/STM32F4xx_HAL_Driver/Src/stm32f4xx_hal.o
LOAD ./Drivers/STM32F4xx_HAL_Driver/Src/stm32f4xx_hal_cortex.o
LOAD ./Drivers/STM32F4xx_HAL_Driver/Src/stm32f4xx_hal_dma.o
LOAD ./Drivers/STM32F4xx_HAL_Driver/Src/stm32f4xx_hal_dma_ex.o
LOAD ./Drivers/STM32F4xx_HAL_Driver/Src/stm32f4xx_hal_exti.o
LOAD ./Drivers/STM32F4xx_HAL_Driver/Src/stm32f4xx_hal_flash.o
LOAD ./Drivers/STM32F4xx_HAL_Driver/Src/stm32f4xx_hal_flash_ex.o
LOAD ./Drivers/STM32F4xx_HAL_Driver/Src/stm32f4xx_hal_flash_ramfunc.o
LOAD ./Drivers/STM32F4xx_HAL_Driver/Src/stm32f4xx_hal_gpio.o
LOAD ./Drivers/STM32F4xx_HAL_Driver/Src/stm32f4xx_hal_i2c.o
LOAD ./Drivers/STM32F4xx_HAL_Driver/Src/stm32f4xx_hal_i2c_ex.o
LOAD ./Drivers/STM32F4xx_HAL_Driver/Src/stm32f4xx_hal_pwr.o
LOAD ./Drivers/STM32F4xx_HAL_Driver/Src/stm32f4xx_hal_pwr_ex.o
LOAD ./Drivers/STM32F4xx_HAL_Driver/Src/stm32f4xx_hal_rcc.o
LOAD ./Drivers/STM32F4xx_HAL_Driver/Src/stm32f4xx_hal_rcc_ex.o
LOAD ./Drivers/STM32F4xx_HAL_Driver/Src/stm32f4xx_hal_spi.o
LOAD ./Drivers/STM32F4xx_HAL_Driver/Src/stm32f4xx_hal_tim.o
LOAD ./Drivers/STM32F4xx_HAL_Driver/Src/stm32f4xx_hal_tim_ex.o
LOAD ./Drivers/i2c_display/src/fonts.o
LOAD ./Drivers/i2c_display/src/ssd1306.o
LOAD ./Middlewares/Third_Party/FreeRTOS/Source/CMSIS_RTOS_V2/cmsis_os2.o
LOAD ./Middlewares/Third_Party/FreeRTOS/Source/croutine.o
LOAD ./Middlewares/Third_Party/FreeRTOS/Source/event_groups.o
LOAD ./Middlewares/Third_Party/FreeRTOS/Source/list.o
LOAD ./Middlewares/Third_Party/FreeRTOS/Source/queue.o
LOAD ./Middlewares/Third_Party/FreeRTOS/Source/stream_buffer.o
LOAD ./Middlewares/Third_Party/FreeRTOS/Source/tasks.o
LOAD ./Middlewares/Third_Party/FreeRTOS/Source/timers.o
LOAD ./Middlewares/Third_Party/FreeRTOS/Source/portable/GCC/ARM_CM4F/port.o
LOAD ./Middlewares/Third_Party/FreeRTOS/Source/portable/MemMang/heap_4.o
LOAD ./Middlewares/Third_Party/LittleFS/src/fs_adstractions.o
LOAD ./Middlewares/Third_Party/LittleFS/src/lfs.o
LOAD ./Middlewares/Third_Party/LittleFS/src/lfs_util.o
LOAD ./Middlewares/Third_Party/mongoose/mongoose.o
LOAD ./Middlewares/Third_Party/validation/src/validation.o
START GROUP
LOAD /Applications/STM32CubeIDE.app/Contents/Eclipse/plugins/com.st.stm32cube.ide.mcu.externaltools.gnu-tools-for-stm32.12.3.rel1.macos64_1.0.200.202406191456/tools/bin/../lib/gcc/arm-none-eabi/12.3.1/../../../../arm-none-eabi/lib/thumb/v7e-m+fp/hard/libstdc++_nano.a
LOAD /Applications/STM32CubeIDE.app/Contents/Eclipse/plugins/com.st.stm32cube.ide.mcu.externaltools.gnu-tools-for-stm32.12.3.rel1.macos64_1.0.200.202406191456/tools/bin/../lib/gcc/arm-none-eabi/12.3.1/../../../../arm-none-eabi/lib/thumb/v7e-m+fp/hard/libsupc++_nano.a
END GROUP
LOAD /Applications/STM32CubeIDE.app/Contents/Eclipse/plugins/com.st.stm32cube.ide.mcu.externaltools.gnu-tools-for-stm32.12.3.rel1.macos64_1.0.200.202406191456/tools/bin/../lib/gcc/arm-none-eabi/12.3.1/../../../../arm-none-eabi/lib/thumb/v7e-m+fp/hard/libstdc++_nano.a
LOAD /Applications/STM32CubeIDE.app/Contents/Eclipse/plugins/com.st.stm32cube.ide.mcu.externaltools.gnu-tools-for-stm32.12.3.rel1.macos64_1.0.200.202406191456/tools/bin/../lib/gcc/arm-none-eabi/12.3.1/../../../../arm-none-eabi/lib/thumb/v7e-m+fp/hard/libm.a
LOAD /Applications/STM32CubeIDE.app/Contents/Eclipse/plugins/com.st.stm32cube.ide.mcu.externaltools.gnu-tools-for-stm32.12.3.rel1.macos64_1.0.200.202406191456/tools/bin/../lib/gcc/arm-none-eabi/12.3.1/../../../../arm-none-eabi/lib/thumb/v7e-m+fp/hard/libc.a
START GROUP
LOAD /Applications/STM32CubeIDE.app/Contents/Eclipse/plugins/com.st.stm32cube.ide.mcu.externaltools.gnu-tools-for-stm32.12.3.rel1.macos64_1.0.200.202406191456/tools/bin/../lib/gcc/arm-none-eabi/12.3.1/thumb/v7e-m+fp/hard/libgcc.a
LOAD /Applications/STM32CubeIDE.app/Contents/Eclipse/plugins/com.st.stm32cube.ide.mcu.externaltools.gnu-tools-for-stm32.12.3.rel1.macos64_1.0.200.202406191456/tools/bin/../lib/gcc/arm-none-eabi/12.3.1/../../../../arm-none-eabi/lib/thumb/v7e-m+fp/hard/libc.a
END GROUP
START GROUP
LOAD /Applications/STM32CubeIDE.app/Contents/Eclipse/plugins/com.st.stm32cube.ide.mcu.externaltools.gnu-tools-for-stm32.12.3.rel1.macos64_1.0.200.202406191456/tools/bin/../lib/gcc/arm-none-eabi/12.3.1/thumb/v7e-m+fp/hard/libgcc.a
LOAD /Applications/STM32CubeIDE.app/Contents/Eclipse/plugins/com.st.stm32cube.ide.mcu.externaltools.gnu-tools-for-stm32.12.3.rel1.macos64_1.0.200.202406191456/tools/bin/../lib/gcc/arm-none-eabi/12.3.1/../../../../arm-none-eabi/lib/thumb/v7e-m+fp/hard/libc.a
LOAD /Applications/STM32CubeIDE.app/Contents/Eclipse/plugins/com.st.stm32cube.ide.mcu.externaltools.gnu-tools-for-stm32.12.3.rel1.macos64_1.0.200.202406191456/tools/bin/../lib/gcc/arm-none-eabi/12.3.1/../../../../arm-none-eabi/lib/thumb/v7e-m+fp/hard/libnosys.a
END GROUP
START GROUP
LOAD /Applications/STM32CubeIDE.app/Contents/Eclipse/plugins/com.st.stm32cube.ide.mcu.externaltools.gnu-tools-for-stm32.12.3.rel1.macos64_1.0.200.202406191456/tools/bin/../lib/gcc/arm-none-eabi/12.3.1/thumb/v7e-m+fp/hard/libgcc.a
LOAD /Applications/STM32CubeIDE.app/Contents/Eclipse/plugins/com.st.stm32cube.ide.mcu.externaltools.gnu-tools-for-stm32.12.3.rel1.macos64_1.0.200.202406191456/tools/bin/../lib/gcc/arm-none-eabi/12.3.1/../../../../arm-none-eabi/lib/thumb/v7e-m+fp/hard/libc.a
LOAD /Applications/STM32CubeIDE.app/Contents/Eclipse/plugins/com.st.stm32cube.ide.mcu.externaltools.gnu-tools-for-stm32.12.3.rel1.macos64_1.0.200.202406191456/tools/bin/../lib/gcc/arm-none-eabi/12.3.1/../../../../arm-none-eabi/lib/thumb/v7e-m+fp/hard/libnosys.a
END GROUP
LOAD /Applications/STM32CubeIDE.app/Contents/Eclipse/plugins/com.st.stm32cube.ide.mcu.externaltools.gnu-tools-for-stm32.12.3.rel1.macos64_1.0.200.202406191456/tools/bin/../lib/gcc/arm-none-eabi/12.3.1/thumb/v7e-m+fp/hard/crtend.o
LOAD /Applications/STM32CubeIDE.app/Contents/Eclipse/plugins/com.st.stm32cube.ide.mcu.externaltools.gnu-tools-for-stm32.12.3.rel1.macos64_1.0.200.202406191456/tools/bin/../lib/gcc/arm-none-eabi/12.3.1/thumb/v7e-m+fp/hard/crtn.o
                0x20020000                        _estack = (ORIGIN (RAM) + LENGTH (RAM))
                0x00000400                        _Min_Heap_Size = 0x400
                0x00000800                        _Min_Stack_Size = 0x800

.isr_vector     0x08010000      0x198
                0x08010000                        . = ALIGN (0x4)
 *(.isr_vector)
 .isr_vector    0x08010000      0x198 ./Core/Startup/startup_stm32f411ceux.o
                0x08010000                g_pfnVectors
                0x08010198                        . = ALIGN (0x4)

.text           0x080101a0    0x2f2e4
                0x080101a0                        . = ALIGN (0x4)
 *(.text)
 .text          0x080101a0       0x40 /Applications/STM32CubeIDE.app/Contents/Eclipse/plugins/com.st.stm32cube.ide.mcu.externaltools.gnu-tools-for-stm32.12.3.rel1.macos64_1.0.200.202406191456/tools/bin/../lib/gcc/arm-none-eabi/12.3.1/thumb/v7e-m+fp/hard/crtbegin.o
 .text          0x080101e0       0x14 /Applications/STM32CubeIDE.app/Contents/Eclipse/plugins/com.st.stm32cube.ide.mcu.externaltools.gnu-tools-for-stm32.12.3.rel1.macos64_1.0.200.202406191456/tools/bin/../lib/gcc/arm-none-eabi/12.3.1/../../../../arm-none-eabi/lib/thumb/v7e-m+fp/hard/libc.a(libc_a-strcmp.o)
                0x080101e0                strcmp
 *fill*         0x080101f4        0xc 
 .text          0x08010200       0xa0 /Applications/STM32CubeIDE.app/Contents/Eclipse/plugins/com.st.stm32cube.ide.mcu.externaltools.gnu-tools-for-stm32.12.3.rel1.macos64_1.0.200.202406191456/tools/bin/../lib/gcc/arm-none-eabi/12.3.1/../../../../arm-none-eabi/lib/thumb/v7e-m+fp/hard/libc.a(libc_a-memchr.o)
                0x08010200                memchr
 .text          0x080102a0       0x10 /Applications/STM32CubeIDE.app/Contents/Eclipse/plugins/com.st.stm32cube.ide.mcu.externaltools.gnu-tools-for-stm32.12.3.rel1.macos64_1.0.200.202406191456/tools/bin/../lib/gcc/arm-none-eabi/12.3.1/../../../../arm-none-eabi/lib/thumb/v7e-m+fp/hard/libc.a(libc_a-strlen.o)
                0x080102a0                strlen
 .text          0x080102b0      0x378 /Applications/STM32CubeIDE.app/Contents/Eclipse/plugins/com.st.stm32cube.ide.mcu.externaltools.gnu-tools-for-stm32.12.3.rel1.macos64_1.0.200.202406191456/tools/bin/../lib/gcc/arm-none-eabi/12.3.1/thumb/v7e-m+fp/hard/libgcc.a(_arm_addsubdf3.o)
                0x080102b0                __aeabi_drsub
                0x080102b8                __subdf3
                0x080102b8                __aeabi_dsub
                0x080102bc                __aeabi_dadd
                0x080102bc                __adddf3
                0x08010534                __aeabi_ui2d
                0x08010534                __floatunsidf
                0x08010554                __floatsidf
                0x08010554                __aeabi_i2d
                0x08010578                __extendsfdf2
                0x08010578                __aeabi_f2d
                0x080105bc                __aeabi_ul2d
                0x080105bc                __floatundidf
                0x080105cc                __aeabi_l2d
                0x080105cc                __floatdidf
 .text          0x08010628      0x424 /Applications/STM32CubeIDE.app/Contents/Eclipse/plugins/com.st.stm32cube.ide.mcu.externaltools.gnu-tools-for-stm32.12.3.rel1.macos64_1.0.200.202406191456/tools/bin/../lib/gcc/arm-none-eabi/12.3.1/thumb/v7e-m+fp/hard/libgcc.a(_arm_muldivdf3.o)
                0x08010628                __aeabi_dmul
                0x08010628                __muldf3
                0x0801087c                __aeabi_ddiv
                0x0801087c                __divdf3
 .text          0x08010a4c      0x110 /Applications/STM32CubeIDE.app/Contents/Eclipse/plugins/com.st.stm32cube.ide.mcu.externaltools.gnu-tools-for-stm32.12.3.rel1.macos64_1.0.200.202406191456/tools/bin/../lib/gcc/arm-none-eabi/12.3.1/thumb/v7e-m+fp/hard/libgcc.a(_arm_cmpdf2.o)
                0x08010a4c                __gedf2
                0x08010a4c                __gtdf2
                0x08010a54                __ledf2
                0x08010a54                __ltdf2
                0x08010a5c                __cmpdf2
                0x08010a5c                __eqdf2
                0x08010a5c                __nedf2
                0x08010ad8                __aeabi_cdrcmple
                0x08010ae8                __aeabi_cdcmple
                0x08010ae8                __aeabi_cdcmpeq
                0x08010af8                __aeabi_dcmpeq
                0x08010b0c                __aeabi_dcmplt
                0x08010b20                __aeabi_dcmple
                0x08010b34                __aeabi_dcmpge
                0x08010b48                __aeabi_dcmpgt
 .text          0x08010b5c       0x2c /Applications/STM32CubeIDE.app/Contents/Eclipse/plugins/com.st.stm32cube.ide.mcu.externaltools.gnu-tools-for-stm32.12.3.rel1.macos64_1.0.200.202406191456/tools/bin/../lib/gcc/arm-none-eabi/12.3.1/thumb/v7e-m+fp/hard/libgcc.a(_arm_unorddf2.o)
                0x08010b5c                __aeabi_dcmpun
                0x08010b5c                __unorddf2
 .text          0x08010b88       0x50 /Applications/STM32CubeIDE.app/Contents/Eclipse/plugins/com.st.stm32cube.ide.mcu.externaltools.gnu-tools-for-stm32.12.3.rel1.macos64_1.0.200.202406191456/tools/bin/../lib/gcc/arm-none-eabi/12.3.1/thumb/v7e-m+fp/hard/libgcc.a(_arm_fixdfsi.o)
                0x08010b88                __fixdfsi
                0x08010b88                __aeabi_d2iz
 .text          0x08010bd8       0x40 /Applications/STM32CubeIDE.app/Contents/Eclipse/plugins/com.st.stm32cube.ide.mcu.externaltools.gnu-tools-for-stm32.12.3.rel1.macos64_1.0.200.202406191456/tools/bin/../lib/gcc/arm-none-eabi/12.3.1/thumb/v7e-m+fp/hard/libgcc.a(_arm_fixunsdfsi.o)
                0x08010bd8                __fixunsdfsi
                0x08010bd8                __aeabi_d2uiz
 .text          0x08010c18       0xa0 /Applications/STM32CubeIDE.app/Contents/Eclipse/plugins/com.st.stm32cube.ide.mcu.externaltools.gnu-tools-for-stm32.12.3.rel1.macos64_1.0.200.202406191456/tools/bin/../lib/gcc/arm-none-eabi/12.3.1/thumb/v7e-m+fp/hard/libgcc.a(_arm_truncdfsf2.o)
                0x08010c18                __aeabi_d2f
                0x08010c18                __truncdfsf2
 .text          0x08010cb8       0xa0 /Applications/STM32CubeIDE.app/Contents/Eclipse/plugins/com.st.stm32cube.ide.mcu.externaltools.gnu-tools-for-stm32.12.3.rel1.macos64_1.0.200.202406191456/tools/bin/../lib/gcc/arm-none-eabi/12.3.1/thumb/v7e-m+fp/hard/libgcc.a(_aeabi_ldivmod.o)
                0x08010cb8                __aeabi_ldivmod
 .text          0x08010d58       0x30 /Applications/STM32CubeIDE.app/Contents/Eclipse/plugins/com.st.stm32cube.ide.mcu.externaltools.gnu-tools-for-stm32.12.3.rel1.macos64_1.0.200.202406191456/tools/bin/../lib/gcc/arm-none-eabi/12.3.1/thumb/v7e-m+fp/hard/libgcc.a(_aeabi_uldivmod.o)
                0x08010d58                __aeabi_uldivmod
 .text          0x08010d88       0x28 /Applications/STM32CubeIDE.app/Contents/Eclipse/plugins/com.st.stm32cube.ide.mcu.externaltools.gnu-tools-for-stm32.12.3.rel1.macos64_1.0.200.202406191456/tools/bin/../lib/gcc/arm-none-eabi/12.3.1/thumb/v7e-m+fp/hard/libgcc.a(_popcountsi2.o)
                0x08010d88                __popcountsi2
 .text          0x08010db0       0x30 /Applications/STM32CubeIDE.app/Contents/Eclipse/plugins/com.st.stm32cube.ide.mcu.externaltools.gnu-tools-for-stm32.12.3.rel1.macos64_1.0.200.202406191456/tools/bin/../lib/gcc/arm-none-eabi/12.3.1/thumb/v7e-m+fp/hard/libgcc.a(_fixdfdi.o)
                0x08010db0                __aeabi_d2lz
                0x08010db0                __fixdfdi
 .text          0x08010de0       0x3c /Applications/STM32CubeIDE.app/Contents/Eclipse/plugins/com.st.stm32cube.ide.mcu.externaltools.gnu-tools-for-stm32.12.3.rel1.macos64_1.0.200.202406191456/tools/bin/../lib/gcc/arm-none-eabi/12.3.1/thumb/v7e-m+fp/hard/libgcc.a(_fixunsdfdi.o)
                0x08010de0                __aeabi_d2ulz
                0x08010de0                __fixunsdfdi
 .text          0x08010e1c      0x2bc /Applications/STM32CubeIDE.app/Contents/Eclipse/plugins/com.st.stm32cube.ide.mcu.externaltools.gnu-tools-for-stm32.12.3.rel1.macos64_1.0.200.202406191456/tools/bin/../lib/gcc/arm-none-eabi/12.3.1/thumb/v7e-m+fp/hard/libgcc.a(_udivmoddi4.o)
                0x08010e1c                __udivmoddi4
 .text          0x080110d8        0x4 /Applications/STM32CubeIDE.app/Contents/Eclipse/plugins/com.st.stm32cube.ide.mcu.externaltools.gnu-tools-for-stm32.12.3.rel1.macos64_1.0.200.202406191456/tools/bin/../lib/gcc/arm-none-eabi/12.3.1/thumb/v7e-m+fp/hard/libgcc.a(_dvmd_tls.o)
                0x080110d8                __aeabi_ldiv0
                0x080110d8                __aeabi_idiv0
 *(.text*)
 .text.MX_FREERTOS_Init
                0x080110dc      0x138 ./Core/Src/freertos.o
                0x080110dc                MX_FREERTOS_Init
 .text.StartEthTask
                0x08011214      0x2d0 ./Core/Src/freertos.o
                0x08011214                StartEthTask
 .text.StartIOTask
                0x080114e4      0x1c8 ./Core/Src/freertos.o
                0x080114e4                StartIOTask
 .text.StartDisplayTask
                0x080116ac      0x234 ./Core/Src/freertos.o
                0x080116ac                StartDisplayTask
 .text.StartSettingsTask
                0x080118e0      0x168 ./Core/Src/freertos.o
                0x080118e0                StartSettingsTask
 .text.StartLoggingTask
                0x08011a48      0x1bc ./Core/Src/freertos.o
                0x08011a48                StartLoggingTask
 .text.EthResetBegin
                0x08011c04       0x18 ./Core/Src/freertos.o
                0x08011c04                EthResetBegin
 .text.EthResetEnd
                0x08011c1c       0x18 ./Core/Src/freertos.o
                0x08011c1c                EthResetEnd
 .text.EthBegin
                0x08011c34       0x20 ./Core/Src/freertos.o
                0x08011c34                EthBegin
 .text.EthEnd   0x08011c54       0x20 ./Core/Src/freertos.o
                0x08011c54                EthEnd
 .text.EthTxn   0x08011c74       0x30 ./Core/Src/freertos.o
                0x08011c74                EthTxn
 .text.FlashBegin
                0x08011ca4       0x18 ./Core/Src/freertos.o
                0x08011ca4                FlashBegin
 .text.FlashEnd
                0x08011cbc       0x18 ./Core/Src/freertos.o
                0x08011cbc                FlashEnd
 .text.FlashSPIsendByte
                0x08011cd4       0x24 ./Core/Src/freertos.o
                0x08011cd4                FlashSPIsendByte
 .text.FlashSPIrecvBuff
                0x08011cf8       0x28 ./Core/Src/freertos.o
                0x08011cf8                FlashSPIrecvBuff
 .text.FS_Lock  0x08011d20       0x24 ./Core/Src/freertos.o
                0x08011d20                FS_Lock
 .text.FS_Unlock
                0x08011d44       0x20 ./Core/Src/freertos.o
                0x08011d44                FS_Unlock
 .text.RW_parameters_from_queue
                0x08011d64       0xbc ./Core/Src/freertos.o
                0x08011d64                RW_parameters_from_queue
 .text.add_log_mess_to_q
                0x08011e20       0x30 ./Core/Src/freertos.o
                0x08011e20                add_log_mess_to_q
 .text.MX_GPIO_Init
                0x08011e50      0x154 ./Core/Src/gpio.o
                0x08011e50                MX_GPIO_Init
 .text.MX_I2C1_Init
                0x08011fa4       0x5c ./Core/Src/i2c.o
                0x08011fa4                MX_I2C1_Init
 .text.HAL_I2C_MspInit
                0x08012000       0x90 ./Core/Src/i2c.o
                0x08012000                HAL_I2C_MspInit
 .text.HAL_I2C_MspDeInit
                0x08012090       0x44 ./Core/Src/i2c.o
                0x08012090                HAL_I2C_MspDeInit
 .text.mg_calloc
                0x080120d4       0x3e ./Core/Src/logger.o
 .text.proto    0x08012112       0x18 ./Core/Src/logger.o
 *fill*         0x0801212a        0x2 
 .text.reg_logging_fn
                0x0801212c       0x24 ./Core/Src/logger.o
                0x0801212c                reg_logging_fn
 .text.logger_set_level
                0x08012150       0x20 ./Core/Src/logger.o
                0x08012150                logger_set_level
 .text.logging  0x08012170      0x25c ./Core/Src/logger.o
                0x08012170                logging
 .text.main     0x080123cc       0x5c ./Core/Src/main.o
                0x080123cc                main
 .text.SystemClock_Config
                0x08012428       0xd0 ./Core/Src/main.o
                0x08012428                SystemClock_Config
 .text.HAL_TIM_PeriodElapsedCallback
                0x080124f8       0x24 ./Core/Src/main.o
                0x080124f8                HAL_TIM_PeriodElapsedCallback
 .text.Error_Handler
                0x0801251c        0xc ./Core/Src/main.o
                0x0801251c                Error_Handler
 .text.MX_SPI1_Init
                0x08012528       0x6c ./Core/Src/spi.o
                0x08012528                MX_SPI1_Init
 .text.MX_SPI2_Init
                0x08012594       0x6c ./Core/Src/spi.o
                0x08012594                MX_SPI2_Init
 .text.HAL_SPI_MspInit
                0x08012600       0xf8 ./Core/Src/spi.o
                0x08012600                HAL_SPI_MspInit
 .text.HAL_MspInit
                0x080126f8       0x58 ./Core/Src/stm32f4xx_hal_msp.o
                0x080126f8                HAL_MspInit
 .text.HAL_InitTick
                0x08012750       0xe4 ./Core/Src/stm32f4xx_hal_timebase_tim.o
                0x08012750                HAL_InitTick
 .text.NMI_Handler
                0x08012834        0x8 ./Core/Src/stm32f4xx_it.o
                0x08012834                NMI_Handler
 .text.HardFault_Handler
                0x0801283c        0x8 ./Core/Src/stm32f4xx_it.o
                0x0801283c                HardFault_Handler
 .text.MemManage_Handler
                0x08012844        0x8 ./Core/Src/stm32f4xx_it.o
                0x08012844                MemManage_Handler
 .text.BusFault_Handler
                0x0801284c        0x8 ./Core/Src/stm32f4xx_it.o
                0x0801284c                BusFault_Handler
 .text.UsageFault_Handler
                0x08012854        0x8 ./Core/Src/stm32f4xx_it.o
                0x08012854                UsageFault_Handler
 .text.DebugMon_Handler
                0x0801285c        0xe ./Core/Src/stm32f4xx_it.o
                0x0801285c                DebugMon_Handler
 *fill*         0x0801286a        0x2 
 .text.TIM1_BRK_TIM9_IRQHandler
                0x0801286c       0x14 ./Core/Src/stm32f4xx_it.o
                0x0801286c                TIM1_BRK_TIM9_IRQHandler
 .text._getpid  0x08012880       0x10 ./Core/Src/syscalls.o
                0x08012880                _getpid
 .text._kill    0x08012890       0x20 ./Core/Src/syscalls.o
                0x08012890                _kill
 .text._exit    0x080128b0       0x16 ./Core/Src/syscalls.o
                0x080128b0                _exit
 .text._read    0x080128c6       0x3a ./Core/Src/syscalls.o
                0x080128c6                _read
 .text._write   0x08012900       0x38 ./Core/Src/syscalls.o
                0x08012900                _write
 .text._close   0x08012938       0x18 ./Core/Src/syscalls.o
                0x08012938                _close
 .text._fstat   0x08012950       0x20 ./Core/Src/syscalls.o
                0x08012950                _fstat
 .text._isatty  0x08012970       0x16 ./Core/Src/syscalls.o
                0x08012970                _isatty
 .text._lseek   0x08012986       0x1a ./Core/Src/syscalls.o
                0x08012986                _lseek
 .text._sbrk    0x080129a0       0x6c ./Core/Src/sysmem.o
                0x080129a0                _sbrk
 .text.SystemInit
                0x08012a0c       0x24 ./Core/Src/system_stm32f4xx.o
                0x08012a0c                SystemInit
 .text.Reset_Handler
                0x08012a30       0x50 ./Core/Startup/startup_stm32f411ceux.o
                0x08012a30                Reset_Handler
 .text.Default_Handler
                0x08012a80        0x2 ./Core/Startup/startup_stm32f411ceux.o
                0x08012a80                DMA1_Stream3_IRQHandler
                0x08012a80                EXTI2_IRQHandler
                0x08012a80                SPI4_IRQHandler
                0x08012a80                TIM1_CC_IRQHandler
                0x08012a80                DMA2_Stream5_IRQHandler
                0x08012a80                DMA1_Stream5_IRQHandler
                0x08012a80                PVD_IRQHandler
                0x08012a80                SDIO_IRQHandler
                0x08012a80                TAMP_STAMP_IRQHandler
                0x08012a80                EXTI3_IRQHandler
                0x08012a80                TIM1_UP_TIM10_IRQHandler
                0x08012a80                I2C3_ER_IRQHandler
                0x08012a80                EXTI0_IRQHandler
                0x08012a80                I2C2_EV_IRQHandler
                0x08012a80                DMA1_Stream2_IRQHandler
                0x08012a80                FPU_IRQHandler
                0x08012a80                DMA2_Stream2_IRQHandler
                0x08012a80                SPI1_IRQHandler
                0x08012a80                DMA2_Stream3_IRQHandler
                0x08012a80                USART6_IRQHandler
                0x08012a80                DMA2_Stream0_IRQHandler
                0x08012a80                TIM4_IRQHandler
                0x08012a80                I2C1_EV_IRQHandler
                0x08012a80                DMA1_Stream6_IRQHandler
                0x08012a80                DMA1_Stream1_IRQHandler
                0x08012a80                TIM3_IRQHandler
                0x08012a80                RCC_IRQHandler
                0x08012a80                Default_Handler
                0x08012a80                EXTI15_10_IRQHandler
                0x08012a80                ADC_IRQHandler
                0x08012a80                DMA1_Stream7_IRQHandler
                0x08012a80                SPI5_IRQHandler
                0x08012a80                TIM5_IRQHandler
                0x08012a80                DMA2_Stream7_IRQHandler
                0x08012a80                I2C3_EV_IRQHandler
                0x08012a80                EXTI9_5_IRQHandler
                0x08012a80                RTC_WKUP_IRQHandler
                0x08012a80                SPI2_IRQHandler
                0x08012a80                DMA1_Stream0_IRQHandler
                0x08012a80                EXTI4_IRQHandler
                0x08012a80                WWDG_IRQHandler
                0x08012a80                TIM2_IRQHandler
                0x08012a80                OTG_FS_WKUP_IRQHandler
                0x08012a80                TIM1_TRG_COM_TIM11_IRQHandler
                0x08012a80                EXTI1_IRQHandler
                0x08012a80                USART2_IRQHandler
                0x08012a80                I2C2_ER_IRQHandler
                0x08012a80                DMA2_Stream1_IRQHandler
                0x08012a80                FLASH_IRQHandler
                0x08012a80                DMA2_Stream4_IRQHandler
                0x08012a80                USART1_IRQHandler
                0x08012a80                OTG_FS_IRQHandler
                0x08012a80                SPI3_IRQHandler
                0x08012a80                DMA1_Stream4_IRQHandler
                0x08012a80                I2C1_ER_IRQHandler
                0x08012a80                DMA2_Stream6_IRQHandler
                0x08012a80                RTC_Alarm_IRQHandler
 .text.mg_calloc
                0x08012a82       0x3e ./Core/app/http_server_app/src/dashboard.o
 .text.handle_ram_status_get
                0x08012ac0       0x58 ./Core/app/http_server_app/src/dashboard.o
 .text.calc_file_md5sum
                0x08012b18      0x11c ./Core/app/http_server_app/src/dashboard.o
 .text.handle_io_status_get
                0x08012c34      0x1bc ./Core/app/http_server_app/src/dashboard.o
 .text.handle_mqtt_conf
                0x08012df0      0x300 ./Core/app/http_server_app/src/dashboard.o
 .text.handle_dev_status
                0x080130f0      0x3d8 ./Core/app/http_server_app/src/dashboard.o
 .text.handle_OPTIONS_method
                0x080134c8       0x24 ./Core/app/http_server_app/src/dashboard.o
 .text.handle_restart_mcu
                0x080134ec       0x8c ./Core/app/http_server_app/src/dashboard.o
 .text.handle_firmware_upload
                0x08013578       0xb4 ./Core/app/http_server_app/src/dashboard.o
 .text.handle_firmware_md5
                0x0801362c       0x9c ./Core/app/http_server_app/src/dashboard.o
 .text.handle_firmware_activate
                0x080136c8       0xf0 ./Core/app/http_server_app/src/dashboard.o
 .text.handle_firmware_deactivate
                0x080137b8       0x8c ./Core/app/http_server_app/src/dashboard.o
 .text.handle_web_files_remove
                0x08013844       0x7c ./Core/app/http_server_app/src/dashboard.o
 .text.handle_fs_mkdir
                0x080138c0      0x114 ./Core/app/http_server_app/src/dashboard.o
 .text.handle_fs_get_log
                0x080139d4       0xe4 ./Core/app/http_server_app/src/dashboard.o
 .text.dashboard
                0x08013ab8      0x3a8 ./Core/app/http_server_app/src/dashboard.o
 .text.dash_hdl
                0x08013e60       0x14 ./Core/app/http_server_app/src/dashboard.o
                0x08013e60                dash_hdl
 .text.reg_parameter_handler
                0x08013e74       0x20 ./Core/app/http_server_app/src/dashboard.o
                0x08013e74                reg_parameter_handler
 .text._ZL9my_callocjj
                0x08013e94       0x3c ./Core/app/mqtt_client_app/src/mqtt.o
 .text._ZL27mqtt_send_registration_dataP13mg_connectionPK10SensorInfoj
                0x08013ed0      0x114 ./Core/app/mqtt_client_app/src/mqtt.o
 .text._ZL19mqtt_send_io_statusP13mg_connectionb
                0x08013fe4      0x1e8 ./Core/app/mqtt_client_app/src/mqtt.o
 .text._ZL20mqtt_subscrabe_on_swP13mg_connectionPK10SensorInfoj
                0x080141cc       0xa0 ./Core/app/mqtt_client_app/src/mqtt.o
 .text._ZL29mqtt_subscrabe_recv_cmd_parceP15mg_mqtt_message
                0x0801426c      0x268 ./Core/app/mqtt_client_app/src/mqtt.o
 .text._ZL39mqtt_pereodic_status_send_timer_handlerPv
                0x080144d4       0x2c ./Core/app/mqtt_client_app/src/mqtt.o
 .text._ZL18mqtt_event_handlerP13mg_connectioniPv
                0x08014500       0xf0 ./Core/app/mqtt_client_app/src/mqtt.o
 .text._ZL18mqtt_timer_handlerPv
                0x080145f0       0xac ./Core/app/mqtt_client_app/src/mqtt.o
 .text._ZL33mqtt_timer_handler_cher_io_statusPv
                0x0801469c       0x34 ./Core/app/mqtt_client_app/src/mqtt.o
 .text.get_mqtt_connection
                0x080146d0       0x18 ./Core/app/mqtt_client_app/src/mqtt.o
                0x080146d0                get_mqtt_connection
 .text.mqtt_init
                0x080146e8      0x1b0 ./Core/app/mqtt_client_app/src/mqtt.o
                0x080146e8                mqtt_init
 .text._ZL9my_callocjj
                0x08014898       0x3c ./Core/app/mqtt_client_app/src/mqtt_gen_strings.o
 .text.set_device_id
                0x080148d4       0x80 ./Core/app/mqtt_client_app/src/mqtt_gen_strings.o
                0x080148d4                set_device_id
 .text.set_device_conf_ip
                0x08014954       0x64 ./Core/app/mqtt_client_app/src/mqtt_gen_strings.o
                0x08014954                set_device_conf_ip
 .text.get_config_topik_string
                0x080149b8      0x1b4 ./Core/app/mqtt_client_app/src/mqtt_gen_strings.o
                0x080149b8                get_config_topik_string
 .text.get_config_payload_string
                0x08014b6c      0x4c4 ./Core/app/mqtt_client_app/src/mqtt_gen_strings.o
                0x08014b6c                get_config_payload_string
 .text.gen_bin_sensor_status_payload_JSON
                0x08015030       0x88 ./Core/app/mqtt_client_app/src/mqtt_gen_strings.o
                0x08015030                gen_bin_sensor_status_payload_JSON
 .text.generate_comand_topik_for_subscrabe
                0x080150b8       0x54 ./Core/app/mqtt_client_app/src/mqtt_gen_strings.o
                0x080150b8                generate_comand_topik_for_subscrabe
 .text.generate_status_topik
                0x0801510c       0x84 ./Core/app/mqtt_client_app/src/mqtt_gen_strings.o
                0x0801510c                generate_status_topik
 .text.sfn      0x08015190       0xf0 ./Core/app/sntp_app/src/sntp.o
 .text.timer_fn
                0x08015280       0x48 ./Core/app/sntp_app/src/sntp.o
                0x08015280                timer_fn
 .text.start_sntp
                0x080152c8       0x5c ./Core/app/sntp_app/src/sntp.o
                0x080152c8                start_sntp
 .text.my_calloc
                0x08015324       0x3c ./Core/app/ssdp_auto_discovery_app/src/ssdp.o
 .text.ip_to_string
                0x08015360       0x50 ./Core/app/ssdp_auto_discovery_app/src/ssdp.o
                0x08015360                ip_to_string
 .text.send_ssdp_notify
                0x080153b0       0xcc ./Core/app/ssdp_auto_discovery_app/src/ssdp.o
 .text.ssdp_set_id
                0x0801547c       0x94 ./Core/app/ssdp_auto_discovery_app/src/ssdp.o
                0x0801547c                ssdp_set_id
 .text.dev_description_handler
                0x08015510       0xa4 ./Core/app/ssdp_auto_discovery_app/src/ssdp.o
 .text.dev_404_handler
                0x080155b4       0x34 ./Core/app/ssdp_auto_discovery_app/src/ssdp.o
 .text.ssdp_web_handler
                0x080155e8       0x90 ./Core/app/ssdp_auto_discovery_app/src/ssdp.o
 .text.ssdp_timer_handler
                0x08015678       0x54 ./Core/app/ssdp_auto_discovery_app/src/ssdp.o
 .text.ssdp_listener_handler
                0x080156cc       0xb0 ./Core/app/ssdp_auto_discovery_app/src/ssdp.o
 .text.ssdp_start_server
                0x0801577c       0xb8 ./Core/app/ssdp_auto_discovery_app/src/ssdp.o
                0x0801577c                ssdp_start_server
 .text.function_prototype
                0x08015834        0xe ./Drivers/SPI_FLASH/src/SPI_flash.o
                0x08015834                function_prototype
 *fill*         0x08015842        0x2 
 .text.SPI_flash_reg_cb
                0x08015844       0x58 ./Drivers/SPI_FLASH/src/SPI_flash.o
                0x08015844                SPI_flash_reg_cb
 .text.sFLASH_Reset
                0x0801589c       0x1c ./Drivers/SPI_FLASH/src/SPI_flash.o
                0x0801589c                sFLASH_Reset
 .text.sFLASH_Init
                0x080158b8       0x1e ./Drivers/SPI_FLASH/src/SPI_flash.o
                0x080158b8                sFLASH_Init
 *fill*         0x080158d6        0x2 
 .text.sFLASH_GetInfo
                0x080158d8      0x1f4 ./Drivers/SPI_FLASH/src/SPI_flash.o
                0x080158d8                sFLASH_GetInfo
 .text.sFLASH_CS_LOW
                0x08015acc       0x14 ./Drivers/SPI_FLASH/src/SPI_flash.o
                0x08015acc                sFLASH_CS_LOW
 .text.sFLASH_CS_HIGH
                0x08015ae0       0x14 ./Drivers/SPI_FLASH/src/SPI_flash.o
                0x08015ae0                sFLASH_CS_HIGH
 .text.sFLASH_EraseSector
                0x08015af4       0x48 ./Drivers/SPI_FLASH/src/SPI_flash.o
                0x08015af4                sFLASH_EraseSector
 .text.sFLASH_WritePage
                0x08015b3c       0x6a ./Drivers/SPI_FLASH/src/SPI_flash.o
                0x08015b3c                sFLASH_WritePage
 .text.sFLASH_WriteBuffer
                0x08015ba6      0x152 ./Drivers/SPI_FLASH/src/SPI_flash.o
                0x08015ba6                sFLASH_WriteBuffer
 .text.sFLASH_ReadBuffer
                0x08015cf8       0xa4 ./Drivers/SPI_FLASH/src/SPI_flash.o
                0x08015cf8                sFLASH_ReadBuffer
 .text.sFLASH_ReadID
                0x08015d9c       0x66 ./Drivers/SPI_FLASH/src/SPI_flash.o
                0x08015d9c                sFLASH_ReadID
 *fill*         0x08015e02        0x2 
 .text.sFLASH_ReadByte
                0x08015e04       0x20 ./Drivers/SPI_FLASH/src/SPI_flash.o
                0x08015e04                sFLASH_ReadByte
 .text.sFLASH_SPI_ReadBuffer
                0x08015e24       0x24 ./Drivers/SPI_FLASH/src/SPI_flash.o
 .text.sFLASH_SendByte
                0x08015e48       0x20 ./Drivers/SPI_FLASH/src/SPI_flash.o
                0x08015e48                sFLASH_SendByte
 .text.sFLASH_WriteEnable
                0x08015e68       0x16 ./Drivers/SPI_FLASH/src/SPI_flash.o
                0x08015e68                sFLASH_WriteEnable
 *fill*         0x08015e7e        0x2 
 .text.sFLASH_WaitForWriteEnd
                0x08015e80       0x48 ./Drivers/SPI_FLASH/src/SPI_flash.o
                0x08015e80                sFLASH_WaitForWriteEnd
 .text.HAL_Init
                0x08015ec8       0x44 ./Drivers/STM32F4xx_HAL_Driver/Src/stm32f4xx_hal.o
                0x08015ec8                HAL_Init
 .text.HAL_IncTick
                0x08015f0c       0x28 ./Drivers/STM32F4xx_HAL_Driver/Src/stm32f4xx_hal.o
                0x08015f0c                HAL_IncTick
 .text.HAL_GetTick
                0x08015f34       0x18 ./Drivers/STM32F4xx_HAL_Driver/Src/stm32f4xx_hal.o
                0x08015f34                HAL_GetTick
 .text.HAL_Delay
                0x08015f4c       0x48 ./Drivers/STM32F4xx_HAL_Driver/Src/stm32f4xx_hal.o
                0x08015f4c                HAL_Delay
 .text.__NVIC_SetPriorityGrouping
                0x08015f94       0x48 ./Drivers/STM32F4xx_HAL_Driver/Src/stm32f4xx_hal_cortex.o
 .text.__NVIC_GetPriorityGrouping
                0x08015fdc       0x1c ./Drivers/STM32F4xx_HAL_Driver/Src/stm32f4xx_hal_cortex.o
 .text.__NVIC_EnableIRQ
                0x08015ff8       0x3c ./Drivers/STM32F4xx_HAL_Driver/Src/stm32f4xx_hal_cortex.o
 .text.__NVIC_SetPriority
                0x08016034       0x54 ./Drivers/STM32F4xx_HAL_Driver/Src/stm32f4xx_hal_cortex.o
 .text.NVIC_EncodePriority
                0x08016088       0x66 ./Drivers/STM32F4xx_HAL_Driver/Src/stm32f4xx_hal_cortex.o
 *fill*         0x080160ee        0x2 
 .text.__NVIC_SystemReset
                0x080160f0       0x2c ./Drivers/STM32F4xx_HAL_Driver/Src/stm32f4xx_hal_cortex.o
 .text.HAL_NVIC_SetPriorityGrouping
                0x0801611c       0x16 ./Drivers/STM32F4xx_HAL_Driver/Src/stm32f4xx_hal_cortex.o
                0x0801611c                HAL_NVIC_SetPriorityGrouping
 .text.HAL_NVIC_SetPriority
                0x08016132       0x38 ./Drivers/STM32F4xx_HAL_Driver/Src/stm32f4xx_hal_cortex.o
                0x08016132                HAL_NVIC_SetPriority
 .text.HAL_NVIC_EnableIRQ
                0x0801616a       0x1c ./Drivers/STM32F4xx_HAL_Driver/Src/stm32f4xx_hal_cortex.o
                0x0801616a                HAL_NVIC_EnableIRQ
 .text.HAL_NVIC_SystemReset
                0x08016186        0x8 ./Drivers/STM32F4xx_HAL_Driver/Src/stm32f4xx_hal_cortex.o
                0x08016186                HAL_NVIC_SystemReset
 *fill*         0x0801618e        0x2 
 .text.HAL_GPIO_Init
                0x08016190      0x308 ./Drivers/STM32F4xx_HAL_Driver/Src/stm32f4xx_hal_gpio.o
                0x08016190                HAL_GPIO_Init
 .text.HAL_GPIO_DeInit
                0x08016498      0x1c8 ./Drivers/STM32F4xx_HAL_Driver/Src/stm32f4xx_hal_gpio.o
                0x08016498                HAL_GPIO_DeInit
 .text.HAL_GPIO_ReadPin
                0x08016660       0x30 ./Drivers/STM32F4xx_HAL_Driver/Src/stm32f4xx_hal_gpio.o
                0x08016660                HAL_GPIO_ReadPin
 .text.HAL_GPIO_WritePin
                0x08016690       0x32 ./Drivers/STM32F4xx_HAL_Driver/Src/stm32f4xx_hal_gpio.o
                0x08016690                HAL_GPIO_WritePin
 *fill*         0x080166c2        0x2 
 .text.HAL_I2C_Init
                0x080166c4      0x288 ./Drivers/STM32F4xx_HAL_Driver/Src/stm32f4xx_hal_i2c.o
                0x080166c4                HAL_I2C_Init
 .text.HAL_I2C_DeInit
                0x0801694c       0x5e ./Drivers/STM32F4xx_HAL_Driver/Src/stm32f4xx_hal_i2c.o
                0x0801694c                HAL_I2C_DeInit
 *fill*         0x080169aa        0x2 
 .text.HAL_I2C_Master_Transmit
                0x080169ac      0x1fc ./Drivers/STM32F4xx_HAL_Driver/Src/stm32f4xx_hal_i2c.o
                0x080169ac                HAL_I2C_Master_Transmit
 .text.HAL_I2C_IsDeviceReady
                0x08016ba8      0x25c ./Drivers/STM32F4xx_HAL_Driver/Src/stm32f4xx_hal_i2c.o
                0x08016ba8                HAL_I2C_IsDeviceReady
 .text.I2C_MasterRequestWrite
                0x08016e04      0x104 ./Drivers/STM32F4xx_HAL_Driver/Src/stm32f4xx_hal_i2c.o
 .text.I2C_WaitOnFlagUntilTimeout
                0x08016f08       0xf4 ./Drivers/STM32F4xx_HAL_Driver/Src/stm32f4xx_hal_i2c.o
 .text.I2C_WaitOnMasterAddressFlagUntilTimeout
                0x08016ffc      0x140 ./Drivers/STM32F4xx_HAL_Driver/Src/stm32f4xx_hal_i2c.o
 .text.I2C_WaitOnTXEFlagUntilTimeout
                0x0801713c       0x90 ./Drivers/STM32F4xx_HAL_Driver/Src/stm32f4xx_hal_i2c.o
 .text.I2C_WaitOnBTFFlagUntilTimeout
                0x080171cc       0x90 ./Drivers/STM32F4xx_HAL_Driver/Src/stm32f4xx_hal_i2c.o
 .text.I2C_IsAcknowledgeFailed
                0x0801725c       0x5e ./Drivers/STM32F4xx_HAL_Driver/Src/stm32f4xx_hal_i2c.o
 *fill*         0x080172ba        0x2 
 .text.HAL_RCC_OscConfig
                0x080172bc      0x4f0 ./Drivers/STM32F4xx_HAL_Driver/Src/stm32f4xx_hal_rcc.o
                0x080172bc                HAL_RCC_OscConfig
 .text.HAL_RCC_ClockConfig
                0x080177ac      0x1cc ./Drivers/STM32F4xx_HAL_Driver/Src/stm32f4xx_hal_rcc.o
                0x080177ac                HAL_RCC_ClockConfig
 .text.HAL_RCC_GetSysClockFreq
                0x08017978      0x20c ./Drivers/STM32F4xx_HAL_Driver/Src/stm32f4xx_hal_rcc.o
                0x08017978                HAL_RCC_GetSysClockFreq
 .text.HAL_RCC_GetHCLKFreq
                0x08017b84       0x18 ./Drivers/STM32F4xx_HAL_Driver/Src/stm32f4xx_hal_rcc.o
                0x08017b84                HAL_RCC_GetHCLKFreq
 .text.HAL_RCC_GetPCLK1Freq
                0x08017b9c       0x28 ./Drivers/STM32F4xx_HAL_Driver/Src/stm32f4xx_hal_rcc.o
                0x08017b9c                HAL_RCC_GetPCLK1Freq
 .text.HAL_RCC_GetPCLK2Freq
                0x08017bc4       0x28 ./Drivers/STM32F4xx_HAL_Driver/Src/stm32f4xx_hal_rcc.o
                0x08017bc4                HAL_RCC_GetPCLK2Freq
 .text.HAL_RCC_GetClockConfig
                0x08017bec       0x64 ./Drivers/STM32F4xx_HAL_Driver/Src/stm32f4xx_hal_rcc.o
                0x08017bec                HAL_RCC_GetClockConfig
 .text.HAL_SPI_Init
                0x08017c50      0x112 ./Drivers/STM32F4xx_HAL_Driver/Src/stm32f4xx_hal_spi.o
                0x08017c50                HAL_SPI_Init
 .text.HAL_SPI_Transmit
                0x08017d62      0x288 ./Drivers/STM32F4xx_HAL_Driver/Src/stm32f4xx_hal_spi.o
                0x08017d62                HAL_SPI_Transmit
 .text.HAL_SPI_Receive
                0x08017fea      0x232 ./Drivers/STM32F4xx_HAL_Driver/Src/stm32f4xx_hal_spi.o
                0x08017fea                HAL_SPI_Receive
 .text.HAL_SPI_TransmitReceive
                0x0801821c      0x352 ./Drivers/STM32F4xx_HAL_Driver/Src/stm32f4xx_hal_spi.o
                0x0801821c                HAL_SPI_TransmitReceive
 *fill*         0x0801856e        0x2 
 .text.SPI_WaitFlagStateUntilTimeout
                0x08018570      0x110 ./Drivers/STM32F4xx_HAL_Driver/Src/stm32f4xx_hal_spi.o
 .text.SPI_EndRxTransaction
                0x08018680       0xca ./Drivers/STM32F4xx_HAL_Driver/Src/stm32f4xx_hal_spi.o
 *fill*         0x0801874a        0x2 
 .text.SPI_EndRxTxTransaction
                0x0801874c       0xa8 ./Drivers/STM32F4xx_HAL_Driver/Src/stm32f4xx_hal_spi.o
 .text.HAL_TIM_Base_Init
                0x080187f4       0x9e ./Drivers/STM32F4xx_HAL_Driver/Src/stm32f4xx_hal_tim.o
                0x080187f4                HAL_TIM_Base_Init
 .text.HAL_TIM_Base_MspInit
                0x08018892       0x14 ./Drivers/STM32F4xx_HAL_Driver/Src/stm32f4xx_hal_tim.o
                0x08018892                HAL_TIM_Base_MspInit
 *fill*         0x080188a6        0x2 
 .text.HAL_TIM_Base_Start_IT
                0x080188a8       0xc4 ./Drivers/STM32F4xx_HAL_Driver/Src/stm32f4xx_hal_tim.o
                0x080188a8                HAL_TIM_Base_Start_IT
 .text.HAL_TIM_IRQHandler
                0x0801896c      0x1e0 ./Drivers/STM32F4xx_HAL_Driver/Src/stm32f4xx_hal_tim.o
                0x0801896c                HAL_TIM_IRQHandler
 .text.HAL_TIM_OC_DelayElapsedCallback
                0x08018b4c       0x14 ./Drivers/STM32F4xx_HAL_Driver/Src/stm32f4xx_hal_tim.o
                0x08018b4c                HAL_TIM_OC_DelayElapsedCallback
 .text.HAL_TIM_IC_CaptureCallback
                0x08018b60       0x14 ./Drivers/STM32F4xx_HAL_Driver/Src/stm32f4xx_hal_tim.o
                0x08018b60                HAL_TIM_IC_CaptureCallback
 .text.HAL_TIM_PWM_PulseFinishedCallback
                0x08018b74       0x14 ./Drivers/STM32F4xx_HAL_Driver/Src/stm32f4xx_hal_tim.o
                0x08018b74                HAL_TIM_PWM_PulseFinishedCallback
 .text.HAL_TIM_TriggerCallback
                0x08018b88       0x14 ./Drivers/STM32F4xx_HAL_Driver/Src/stm32f4xx_hal_tim.o
                0x08018b88                HAL_TIM_TriggerCallback
 .text.TIM_Base_SetConfig
                0x08018b9c      0x118 ./Drivers/STM32F4xx_HAL_Driver/Src/stm32f4xx_hal_tim.o
                0x08018b9c                TIM_Base_SetConfig
 .text.HAL_TIMEx_CommutCallback
                0x08018cb4       0x14 ./Drivers/STM32F4xx_HAL_Driver/Src/stm32f4xx_hal_tim_ex.o
                0x08018cb4                HAL_TIMEx_CommutCallback
 .text.HAL_TIMEx_BreakCallback
                0x08018cc8       0x14 ./Drivers/STM32F4xx_HAL_Driver/Src/stm32f4xx_hal_tim_ex.o
                0x08018cc8                HAL_TIMEx_BreakCallback
 .text.SSD1306_Init
                0x08018cdc      0x174 ./Drivers/i2c_display/src/ssd1306.o
                0x08018cdc                SSD1306_Init
 .text.SSD1306_UpdateScreen
                0x08018e50       0x5c ./Drivers/i2c_display/src/ssd1306.o
                0x08018e50                SSD1306_UpdateScreen
 .text.SSD1306_Fill
                0x08018eac       0x30 ./Drivers/i2c_display/src/ssd1306.o
                0x08018eac                SSD1306_Fill
 .text.SSD1306_DrawPixel
                0x08018edc       0xc0 ./Drivers/i2c_display/src/ssd1306.o
                0x08018edc                SSD1306_DrawPixel
 .text.SSD1306_GotoXY
                0x08018f9c       0x2c ./Drivers/i2c_display/src/ssd1306.o
                0x08018f9c                SSD1306_GotoXY
 .text.SSD1306_Putc
                0x08018fc8       0xfc ./Drivers/i2c_display/src/ssd1306.o
                0x08018fc8                SSD1306_Putc
 .text.SSD1306_Puts
                0x080190c4       0x4a ./Drivers/i2c_display/src/ssd1306.o
                0x080190c4                SSD1306_Puts
 *fill*         0x0801910e        0x2 
 .text.ssd1306_I2C_Init
                0x08019110       0x2c ./Drivers/i2c_display/src/ssd1306.o
                0x08019110                ssd1306_I2C_Init
 .text.ssd1306_I2C_WriteMulti
                0x0801913c       0xcc ./Drivers/i2c_display/src/ssd1306.o
                0x0801913c                ssd1306_I2C_WriteMulti
 .text.ssd1306_I2C_Write
                0x08019208       0x3c ./Drivers/i2c_display/src/ssd1306.o
                0x08019208                ssd1306_I2C_Write
 .text.__NVIC_SetPriority
                0x08019244       0x54 ./Middlewares/Third_Party/FreeRTOS/Source/CMSIS_RTOS_V2/cmsis_os2.o
 .text.SysTick_Handler
                0x08019298       0x20 ./Middlewares/Third_Party/FreeRTOS/Source/CMSIS_RTOS_V2/cmsis_os2.o
                0x08019298                SysTick_Handler
 .text.SVC_Setup
                0x080192b8       0x12 ./Middlewares/Third_Party/FreeRTOS/Source/CMSIS_RTOS_V2/cmsis_os2.o
 *fill*         0x080192ca        0x2 
 .text.osKernelInitialize
                0x080192cc       0x48 ./Middlewares/Third_Party/FreeRTOS/Source/CMSIS_RTOS_V2/cmsis_os2.o
                0x080192cc                osKernelInitialize
 .text.osKernelStart
                0x08019314       0x4c ./Middlewares/Third_Party/FreeRTOS/Source/CMSIS_RTOS_V2/cmsis_os2.o
                0x08019314                osKernelStart
 .text.osThreadNew
                0x08019360      0x126 ./Middlewares/Third_Party/FreeRTOS/Source/CMSIS_RTOS_V2/cmsis_os2.o
                0x08019360                osThreadNew
 .text.osDelay  0x08019486       0x36 ./Middlewares/Third_Party/FreeRTOS/Source/CMSIS_RTOS_V2/cmsis_os2.o
                0x08019486                osDelay
 .text.osMutexNew
                0x080194bc      0x10c ./Middlewares/Third_Party/FreeRTOS/Source/CMSIS_RTOS_V2/cmsis_os2.o
                0x080194bc                osMutexNew
 .text.osMutexAcquire
                0x080195c8       0x96 ./Middlewares/Third_Party/FreeRTOS/Source/CMSIS_RTOS_V2/cmsis_os2.o
                0x080195c8                osMutexAcquire
 .text.osMutexRelease
                0x0801965e       0x7a ./Middlewares/Third_Party/FreeRTOS/Source/CMSIS_RTOS_V2/cmsis_os2.o
                0x0801965e                osMutexRelease
 .text.osMessageQueueNew
                0x080196d8       0xe6 ./Middlewares/Third_Party/FreeRTOS/Source/CMSIS_RTOS_V2/cmsis_os2.o
                0x080196d8                osMessageQueueNew
 *fill*         0x080197be        0x2 
 .text.osMessageQueuePut
                0x080197c0       0xc0 ./Middlewares/Third_Party/FreeRTOS/Source/CMSIS_RTOS_V2/cmsis_os2.o
                0x080197c0                osMessageQueuePut
 .text.osMessageQueueGet
                0x08019880       0xbc ./Middlewares/Third_Party/FreeRTOS/Source/CMSIS_RTOS_V2/cmsis_os2.o
                0x08019880                osMessageQueueGet
 .text.osMessageQueueGetCount
                0x0801993c       0x40 ./Middlewares/Third_Party/FreeRTOS/Source/CMSIS_RTOS_V2/cmsis_os2.o
                0x0801993c                osMessageQueueGetCount
 .text.osMessageQueueReset
                0x0801997c       0x44 ./Middlewares/Third_Party/FreeRTOS/Source/CMSIS_RTOS_V2/cmsis_os2.o
                0x0801997c                osMessageQueueReset
 .text.vApplicationGetIdleTaskMemory
                0x080199c0       0x34 ./Middlewares/Third_Party/FreeRTOS/Source/CMSIS_RTOS_V2/cmsis_os2.o
                0x080199c0                vApplicationGetIdleTaskMemory
 .text.vApplicationGetTimerTaskMemory
                0x080199f4       0x34 ./Middlewares/Third_Party/FreeRTOS/Source/CMSIS_RTOS_V2/cmsis_os2.o
                0x080199f4                vApplicationGetTimerTaskMemory
 .text.vListInitialise
                0x08019a28       0x40 ./Middlewares/Third_Party/FreeRTOS/Source/list.o
                0x08019a28                vListInitialise
 .text.vListInitialiseItem
                0x08019a68       0x1a ./Middlewares/Third_Party/FreeRTOS/Source/list.o
                0x08019a68                vListInitialiseItem
 .text.vListInsertEnd
                0x08019a82       0x48 ./Middlewares/Third_Party/FreeRTOS/Source/list.o
                0x08019a82                vListInsertEnd
 .text.vListInsert
                0x08019aca       0x72 ./Middlewares/Third_Party/FreeRTOS/Source/list.o
                0x08019aca                vListInsert
 .text.uxListRemove
                0x08019b3c       0x54 ./Middlewares/Third_Party/FreeRTOS/Source/list.o
                0x08019b3c                uxListRemove
 .text.xQueueGenericReset
                0x08019b90       0xd4 ./Middlewares/Third_Party/FreeRTOS/Source/queue.o
                0x08019b90                xQueueGenericReset
 .text.xQueueGenericCreateStatic
                0x08019c64       0xfa ./Middlewares/Third_Party/FreeRTOS/Source/queue.o
                0x08019c64                xQueueGenericCreateStatic
 .text.xQueueGenericCreate
                0x08019d5e       0x76 ./Middlewares/Third_Party/FreeRTOS/Source/queue.o
                0x08019d5e                xQueueGenericCreate
 .text.prvInitialiseNewQueue
                0x08019dd4       0x46 ./Middlewares/Third_Party/FreeRTOS/Source/queue.o
 .text.prvInitialiseMutex
                0x08019e1a       0x34 ./Middlewares/Third_Party/FreeRTOS/Source/queue.o
 .text.xQueueCreateMutex
                0x08019e4e       0x30 ./Middlewares/Third_Party/FreeRTOS/Source/queue.o
                0x08019e4e                xQueueCreateMutex
 .text.xQueueCreateMutexStatic
                0x08019e7e       0x36 ./Middlewares/Third_Party/FreeRTOS/Source/queue.o
                0x08019e7e                xQueueCreateMutexStatic
 .text.xQueueGiveMutexRecursive
                0x08019eb4       0x6a ./Middlewares/Third_Party/FreeRTOS/Source/queue.o
                0x08019eb4                xQueueGiveMutexRecursive
 .text.xQueueTakeMutexRecursive
                0x08019f1e       0x6e ./Middlewares/Third_Party/FreeRTOS/Source/queue.o
                0x08019f1e                xQueueTakeMutexRecursive
 .text.xQueueGenericSend
                0x08019f8c      0x204 ./Middlewares/Third_Party/FreeRTOS/Source/queue.o
                0x08019f8c                xQueueGenericSend
 .text.xQueueGenericSendFromISR
                0x0801a190      0x13c ./Middlewares/Third_Party/FreeRTOS/Source/queue.o
                0x0801a190                xQueueGenericSendFromISR
 .text.xQueueReceive
                0x0801a2cc      0x1c4 ./Middlewares/Third_Party/FreeRTOS/Source/queue.o
                0x0801a2cc                xQueueReceive
 .text.xQueueSemaphoreTake
                0x0801a490      0x220 ./Middlewares/Third_Party/FreeRTOS/Source/queue.o
                0x0801a490                xQueueSemaphoreTake
 .text.xQueuePeek
                0x0801a6b0      0x1c8 ./Middlewares/Third_Party/FreeRTOS/Source/queue.o
                0x0801a6b0                xQueuePeek
 .text.xQueueReceiveFromISR
                0x0801a878      0x104 ./Middlewares/Third_Party/FreeRTOS/Source/queue.o
                0x0801a878                xQueueReceiveFromISR
 .text.uxQueueMessagesWaiting
                0x0801a97c       0x3e ./Middlewares/Third_Party/FreeRTOS/Source/queue.o
                0x0801a97c                uxQueueMessagesWaiting
 .text.uxQueueMessagesWaitingFromISR
                0x0801a9ba       0x3e ./Middlewares/Third_Party/FreeRTOS/Source/queue.o
                0x0801a9ba                uxQueueMessagesWaitingFromISR
 .text.prvGetDisinheritPriorityAfterTimeout
                0x0801a9f8       0x30 ./Middlewares/Third_Party/FreeRTOS/Source/queue.o
 .text.prvCopyDataToQueue
                0x0801aa28       0xd4 ./Middlewares/Third_Party/FreeRTOS/Source/queue.o
 .text.prvCopyDataFromQueue
                0x0801aafc       0x4c ./Middlewares/Third_Party/FreeRTOS/Source/queue.o
 .text.prvUnlockQueue
                0x0801ab48       0xa4 ./Middlewares/Third_Party/FreeRTOS/Source/queue.o
 .text.prvIsQueueEmpty
                0x0801abec       0x2c ./Middlewares/Third_Party/FreeRTOS/Source/queue.o
 .text.prvIsQueueFull
                0x0801ac18       0x30 ./Middlewares/Third_Party/FreeRTOS/Source/queue.o
 .text.vQueueAddToRegistry
                0x0801ac48       0x54 ./Middlewares/Third_Party/FreeRTOS/Source/queue.o
                0x0801ac48                vQueueAddToRegistry
 .text.vQueueWaitForMessageRestricted
                0x0801ac9c       0x68 ./Middlewares/Third_Party/FreeRTOS/Source/queue.o
                0x0801ac9c                vQueueWaitForMessageRestricted
 .text.xTaskCreateStatic
                0x0801ad04       0xc4 ./Middlewares/Third_Party/FreeRTOS/Source/tasks.o
                0x0801ad04                xTaskCreateStatic
 .text.xTaskCreate
                0x0801adc8       0x8c ./Middlewares/Third_Party/FreeRTOS/Source/tasks.o
                0x0801adc8                xTaskCreate
 .text.prvInitialiseNewTask
                0x0801ae54      0x1a0 ./Middlewares/Third_Party/FreeRTOS/Source/tasks.o
 .text.prvAddNewTaskToReadyList
                0x0801aff4       0xe0 ./Middlewares/Third_Party/FreeRTOS/Source/tasks.o
 .text.vTaskDelay
                0x0801b0d4       0x6c ./Middlewares/Third_Party/FreeRTOS/Source/tasks.o
                0x0801b0d4                vTaskDelay
 .text.vTaskStartScheduler
                0x0801b140       0xe0 ./Middlewares/Third_Party/FreeRTOS/Source/tasks.o
                0x0801b140                vTaskStartScheduler
 .text.vTaskSuspendAll
                0x0801b220       0x1c ./Middlewares/Third_Party/FreeRTOS/Source/tasks.o
                0x0801b220                vTaskSuspendAll
 .text.xTaskResumeAll
                0x0801b23c      0x13c ./Middlewares/Third_Party/FreeRTOS/Source/tasks.o
                0x0801b23c                xTaskResumeAll
 .text.xTaskGetTickCount
                0x0801b378       0x20 ./Middlewares/Third_Party/FreeRTOS/Source/tasks.o
                0x0801b378                xTaskGetTickCount
 .text.xTaskIncrementTick
                0x0801b398      0x174 ./Middlewares/Third_Party/FreeRTOS/Source/tasks.o
                0x0801b398                xTaskIncrementTick
 .text.vTaskSwitchContext
                0x0801b50c       0xcc ./Middlewares/Third_Party/FreeRTOS/Source/tasks.o
                0x0801b50c                vTaskSwitchContext
 .text.vTaskPlaceOnEventList
                0x0801b5d8       0x4c ./Middlewares/Third_Party/FreeRTOS/Source/tasks.o
                0x0801b5d8                vTaskPlaceOnEventList
 .text.vTaskPlaceOnEventListRestricted
                0x0801b624       0x58 ./Middlewares/Third_Party/FreeRTOS/Source/tasks.o
                0x0801b624                vTaskPlaceOnEventListRestricted
 .text.xTaskRemoveFromEventList
                0x0801b67c       0xc8 ./Middlewares/Third_Party/FreeRTOS/Source/tasks.o
                0x0801b67c                xTaskRemoveFromEventList
 .text.vTaskInternalSetTimeOutState
                0x0801b744       0x2c ./Middlewares/Third_Party/FreeRTOS/Source/tasks.o
                0x0801b744                vTaskInternalSetTimeOutState
 .text.xTaskCheckForTimeOut
                0x0801b770       0xc8 ./Middlewares/Third_Party/FreeRTOS/Source/tasks.o
                0x0801b770                xTaskCheckForTimeOut
 .text.vTaskMissedYield
                0x0801b838       0x18 ./Middlewares/Third_Party/FreeRTOS/Source/tasks.o
                0x0801b838                vTaskMissedYield
 .text.prvIdleTask
                0x0801b850       0x30 ./Middlewares/Third_Party/FreeRTOS/Source/tasks.o
 .text.prvInitialiseTaskLists
                0x0801b880       0x80 ./Middlewares/Third_Party/FreeRTOS/Source/tasks.o
 .text.prvCheckTasksWaitingTermination
                0x0801b900       0x5c ./Middlewares/Third_Party/FreeRTOS/Source/tasks.o
 .text.prvDeleteTCB
                0x0801b95c       0x6a ./Middlewares/Third_Party/FreeRTOS/Source/tasks.o
 *fill*         0x0801b9c6        0x2 
 .text.prvResetNextTaskUnblockTime
                0x0801b9c8       0x40 ./Middlewares/Third_Party/FreeRTOS/Source/tasks.o
 .text.xTaskGetCurrentTaskHandle
                0x0801ba08       0x20 ./Middlewares/Third_Party/FreeRTOS/Source/tasks.o
                0x0801ba08                xTaskGetCurrentTaskHandle
 .text.xTaskGetSchedulerState
                0x0801ba28       0x3c ./Middlewares/Third_Party/FreeRTOS/Source/tasks.o
                0x0801ba28                xTaskGetSchedulerState
 .text.xTaskPriorityInherit
                0x0801ba64       0xd0 ./Middlewares/Third_Party/FreeRTOS/Source/tasks.o
                0x0801ba64                xTaskPriorityInherit
 .text.xTaskPriorityDisinherit
                0x0801bb34       0xe0 ./Middlewares/Third_Party/FreeRTOS/Source/tasks.o
                0x0801bb34                xTaskPriorityDisinherit
 .text.vTaskPriorityDisinheritAfterTimeout
                0x0801bc14      0x108 ./Middlewares/Third_Party/FreeRTOS/Source/tasks.o
                0x0801bc14                vTaskPriorityDisinheritAfterTimeout
 .text.pvTaskIncrementMutexHeldCount
                0x0801bd1c       0x28 ./Middlewares/Third_Party/FreeRTOS/Source/tasks.o
                0x0801bd1c                pvTaskIncrementMutexHeldCount
 .text.prvAddCurrentTaskToDelayedList
                0x0801bd44       0xa8 ./Middlewares/Third_Party/FreeRTOS/Source/tasks.o
 .text.xTimerCreateTimerTask
                0x0801bdec       0x94 ./Middlewares/Third_Party/FreeRTOS/Source/timers.o
                0x0801bdec                xTimerCreateTimerTask
 .text.xTimerGenericCommand
                0x0801be80       0x9c ./Middlewares/Third_Party/FreeRTOS/Source/timers.o
                0x0801be80                xTimerGenericCommand
 .text.prvProcessExpiredTimer
                0x0801bf1c       0x9c ./Middlewares/Third_Party/FreeRTOS/Source/timers.o
 .text.prvTimerTask
                0x0801bfb8       0x26 ./Middlewares/Third_Party/FreeRTOS/Source/timers.o
 *fill*         0x0801bfde        0x2 
 .text.prvProcessTimerOrBlockTask
                0x0801bfe0       0x9c ./Middlewares/Third_Party/FreeRTOS/Source/timers.o
 .text.prvGetNextExpireTime
                0x0801c07c       0x48 ./Middlewares/Third_Party/FreeRTOS/Source/timers.o
 .text.prvSampleTimeNow
                0x0801c0c4       0x40 ./Middlewares/Third_Party/FreeRTOS/Source/timers.o
 .text.prvInsertTimerInActiveList
                0x0801c104       0x84 ./Middlewares/Third_Party/FreeRTOS/Source/timers.o
 .text.prvProcessReceivedCommands
                0x0801c188      0x1cc ./Middlewares/Third_Party/FreeRTOS/Source/timers.o
 .text.prvSwitchTimerLists
                0x0801c354       0xcc ./Middlewares/Third_Party/FreeRTOS/Source/timers.o
 .text.prvCheckForValidListAndQueue
                0x0801c420       0x80 ./Middlewares/Third_Party/FreeRTOS/Source/timers.o
 .text.pxPortInitialiseStack
                0x0801c4a0       0x68 ./Middlewares/Third_Party/FreeRTOS/Source/portable/GCC/ARM_CM4F/port.o
                0x0801c4a0                pxPortInitialiseStack
 .text.prvTaskExitError
                0x0801c508       0x5c ./Middlewares/Third_Party/FreeRTOS/Source/portable/GCC/ARM_CM4F/port.o
 *fill*         0x0801c564        0xc 
 .text.SVC_Handler
                0x0801c570       0x28 ./Middlewares/Third_Party/FreeRTOS/Source/portable/GCC/ARM_CM4F/port.o
                0x0801c570                SVC_Handler
 .text.prvPortStartFirstTask
                0x0801c598       0x28 ./Middlewares/Third_Party/FreeRTOS/Source/portable/GCC/ARM_CM4F/port.o
 .text.xPortStartScheduler
                0x0801c5c0      0x148 ./Middlewares/Third_Party/FreeRTOS/Source/portable/GCC/ARM_CM4F/port.o
                0x0801c5c0                xPortStartScheduler
 .text.vPortEnterCritical
                0x0801c708       0x64 ./Middlewares/Third_Party/FreeRTOS/Source/portable/GCC/ARM_CM4F/port.o
                0x0801c708                vPortEnterCritical
 .text.vPortExitCritical
                0x0801c76c       0x54 ./Middlewares/Third_Party/FreeRTOS/Source/portable/GCC/ARM_CM4F/port.o
                0x0801c76c                vPortExitCritical
 .text.PendSV_Handler
                0x0801c7c0       0x68 ./Middlewares/Third_Party/FreeRTOS/Source/portable/GCC/ARM_CM4F/port.o
                0x0801c7c0                PendSV_Handler
 .text.xPortSysTickHandler
                0x0801c828       0x44 ./Middlewares/Third_Party/FreeRTOS/Source/portable/GCC/ARM_CM4F/port.o
                0x0801c828                xPortSysTickHandler
 .text.vPortSetupTimerInterrupt
                0x0801c86c       0x48 ./Middlewares/Third_Party/FreeRTOS/Source/portable/GCC/ARM_CM4F/port.o
                0x0801c86c                vPortSetupTimerInterrupt
 .text.vPortEnableVFP
                0x0801c8b4       0x14 ./Middlewares/Third_Party/FreeRTOS/Source/portable/GCC/ARM_CM4F/port.o
 .text.vPortValidateInterruptPriority
                0x0801c8c8       0x84 ./Middlewares/Third_Party/FreeRTOS/Source/portable/GCC/ARM_CM4F/port.o
                0x0801c8c8                vPortValidateInterruptPriority
 .text.pvPortMalloc
                0x0801c94c      0x19c ./Middlewares/Third_Party/FreeRTOS/Source/portable/MemMang/heap_4.o
                0x0801c94c                pvPortMalloc
 .text.vPortFree
                0x0801cae8       0xc8 ./Middlewares/Third_Party/FreeRTOS/Source/portable/MemMang/heap_4.o
                0x0801cae8                vPortFree
 .text.prvHeapInit
                0x0801cbb0       0xc8 ./Middlewares/Third_Party/FreeRTOS/Source/portable/MemMang/heap_4.o
 .text.prvInsertBlockIntoFreeList
                0x0801cc78       0xb4 ./Middlewares/Third_Party/FreeRTOS/Source/portable/MemMang/heap_4.o
 .text.vPortGetHeapStats
                0x0801cd2c       0xbc ./Middlewares/Third_Party/FreeRTOS/Source/portable/MemMang/heap_4.o
                0x0801cd2c                vPortGetHeapStats
 .text.mg_calloc
                0x0801cde8       0x3e ./Middlewares/Third_Party/LittleFS/src/fs_adstractions.o
 *fill*         0x0801ce26        0x2 
 .text.mg_fs_lfs_status
                0x0801ce28       0xac ./Middlewares/Third_Party/LittleFS/src/fs_adstractions.o
                0x0801ce28                mg_fs_lfs_status
 .text.mg_fs_lfs_list
                0x0801ced4       0x90 ./Middlewares/Third_Party/LittleFS/src/fs_adstractions.o
                0x0801ced4                mg_fs_lfs_list
 .text.mg_fs_lfs_open
                0x0801cf64       0x74 ./Middlewares/Third_Party/LittleFS/src/fs_adstractions.o
                0x0801cf64                mg_fs_lfs_open
 .text.mg_fs_lfs_close
                0x0801cfd8       0x28 ./Middlewares/Third_Party/LittleFS/src/fs_adstractions.o
                0x0801cfd8                mg_fs_lfs_close
 .text.mg_fs_lfs_read
                0x0801d000       0x30 ./Middlewares/Third_Party/LittleFS/src/fs_adstractions.o
                0x0801d000                mg_fs_lfs_read
 .text.mg_fs_lfs_write
                0x0801d030       0x30 ./Middlewares/Third_Party/LittleFS/src/fs_adstractions.o
                0x0801d030                mg_fs_lfs_write
 .text.mg_fs_lfs_seek
                0x0801d060       0x4c ./Middlewares/Third_Party/LittleFS/src/fs_adstractions.o
                0x0801d060                mg_fs_lfs_seek
 .text.mg_fs_lfs_rename
                0x0801d0ac       0x2c ./Middlewares/Third_Party/LittleFS/src/fs_adstractions.o
                0x0801d0ac                mg_fs_lfs_rename
 .text.mg_fs_lfs_remove
                0x0801d0d8       0x28 ./Middlewares/Third_Party/LittleFS/src/fs_adstractions.o
                0x0801d0d8                mg_fs_lfs_remove
 .text.mg_fs_lfs_mkdir
                0x0801d100       0x28 ./Middlewares/Third_Party/LittleFS/src/fs_adstractions.o
                0x0801d100                mg_fs_lfs_mkdir
 .text.lfs_fs_ll_init
                0x0801d128      0x110 ./Middlewares/Third_Party/LittleFS/src/fs_adstractions.o
                0x0801d128                lfs_fs_ll_init
 .text.block_device_read
                0x0801d238       0x58 ./Middlewares/Third_Party/LittleFS/src/fs_adstractions.o
                0x0801d238                block_device_read
 .text.block_device_erase
                0x0801d290       0x48 ./Middlewares/Third_Party/LittleFS/src/fs_adstractions.o
                0x0801d290                block_device_erase
 .text.block_device_prog
                0x0801d2d8       0x58 ./Middlewares/Third_Party/LittleFS/src/fs_adstractions.o
                0x0801d2d8                block_device_prog
 .text.block_device_sync
                0x0801d330       0x16 ./Middlewares/Third_Party/LittleFS/src/fs_adstractions.o
                0x0801d330                block_device_sync
 .text.lfs_max  0x0801d346       0x20 ./Middlewares/Third_Party/LittleFS/src/lfs.o
 .text.lfs_min  0x0801d366       0x20 ./Middlewares/Third_Party/LittleFS/src/lfs.o
 .text.lfs_aligndown
                0x0801d386       0x2a ./Middlewares/Third_Party/LittleFS/src/lfs.o
 .text.lfs_alignup
                0x0801d3b0       0x24 ./Middlewares/Third_Party/LittleFS/src/lfs.o
 .text.lfs_npw2
                0x0801d3d4       0x20 ./Middlewares/Third_Party/LittleFS/src/lfs.o
 .text.lfs_ctz  0x0801d3f4       0x1e ./Middlewares/Third_Party/LittleFS/src/lfs.o
 .text.lfs_popc
                0x0801d412       0x18 ./Middlewares/Third_Party/LittleFS/src/lfs.o
 .text.lfs_scmp
                0x0801d42a       0x1c ./Middlewares/Third_Party/LittleFS/src/lfs.o
 .text.lfs_fromle32
                0x0801d446       0x16 ./Middlewares/Third_Party/LittleFS/src/lfs.o
 .text.lfs_tole32
                0x0801d45c       0x18 ./Middlewares/Third_Party/LittleFS/src/lfs.o
 .text.lfs_frombe32
                0x0801d474       0x18 ./Middlewares/Third_Party/LittleFS/src/lfs.o
 .text.lfs_tobe32
                0x0801d48c       0x18 ./Middlewares/Third_Party/LittleFS/src/lfs.o
 .text.lfs_malloc
                0x0801d4a4       0x18 ./Middlewares/Third_Party/LittleFS/src/lfs.o
 .text.lfs_free
                0x0801d4bc       0x16 ./Middlewares/Third_Party/LittleFS/src/lfs.o
 .text.lfs_cache_drop
                0x0801d4d2       0x1e ./Middlewares/Third_Party/LittleFS/src/lfs.o
 .text.lfs_cache_zero
                0x0801d4f0       0x2c ./Middlewares/Third_Party/LittleFS/src/lfs.o
 .text.lfs_bd_read
                0x0801d51c      0x298 ./Middlewares/Third_Party/LittleFS/src/lfs.o
 .text.lfs_bd_cmp
                0x0801d7b4       0xa2 ./Middlewares/Third_Party/LittleFS/src/lfs.o
 .text.lfs_bd_crc
                0x0801d856       0x8c ./Middlewares/Third_Party/LittleFS/src/lfs.o
 *fill*         0x0801d8e2        0x2 
 .text.lfs_bd_flush
                0x0801d8e4       0xf4 ./Middlewares/Third_Party/LittleFS/src/lfs.o
 .text.lfs_bd_sync
                0x0801d9d8       0x68 ./Middlewares/Third_Party/LittleFS/src/lfs.o
 .text.lfs_bd_prog
                0x0801da40      0x15c ./Middlewares/Third_Party/LittleFS/src/lfs.o
 .text.lfs_bd_erase
                0x0801db9c       0x64 ./Middlewares/Third_Party/LittleFS/src/lfs.o
 .text.lfs_pair_swap
                0x0801dc00       0x2a ./Middlewares/Third_Party/LittleFS/src/lfs.o
 .text.lfs_pair_isnull
                0x0801dc2a       0x36 ./Middlewares/Third_Party/LittleFS/src/lfs.o
 .text.lfs_pair_cmp
                0x0801dc60       0x54 ./Middlewares/Third_Party/LittleFS/src/lfs.o
 .text.lfs_pair_issync
                0x0801dcb4       0x5a ./Middlewares/Third_Party/LittleFS/src/lfs.o
 .text.lfs_pair_fromle32
                0x0801dd0e       0x34 ./Middlewares/Third_Party/LittleFS/src/lfs.o
 .text.lfs_pair_tole32
                0x0801dd42       0x34 ./Middlewares/Third_Party/LittleFS/src/lfs.o
 .text.lfs_tag_isvalid
                0x0801dd76       0x1c ./Middlewares/Third_Party/LittleFS/src/lfs.o
 .text.lfs_tag_isdelete
                0x0801dd92       0x26 ./Middlewares/Third_Party/LittleFS/src/lfs.o
 .text.lfs_tag_type1
                0x0801ddb8       0x20 ./Middlewares/Third_Party/LittleFS/src/lfs.o
 .text.lfs_tag_type2
                0x0801ddd8       0x20 ./Middlewares/Third_Party/LittleFS/src/lfs.o
 .text.lfs_tag_type3
                0x0801ddf8       0x20 ./Middlewares/Third_Party/LittleFS/src/lfs.o
 .text.lfs_tag_chunk
                0x0801de18       0x1a ./Middlewares/Third_Party/LittleFS/src/lfs.o
 .text.lfs_tag_splice
                0x0801de32       0x1a ./Middlewares/Third_Party/LittleFS/src/lfs.o
 .text.lfs_tag_id
                0x0801de4c       0x20 ./Middlewares/Third_Party/LittleFS/src/lfs.o
 .text.lfs_tag_size
                0x0801de6c       0x1a ./Middlewares/Third_Party/LittleFS/src/lfs.o
 .text.lfs_tag_dsize
                0x0801de86       0x28 ./Middlewares/Third_Party/LittleFS/src/lfs.o
 .text.lfs_gstate_xor
                0x0801deae       0x4a ./Middlewares/Third_Party/LittleFS/src/lfs.o
 .text.lfs_gstate_iszero
                0x0801def8       0x3a ./Middlewares/Third_Party/LittleFS/src/lfs.o
 .text.lfs_gstate_hasorphans
                0x0801df32       0x26 ./Middlewares/Third_Party/LittleFS/src/lfs.o
 .text.lfs_gstate_getorphans
                0x0801df58       0x1e ./Middlewares/Third_Party/LittleFS/src/lfs.o
 .text.lfs_gstate_hasmove
                0x0801df76       0x26 ./Middlewares/Third_Party/LittleFS/src/lfs.o
 .text.lfs_gstate_needssuperblock
                0x0801df9c       0x28 ./Middlewares/Third_Party/LittleFS/src/lfs.o
 .text.lfs_gstate_hasmovehere
                0x0801dfc4       0x40 ./Middlewares/Third_Party/LittleFS/src/lfs.o
 .text.lfs_gstate_fromle32
                0x0801e004       0x40 ./Middlewares/Third_Party/LittleFS/src/lfs.o
 .text.lfs_gstate_tole32
                0x0801e044       0x40 ./Middlewares/Third_Party/LittleFS/src/lfs.o
 .text.lfs_fcrc_fromle32
                0x0801e084       0x30 ./Middlewares/Third_Party/LittleFS/src/lfs.o
 .text.lfs_fcrc_tole32
                0x0801e0b4       0x30 ./Middlewares/Third_Party/LittleFS/src/lfs.o
 .text.lfs_ctz_fromle32
                0x0801e0e4       0x30 ./Middlewares/Third_Party/LittleFS/src/lfs.o
 .text.lfs_ctz_tole32
                0x0801e114       0x30 ./Middlewares/Third_Party/LittleFS/src/lfs.o
 .text.lfs_superblock_fromle32
                0x0801e144       0x70 ./Middlewares/Third_Party/LittleFS/src/lfs.o
 .text.lfs_superblock_tole32
                0x0801e1b4       0x70 ./Middlewares/Third_Party/LittleFS/src/lfs.o
 .text.lfs_mlist_isopen
                0x0801e224       0x3a ./Middlewares/Third_Party/LittleFS/src/lfs.o
 .text.lfs_mlist_remove
                0x0801e25e       0x44 ./Middlewares/Third_Party/LittleFS/src/lfs.o
 .text.lfs_mlist_append
                0x0801e2a2       0x24 ./Middlewares/Third_Party/LittleFS/src/lfs.o
 *fill*         0x0801e2c6        0x2 
 .text.lfs_fs_disk_version
                0x0801e2c8       0x1c ./Middlewares/Third_Party/LittleFS/src/lfs.o
 .text.lfs_fs_disk_version_major
                0x0801e2e4       0x1c ./Middlewares/Third_Party/LittleFS/src/lfs.o
 .text.lfs_fs_disk_version_minor
                0x0801e300       0x1a ./Middlewares/Third_Party/LittleFS/src/lfs.o
 .text.lfs_alloc_ckpoint
                0x0801e31a       0x1c ./Middlewares/Third_Party/LittleFS/src/lfs.o
 .text.lfs_alloc_drop
                0x0801e336       0x22 ./Middlewares/Third_Party/LittleFS/src/lfs.o
 .text.lfs_alloc_lookahead
                0x0801e358       0x6a ./Middlewares/Third_Party/LittleFS/src/lfs.o
 *fill*         0x0801e3c2        0x2 
 .text.lfs_alloc_scan
                0x0801e3c4       0x84 ./Middlewares/Third_Party/LittleFS/src/lfs.o
 .text.lfs_alloc
                0x0801e448      0x110 ./Middlewares/Third_Party/LittleFS/src/lfs.o
 .text.lfs_dir_getslice
                0x0801e558      0x1ec ./Middlewares/Third_Party/LittleFS/src/lfs.o
 .text.lfs_dir_get
                0x0801e744       0x36 ./Middlewares/Third_Party/LittleFS/src/lfs.o
 .text.lfs_dir_getread
                0x0801e77a      0x1b6 ./Middlewares/Third_Party/LittleFS/src/lfs.o
 .text.lfs_dir_traverse_filter
                0x0801e930       0xb8 ./Middlewares/Third_Party/LittleFS/src/lfs.o
 .text.lfs_dir_traverse
                0x0801e9e8      0x7c8 ./Middlewares/Third_Party/LittleFS/src/lfs.o
 .text.lfs_dir_fetchmatch
                0x0801f1b0      0x7a0 ./Middlewares/Third_Party/LittleFS/src/lfs.o
 .text.lfs_dir_fetch
                0x0801f950       0x36 ./Middlewares/Third_Party/LittleFS/src/lfs.o
 *fill*         0x0801f986        0x2 
 .text.lfs_dir_getgstate
                0x0801f988       0x64 ./Middlewares/Third_Party/LittleFS/src/lfs.o
 .text.lfs_dir_getinfo
                0x0801f9ec       0xf4 ./Middlewares/Third_Party/LittleFS/src/lfs.o
 .text.lfs_dir_find_match
                0x0801fae0       0x92 ./Middlewares/Third_Party/LittleFS/src/lfs.o
 *fill*         0x0801fb72        0x2 
 .text.lfs_dir_find
                0x0801fb74      0x1f4 ./Middlewares/Third_Party/LittleFS/src/lfs.o
 .text.lfs_dir_commitprog
                0x0801fd68       0x6c ./Middlewares/Third_Party/LittleFS/src/lfs.o
 .text.lfs_dir_commitattr
                0x0801fdd4      0x100 ./Middlewares/Third_Party/LittleFS/src/lfs.o
 .text.lfs_dir_commitcrc
                0x0801fed4      0x2e0 ./Middlewares/Third_Party/LittleFS/src/lfs.o
 .text.lfs_dir_alloc
                0x080201b4       0xf2 ./Middlewares/Third_Party/LittleFS/src/lfs.o
 *fill*         0x080202a6        0x2 
 .text.lfs_dir_drop
                0x080202a8       0x78 ./Middlewares/Third_Party/LittleFS/src/lfs.o
 .text.lfs_dir_split
                0x08020320       0xa8 ./Middlewares/Third_Party/LittleFS/src/lfs.o
 .text.lfs_dir_commit_size
                0x080203c8       0x2c ./Middlewares/Third_Party/LittleFS/src/lfs.o
 .text.lfs_dir_commit_commit
                0x080203f4       0x2a ./Middlewares/Third_Party/LittleFS/src/lfs.o
 .text.lfs_dir_needsrelocation
                0x0802041e       0x4c ./Middlewares/Third_Party/LittleFS/src/lfs.o
 *fill*         0x0802046a        0x2 
 .text.lfs_dir_compact
                0x0802046c      0x3f0 ./Middlewares/Third_Party/LittleFS/src/lfs.o
 .text.lfs_dir_splittingcompact
                0x0802085c      0x230 ./Middlewares/Third_Party/LittleFS/src/lfs.o
 .text.lfs_dir_relocatingcommit
                0x08020a8c      0x584 ./Middlewares/Third_Party/LittleFS/src/lfs.o
 .text.lfs_dir_orphaningcommit
                0x08021010      0x5f4 ./Middlewares/Third_Party/LittleFS/src/lfs.o
 .text.lfs_dir_commit
                0x08021604       0x4a ./Middlewares/Third_Party/LittleFS/src/lfs.o
 *fill*         0x0802164e        0x2 
 .text.lfs_mkdir_
                0x08021650      0x280 ./Middlewares/Third_Party/LittleFS/src/lfs.o
 .text.lfs_dir_open_
                0x080218d0       0xf4 ./Middlewares/Third_Party/LittleFS/src/lfs.o
 .text.lfs_dir_close_
                0x080219c4       0x1c ./Middlewares/Third_Party/LittleFS/src/lfs.o
 .text.lfs_dir_read_
                0x080219e0      0x108 ./Middlewares/Third_Party/LittleFS/src/lfs.o
 .text.lfs_ctz_index
                0x08021ae8       0x70 ./Middlewares/Third_Party/LittleFS/src/lfs.o
 .text.lfs_ctz_find
                0x08021b58       0xd6 ./Middlewares/Third_Party/LittleFS/src/lfs.o
 *fill*         0x08021c2e        0x2 
 .text.lfs_ctz_extend
                0x08021c30      0x210 ./Middlewares/Third_Party/LittleFS/src/lfs.o
 .text.lfs_ctz_traverse
                0x08021e40       0xf8 ./Middlewares/Third_Party/LittleFS/src/lfs.o
 .text.lfs_file_opencfg_
                0x08021f38      0x3a0 ./Middlewares/Third_Party/LittleFS/src/lfs.o
 .text.lfs_file_open_
                0x080222d8       0x30 ./Middlewares/Third_Party/LittleFS/src/lfs.o
 .text.lfs_file_close_
                0x08022308       0x3a ./Middlewares/Third_Party/LittleFS/src/lfs.o
 *fill*         0x08022342        0x2 
 .text.lfs_file_relocate
                0x08022344      0x1b4 ./Middlewares/Third_Party/LittleFS/src/lfs.o
 .text.lfs_file_outline
                0x080224f8       0x42 ./Middlewares/Third_Party/LittleFS/src/lfs.o
 *fill*         0x0802253a        0x2 
 .text.lfs_file_flush
                0x0802253c      0x1a8 ./Middlewares/Third_Party/LittleFS/src/lfs.o
 .text.lfs_file_sync_
                0x080226e4      0x140 ./Middlewares/Third_Party/LittleFS/src/lfs.o
 .text.lfs_file_flushedread
                0x08022824      0x1a4 ./Middlewares/Third_Party/LittleFS/src/lfs.o
 .text.lfs_file_read_
                0x080229c8       0x6c ./Middlewares/Third_Party/LittleFS/src/lfs.o
 .text.lfs_file_flushedwrite
                0x08022a34      0x21e ./Middlewares/Third_Party/LittleFS/src/lfs.o
 *fill*         0x08022c52        0x2 
 .text.lfs_file_write_
                0x08022c54      0x108 ./Middlewares/Third_Party/LittleFS/src/lfs.o
 .text.lfs_file_seek_
                0x08022d5c      0x112 ./Middlewares/Third_Party/LittleFS/src/lfs.o
 .text.lfs_file_tell_
                0x08022e6e       0x1a ./Middlewares/Third_Party/LittleFS/src/lfs.o
 .text.lfs_file_size_
                0x08022e88       0x36 ./Middlewares/Third_Party/LittleFS/src/lfs.o
 .text.lfs_stat_
                0x08022ebe       0x4a ./Middlewares/Third_Party/LittleFS/src/lfs.o
 .text.lfs_remove_
                0x08022f08      0x1a4 ./Middlewares/Third_Party/LittleFS/src/lfs.o
 .text.lfs_rename_
                0x080230ac      0x43c ./Middlewares/Third_Party/LittleFS/src/lfs.o
 .text.lfs_init
                0x080234e8      0x4c4 ./Middlewares/Third_Party/LittleFS/src/lfs.o
 .text.lfs_deinit
                0x080239ac       0x4e ./Middlewares/Third_Party/LittleFS/src/lfs.o
 *fill*         0x080239fa        0x2 
 .text.lfs_format_
                0x080239fc      0x164 ./Middlewares/Third_Party/LittleFS/src/lfs.o
 .text.lfs_mount_
                0x08023b60      0x440 ./Middlewares/Third_Party/LittleFS/src/lfs.o
 .text.lfs_unmount_
                0x08023fa0       0x18 ./Middlewares/Third_Party/LittleFS/src/lfs.o
 .text.lfs_fs_traverse_
                0x08023fb8      0x2a0 ./Middlewares/Third_Party/LittleFS/src/lfs.o
 .text.lfs_fs_pred
                0x08024258       0xe0 ./Middlewares/Third_Party/LittleFS/src/lfs.o
 .text.lfs_fs_parent_match
                0x08024338       0x84 ./Middlewares/Third_Party/LittleFS/src/lfs.o
 .text.lfs_fs_parent
                0x080243bc      0x104 ./Middlewares/Third_Party/LittleFS/src/lfs.o
 .text.lfs_fs_prepsuperblock
                0x080244c0       0x2a ./Middlewares/Third_Party/LittleFS/src/lfs.o
 *fill*         0x080244ea        0x2 
 .text.lfs_fs_preporphans
                0x080244ec       0xa0 ./Middlewares/Third_Party/LittleFS/src/lfs.o
 .text.lfs_fs_prepmove
                0x0802458c       0x74 ./Middlewares/Third_Party/LittleFS/src/lfs.o
 .text.lfs_fs_desuperblock
                0x08024600       0xd8 ./Middlewares/Third_Party/LittleFS/src/lfs.o
 .text.lfs_fs_demove
                0x080246d8       0xf8 ./Middlewares/Third_Party/LittleFS/src/lfs.o
 .text.lfs_fs_deorphan
                0x080247d0      0x360 ./Middlewares/Third_Party/LittleFS/src/lfs.o
 .text.lfs_fs_forceconsistency
                0x08024b30       0x4a ./Middlewares/Third_Party/LittleFS/src/lfs.o
 .text.lfs_fs_size_count
                0x08024b7a       0x26 ./Middlewares/Third_Party/LittleFS/src/lfs.o
 .text.lfs_fs_size_
                0x08024ba0       0x34 ./Middlewares/Third_Party/LittleFS/src/lfs.o
 .text.lfs_format
                0x08024bd4       0x3a ./Middlewares/Third_Party/LittleFS/src/lfs.o
                0x08024bd4                lfs_format
 .text.lfs_mount
                0x08024c0e       0x3a ./Middlewares/Third_Party/LittleFS/src/lfs.o
                0x08024c0e                lfs_mount
 .text.lfs_remove
                0x08024c48       0x46 ./Middlewares/Third_Party/LittleFS/src/lfs.o
                0x08024c48                lfs_remove
 .text.lfs_rename
                0x08024c8e       0x4a ./Middlewares/Third_Party/LittleFS/src/lfs.o
                0x08024c8e                lfs_rename
 .text.lfs_stat
                0x08024cd8       0x4a ./Middlewares/Third_Party/LittleFS/src/lfs.o
                0x08024cd8                lfs_stat
 *fill*         0x08024d22        0x2 
 .text.lfs_file_open
                0x08024d24       0x80 ./Middlewares/Third_Party/LittleFS/src/lfs.o
                0x08024d24                lfs_file_open
 .text.lfs_file_close
                0x08024da4       0x74 ./Middlewares/Third_Party/LittleFS/src/lfs.o
                0x08024da4                lfs_file_close
 .text.lfs_file_read
                0x08024e18       0x7c ./Middlewares/Third_Party/LittleFS/src/lfs.o
                0x08024e18                lfs_file_read
 .text.lfs_file_write
                0x08024e94       0x7c ./Middlewares/Third_Party/LittleFS/src/lfs.o
                0x08024e94                lfs_file_write
 .text.lfs_file_seek
                0x08024f10       0x7c ./Middlewares/Third_Party/LittleFS/src/lfs.o
                0x08024f10                lfs_file_seek
 .text.lfs_file_tell
                0x08024f8c       0x74 ./Middlewares/Third_Party/LittleFS/src/lfs.o
                0x08024f8c                lfs_file_tell
 .text.lfs_mkdir
                0x08025000       0x46 ./Middlewares/Third_Party/LittleFS/src/lfs.o
                0x08025000                lfs_mkdir
 *fill*         0x08025046        0x2 
 .text.lfs_dir_open
                0x08025048       0x7c ./Middlewares/Third_Party/LittleFS/src/lfs.o
                0x08025048                lfs_dir_open
 .text.lfs_dir_close
                0x080250c4       0x46 ./Middlewares/Third_Party/LittleFS/src/lfs.o
                0x080250c4                lfs_dir_close
 .text.lfs_dir_read
                0x0802510a       0x4a ./Middlewares/Third_Party/LittleFS/src/lfs.o
                0x0802510a                lfs_dir_read
 .text.lfs_crc  0x08025154       0x7c ./Middlewares/Third_Party/LittleFS/src/lfs_util.o
                0x08025154                lfs_crc
 .text.mg_calloc
                0x080251d0       0x3c ./Middlewares/Third_Party/mongoose/mongoose.o
 .text.mg_dns_free
                0x0802520c       0x36 ./Middlewares/Third_Party/mongoose/mongoose.o
 .text.mg_resolve_cancel
                0x08025242       0x44 ./Middlewares/Third_Party/mongoose/mongoose.o
                0x08025242                mg_resolve_cancel
 .text.mg_dns_parse_name_depth
                0x08025286      0x160 ./Middlewares/Third_Party/mongoose/mongoose.o
 .text.mg_dns_parse_name
                0x080253e6       0x30 ./Middlewares/Third_Party/mongoose/mongoose.o
 .text.mg_dns_parse_rr
                0x08025416      0x124 ./Middlewares/Third_Party/mongoose/mongoose.o
                0x08025416                mg_dns_parse_rr
 *fill*         0x0802553a        0x2 
 .text.mg_dns_parse
                0x0802553c      0x198 ./Middlewares/Third_Party/mongoose/mongoose.o
                0x0802553c                mg_dns_parse
 .text.dns_cb   0x080256d4      0x2fc ./Middlewares/Third_Party/mongoose/mongoose.o
 .text.mg_dns_send
                0x080259d0      0x1c0 ./Middlewares/Third_Party/mongoose/mongoose.o
 .text.mg_sendnsreq
                0x08025b90      0x178 ./Middlewares/Third_Party/mongoose/mongoose.o
 .text.mg_resolve
                0x08025d08       0x88 ./Middlewares/Third_Party/mongoose/mongoose.o
                0x08025d08                mg_resolve
 .text.mg_call  0x08025d90       0x40 ./Middlewares/Third_Party/mongoose/mongoose.o
                0x08025d90                mg_call
 .text.mg_error
                0x08025dd0       0x84 ./Middlewares/Third_Party/mongoose/mongoose.o
                0x08025dd0                mg_error
 .text.is_digit
                0x08025e54       0x2c ./Middlewares/Third_Party/mongoose/mongoose.o
 .text.addexp   0x08025e80      0x104 ./Middlewares/Third_Party/mongoose/mongoose.o
 .text.xisinf   0x08025f84       0x50 ./Middlewares/Third_Party/mongoose/mongoose.o
 .text.xisnan   0x08025fd4       0x58 ./Middlewares/Third_Party/mongoose/mongoose.o
 *fill*         0x0802602c        0x4 
 .text.mg_dtoa  0x08026030      0x5e8 ./Middlewares/Third_Party/mongoose/mongoose.o
 .text.mg_lld   0x08026618      0x160 ./Middlewares/Third_Party/mongoose/mongoose.o
 .text.scpy     0x08026778       0x46 ./Middlewares/Third_Party/mongoose/mongoose.o
 .text.mg_xprintf
                0x080267be       0x36 ./Middlewares/Third_Party/mongoose/mongoose.o
                0x080267be                mg_xprintf
 .text.mg_vxprintf
                0x080267f4      0x748 ./Middlewares/Third_Party/mongoose/mongoose.o
                0x080267f4                mg_vxprintf
 .text.mg_fs_open
                0x08026f3c       0x4e ./Middlewares/Third_Party/mongoose/mongoose.o
                0x08026f3c                mg_fs_open
 .text.mg_fs_close
                0x08026f8a       0x2a ./Middlewares/Third_Party/mongoose/mongoose.o
                0x08026f8a                mg_fs_close
 .text.p_stat   0x08026fb4       0x1a ./Middlewares/Third_Party/mongoose/mongoose.o
 .text.p_list   0x08026fce       0x18 ./Middlewares/Third_Party/mongoose/mongoose.o
 .text.p_open   0x08026fe6       0x18 ./Middlewares/Third_Party/mongoose/mongoose.o
 .text.p_close  0x08026ffe       0x14 ./Middlewares/Third_Party/mongoose/mongoose.o
 .text.p_read   0x08027012       0x1a ./Middlewares/Third_Party/mongoose/mongoose.o
 .text.p_write  0x0802702c       0x1a ./Middlewares/Third_Party/mongoose/mongoose.o
 .text.p_seek   0x08027046       0x1a ./Middlewares/Third_Party/mongoose/mongoose.o
 .text.p_rename
                0x08027060       0x18 ./Middlewares/Third_Party/mongoose/mongoose.o
 .text.p_remove
                0x08027078       0x16 ./Middlewares/Third_Party/mongoose/mongoose.o
 .text.p_mkdir  0x0802708e       0x16 ./Middlewares/Third_Party/mongoose/mongoose.o
 .text.mg_ncasecmp
                0x080270a4       0x80 ./Middlewares/Third_Party/mongoose/mongoose.o
 .text.mg_to_size_t
                0x08027124      0x12c ./Middlewares/Third_Party/mongoose/mongoose.o
                0x08027124                mg_to_size_t
 .text.mg_http_var
                0x08027250       0xa0 ./Middlewares/Third_Party/mongoose/mongoose.o
                0x08027250                mg_http_var
 .text.mg_http_get_var
                0x080272f0       0xa6 ./Middlewares/Third_Party/mongoose/mongoose.o
                0x080272f0                mg_http_get_var
 .text.isx      0x08027396       0x44 ./Middlewares/Third_Party/mongoose/mongoose.o
 .text.mg_url_decode
                0x080273da      0x110 ./Middlewares/Third_Party/mongoose/mongoose.o
                0x080273da                mg_url_decode
 .text.isok     0x080274ea       0x3a ./Middlewares/Third_Party/mongoose/mongoose.o
 .text.mg_http_get_request_len
                0x08027524       0x9c ./Middlewares/Third_Party/mongoose/mongoose.o
                0x08027524                mg_http_get_request_len
 .text.mg_http_get_header
                0x080275c0       0x80 ./Middlewares/Third_Party/mongoose/mongoose.o
                0x080275c0                mg_http_get_header
 .text.vcb      0x08027640       0x26 ./Middlewares/Third_Party/mongoose/mongoose.o
 .text.clen     0x08027666       0xde ./Middlewares/Third_Party/mongoose/mongoose.o
 .text.skiptorn
                0x08027744       0x96 ./Middlewares/Third_Party/mongoose/mongoose.o
 .text.mg_http_parse_headers
                0x080277da      0x15e ./Middlewares/Third_Party/mongoose/mongoose.o
 .text.mg_http_parse
                0x08027938      0x2dc ./Middlewares/Third_Party/mongoose/mongoose.o
                0x08027938                mg_http_parse
 .text.mg_http_status_code_str
                0x08027c14      0x9f8 ./Middlewares/Third_Party/mongoose/mongoose.o
 .text.mg_http_reply
                0x0802860c       0xb0 ./Middlewares/Third_Party/mongoose/mongoose.o
                0x0802860c                mg_http_reply
 .text.restore_http_cb
                0x080286bc       0x40 ./Middlewares/Third_Party/mongoose/mongoose.o
 .text.mg_http_etag
                0x080286fc       0x38 ./Middlewares/Third_Party/mongoose/mongoose.o
                0x080286fc                mg_http_etag
 .text.static_cb
                0x08028734       0xc4 ./Middlewares/Third_Party/mongoose/mongoose.o
 .text.guess_content_type
                0x080287f8      0x114 ./Middlewares/Third_Party/mongoose/mongoose.o
 .text.getrange
                0x0802890c       0xe8 ./Middlewares/Third_Party/mongoose/mongoose.o
 .text.mg_http_serve_file
                0x080289f4      0x5c4 ./Middlewares/Third_Party/mongoose/mongoose.o
                0x080289f4                mg_http_serve_file
 .text.printdirentry
                0x08028fb8      0x1fc ./Middlewares/Third_Party/mongoose/mongoose.o
 .text.listdir  0x080291b4      0x184 ./Middlewares/Third_Party/mongoose/mongoose.o
 .text.uri_to_path2
                0x08029338      0x2dc ./Middlewares/Third_Party/mongoose/mongoose.o
 .text.uri_to_path
                0x08029614      0x194 ./Middlewares/Third_Party/mongoose/mongoose.o
 .text.mg_http_serve_dir
                0x080297a8       0xbe ./Middlewares/Third_Party/mongoose/mongoose.o
                0x080297a8                mg_http_serve_dir
 .text.mg_is_url_safe
                0x08029866       0x5c ./Middlewares/Third_Party/mongoose/mongoose.o
 *fill*         0x080298c2        0x2 
 .text.mg_url_encode
                0x080298c4       0xc0 ./Middlewares/Third_Party/mongoose/mongoose.o
                0x080298c4                mg_url_encode
 .text.mg_http_upload
                0x08029984      0x374 ./Middlewares/Third_Party/mongoose/mongoose.o
                0x08029984                mg_http_upload
 .text.mg_http_status
                0x08029cf8       0x1c ./Middlewares/Third_Party/mongoose/mongoose.o
                0x08029cf8                mg_http_status
 .text.is_hex_digit
                0x08029d14       0x44 ./Middlewares/Third_Party/mongoose/mongoose.o
 .text.skip_chunk
                0x08029d58      0x11e ./Middlewares/Third_Party/mongoose/mongoose.o
 *fill*         0x08029e76        0x2 
 .text.http_cb  0x08029e78      0x698 ./Middlewares/Third_Party/mongoose/mongoose.o
 .text.mg_http_listen
                0x0802a510       0x38 ./Middlewares/Third_Party/mongoose/mongoose.o
                0x0802a510                mg_http_listen
 .text.roundup  0x0802a548       0x34 ./Middlewares/Third_Party/mongoose/mongoose.o
 .text.mg_iobuf_resize
                0x0802a57c      0x118 ./Middlewares/Third_Party/mongoose/mongoose.o
                0x0802a57c                mg_iobuf_resize
 .text.mg_iobuf_add
                0x0802a694       0xa4 ./Middlewares/Third_Party/mongoose/mongoose.o
                0x0802a694                mg_iobuf_add
 .text.mg_iobuf_del
                0x0802a738       0x96 ./Middlewares/Third_Party/mongoose/mongoose.o
                0x0802a738                mg_iobuf_del
 .text.mg_iobuf_free
                0x0802a7ce       0x18 ./Middlewares/Third_Party/mongoose/mongoose.o
                0x0802a7ce                mg_iobuf_free
 *fill*         0x0802a7e6        0x2 
 .text.escapeseq
                0x0802a7e8       0x28 ./Middlewares/Third_Party/mongoose/mongoose.o
 .text.json_esc
                0x0802a810       0x60 ./Middlewares/Third_Party/mongoose/mongoose.o
 .text.mg_pass_string
                0x0802a870       0x82 ./Middlewares/Third_Party/mongoose/mongoose.o
 *fill*         0x0802a8f2        0x6 
 .text.mg_atod  0x0802a8f8      0x2d4 ./Middlewares/Third_Party/mongoose/mongoose.o
 .text.mg_json_get
                0x0802abcc      0x674 ./Middlewares/Third_Party/mongoose/mongoose.o
                0x0802abcc                mg_json_get
 .text.mg_json_get_num
                0x0802b240       0x8e ./Middlewares/Third_Party/mongoose/mongoose.o
                0x0802b240                mg_json_get_num
 .text.mg_json_get_bool
                0x0802b2ce       0x78 ./Middlewares/Third_Party/mongoose/mongoose.o
                0x0802b2ce                mg_json_get_bool
 .text.mg_json_unescape
                0x0802b346      0x11c ./Middlewares/Third_Party/mongoose/mongoose.o
                0x0802b346                mg_json_unescape
 .text.mg_json_get_str
                0x0802b462       0x9a ./Middlewares/Third_Party/mongoose/mongoose.o