Archive member included to satisfy reference by file (symbol)

/Applications/STM32CubeIDE.app/Contents/Eclipse/plugins/com.st.stm32cube.ide.mcu.externaltools.gnu-tools-for-stm32.12.3.rel1.macos64_1.0.200.202406191456/tools/bin/../lib/gcc/arm-none-eabi/12.3.1/../../../../arm-none-eabi/lib/thumb/v7e-m+fp/hard/libc_nano.a(libc_a-assert.o)
                              ./Middlewares/Third_Party/LittleFS/src/fs_adstractions.o (__assert_func)
/Applications/STM32CubeIDE.app/Contents/Eclipse/plugins/com.st.stm32cube.ide.mcu.externaltools.gnu-tools-for-stm32.12.3.rel1.macos64_1.0.200.202406191456/tools/bin/../lib/gcc/arm-none-eabi/12.3.1/../../../../arm-none-eabi/lib/thumb/v7e-m+fp/hard/libc_nano.a(libc_a-atoi.o)
                              ./Middlewares/Third_Party/mongoose/mongoose.o (atoi)
/Applications/STM32CubeIDE.app/Contents/Eclipse/plugins/com.st.stm32cube.ide.mcu.externaltools.gnu-tools-for-stm32.12.3.rel1.macos64_1.0.200.202406191456/tools/bin/../lib/gcc/arm-none-eabi/12.3.1/../../../../arm-none-eabi/lib/thumb/v7e-m+fp/hard/libc_nano.a(libc_a-exit.o)
                              /Applications/STM32CubeIDE.app/Contents/Eclipse/plugins/com.st.stm32cube.ide.mcu.externaltools.gnu-tools-for-stm32.12.3.rel1.macos64_1.0.200.202406191456/tools/bin/../lib/gcc/arm-none-eabi/12.3.1/../../../../arm-none-eabi/lib/thumb/v7e-m+fp/hard/crt0.o (exit)
/Applications/STM32CubeIDE.app/Contents/Eclipse/plugins/com.st.stm32cube.ide.mcu.externaltools.gnu-tools-for-stm32.12.3.rel1.macos64_1.0.200.202406191456/tools/bin/../lib/gcc/arm-none-eabi/12.3.1/../../../../arm-none-eabi/lib/thumb/v7e-m+fp/hard/libc_nano.a(libc_a-snprintf.o)
                              ./Core/Src/logger.o (snprintf)
/Applications/STM32CubeIDE.app/Contents/Eclipse/plugins/com.st.stm32cube.ide.mcu.externaltools.gnu-tools-for-stm32.12.3.rel1.macos64_1.0.200.202406191456/tools/bin/../lib/gcc/arm-none-eabi/12.3.1/../../../../arm-none-eabi/lib/thumb/v7e-m+fp/hard/libc_nano.a(libc_a-sprintf.o)
                              ./Core/Src/freertos.o (sprintf)
/Applications/STM32CubeIDE.app/Contents/Eclipse/plugins/com.st.stm32cube.ide.mcu.externaltools.gnu-tools-for-stm32.12.3.rel1.macos64_1.0.200.202406191456/tools/bin/../lib/gcc/arm-none-eabi/12.3.1/../../../../arm-none-eabi/lib/thumb/v7e-m+fp/hard/libc_nano.a(libc_a-sscanf.o)
                              ./Core/app/mqtt_client_app/src/mqtt.o (sscanf)
/Applications/STM32CubeIDE.app/Contents/Eclipse/plugins/com.st.stm32cube.ide.mcu.externaltools.gnu-tools-for-stm32.12.3.rel1.macos64_1.0.200.202406191456/tools/bin/../lib/gcc/arm-none-eabi/12.3.1/../../../../arm-none-eabi/lib/thumb/v7e-m+fp/hard/libc_nano.a(libc_a-stdio.o)
                              /Applications/STM32CubeIDE.app/Contents/Eclipse/plugins/com.st.stm32cube.ide.mcu.externaltools.gnu-tools-for-stm32.12.3.rel1.macos64_1.0.200.202406191456/tools/bin/../lib/gcc/arm-none-eabi/12.3.1/../../../../arm-none-eabi/lib/thumb/v7e-m+fp/hard/libc_nano.a(libc_a-sscanf.o) (__seofread)
/Applications/STM32CubeIDE.app/Contents/Eclipse/plugins/com.st.stm32cube.ide.mcu.externaltools.gnu-tools-for-stm32.12.3.rel1.macos64_1.0.200.202406191456/tools/bin/../lib/gcc/arm-none-eabi/12.3.1/../../../../arm-none-eabi/lib/thumb/v7e-m+fp/hard/libc_nano.a(libc_a-rand.o)
                              ./Middlewares/Third_Party/mongoose/mongoose.o (srand)
/Applications/STM32CubeIDE.app/Contents/Eclipse/plugins/com.st.stm32cube.ide.mcu.externaltools.gnu-tools-for-stm32.12.3.rel1.macos64_1.0.200.202406191456/tools/bin/../lib/gcc/arm-none-eabi/12.3.1/../../../../arm-none-eabi/lib/thumb/v7e-m+fp/hard/libc_nano.a(libc_a-findfp.o)
                              ./Middlewares/Third_Party/FreeRTOS/Source/tasks.o (__sf)
/Applications/STM32CubeIDE.app/Contents/Eclipse/plugins/com.st.stm32cube.ide.mcu.externaltools.gnu-tools-for-stm32.12.3.rel1.macos64_1.0.200.202406191456/tools/bin/../lib/gcc/arm-none-eabi/12.3.1/../../../../arm-none-eabi/lib/thumb/v7e-m+fp/hard/libc_nano.a(libc_a-fprintf.o)
                              /Applications/STM32CubeIDE.app/Contents/Eclipse/plugins/com.st.stm32cube.ide.mcu.externaltools.gnu-tools-for-stm32.12.3.rel1.macos64_1.0.200.202406191456/tools/bin/../lib/gcc/arm-none-eabi/12.3.1/../../../../arm-none-eabi/lib/thumb/v7e-m+fp/hard/libc_nano.a(libc_a-assert.o) (fiprintf)
/Applications/STM32CubeIDE.app/Contents/Eclipse/plugins/com.st.stm32cube.ide.mcu.externaltools.gnu-tools-for-stm32.12.3.rel1.macos64_1.0.200.202406191456/tools/bin/../lib/gcc/arm-none-eabi/12.3.1/../../../../arm-none-eabi/lib/thumb/v7e-m+fp/hard/libc_nano.a(libc_a-strtol.o)
                              /Applications/STM32CubeIDE.app/Contents/Eclipse/plugins/com.st.stm32cube.ide.mcu.externaltools.gnu-tools-for-stm32.12.3.rel1.macos64_1.0.200.202406191456/tools/bin/../lib/gcc/arm-none-eabi/12.3.1/../../../../arm-none-eabi/lib/thumb/v7e-m+fp/hard/libc_nano.a(libc_a-atoi.o) (_strtol_r)
[...]
Memory Configuration

Name             Origin             Length             Attributes
RAM              0x20000000         0x00020000         xrw
FLASH            0x08000000         0x00080000         xr
*default*        0x00000000         0xffffffff

Linker script and memory map

LOAD /Applications/STM32CubeIDE.app/Contents/Eclipse/plugins/com.st.stm32cube.ide.mcu.externaltools.gnu-tools-for-stm32.12.3.rel1.macos64_1.0.200.202406191456/tools/bin/../lib/gcc/arm-none-eabi/12.3.1/thumb/v7e-m+fp/hard/crti.o
LOAD /Applications/STM32CubeIDE.app/Contents/Eclipse/plugins/com.st.stm32cube.ide.mcu.externaltools.gnu-tools-for-stm32.12.3.rel1.macos64_1.0.200.202406191456/tools/bin/../lib/gcc/arm-none-eabi/12.3.1/thumb/v7e-m+fp/hard/crtbegin.o
LOAD /Applications/STM32CubeIDE.app/Contents/Eclipse/plugins/com.st.stm32cube.ide.mcu.externaltools.gnu-tools-for-stm32.12.3.rel1.macos64_1.0.200.202406191456/tools/bin/../lib/gcc/arm-none-eabi/12.3.1/../../../../arm-none-eabi/lib/thumb/v7e-m+fp/hard/crt0.o
LOAD ./Core/Src/eth.o
LOAD ./Core/Src/freertos.o
LOAD ./Core/Src/gpio.o
LOAD ./Core/Src/i2c.o
LOAD ./Core/Src/logger.o
LOAD ./Core/Src/main.o
LOAD ./Core/Src/spi.o
LOAD ./Core/Src/stm32f4xx_hal_msp.o
LOAD ./Core/Src/stm32f4xx_hal_timebase_tim.o
LOAD ./Core/Src/stm32f4xx_it.o
LOAD ./Core/Src/syscalls.o
LOAD ./Core/Src/sysmem.o
LOAD ./Core/Src/system_stm32f4xx.o
LOAD ./Core/Startup/startup_stm32f411ceux.o
LOAD ./Core/app/http_server_app/src/dashboard.o
LOAD ./Core/app/mqtt_client_app/src/home_mqtt_gen.o
LOAD ./Core/app/mqtt_client_app/src/mqtt.o
LOAD ./Core/app/mqtt_client_app/src/mqtt_gen_strings.o
LOAD ./Core/app/sntp_app/src/sntp.o
LOAD ./Drivers/SPI_FLASH/src/SPI_flash.o
LOAD ./Drivers/STM32F4xx_HAL_Driver/Src/stm32f4xx_hal.o
LOAD ./Drivers/STM32F4xx_HAL_Driver/Src/stm32f4xx_hal_cortex.o
LOAD ./Drivers/STM32F4xx_HAL_Driver/Src/stm32f4xx_hal_dma.o
LOAD ./Drivers/STM32F4xx_HAL_Driver/Src/stm32f4xx_hal_dma_ex.o
LOAD ./Drivers/STM32F4xx_HAL_Driver/Src/stm32f4xx_hal_exti.o
LOAD ./Drivers/STM32F4xx_HAL_Driver/Src/stm32f4xx_hal_flash.o
LOAD ./Drivers/STM32F4xx_HAL_Driver/Src/stm32f4xx_hal_flash_ex.o
LOAD ./Drivers/STM32F4xx_HAL_Driver/Src/stm32f4xx_hal_flash_ramfunc.o
LOAD ./Drivers/STM32F4xx_HAL_Driver/Src/stm32f4xx_hal_gpio.o
LOAD ./Drivers/STM32F4xx_HAL_Driver/Src/stm32f4xx_hal_i2c.o
LOAD ./Drivers/STM32F4xx_HAL_Driver/Src/stm32f4xx_hal_i2c_ex.o
LOAD ./Drivers/STM32F4xx_HAL_Driver/Src/stm32f4xx_hal_pwr.o
LOAD ./Drivers/STM32F4xx_HAL_Driver/Src/stm32f4xx_hal_pwr_ex.o
LOAD ./Drivers/STM32F4xx_HAL_Driver/Src/stm32f4xx_hal_rcc.o
LOAD ./Drivers/STM32F4xx_HAL_Driver/Src/stm32f4xx_hal_rcc_ex.o
LOAD ./Drivers/STM32F4xx_HAL_Driver/Src/stm32f4xx_hal_spi.o
LOAD ./Drivers/STM32F4xx_HAL_Driver/Src/stm32f4xx_hal_tim.o
LOAD ./Drivers/STM32F4xx_HAL_Driver/Src/stm32f4xx_hal_tim_ex.o
LOAD ./Drivers/i2c_display/src/fonts.o
LOAD ./Drivers/i2c_display/src/ssd1306.o
LOAD ./Middlewares/Third_Party/FreeRTOS/Source/CMSIS_RTOS_V2/cmsis_os2.o
LOAD ./Middlewares/Third_Party/FreeRTOS/Source/croutine.o
LOAD ./Middlewares/Third_Party/FreeRTOS/Source/event_groups.o
LOAD ./Middlewares/Third_Party/FreeRTOS/Source/list.o
LOAD ./Middlewares/Third_Party/FreeRTOS/Source/queue.o
LOAD ./Middlewares/Third_Party/FreeRTOS/Source/stream_buffer.o
LOAD ./Middlewares/Third_Party/FreeRTOS/Source/tasks.o
LOAD ./Middlewares/Third_Party/FreeRTOS/Source/timers.o
LOAD ./Middlewares/Third_Party/FreeRTOS/Source/portable/GCC/ARM_CM4F/port.o
LOAD ./Middlewares/Third_Party/FreeRTOS/Source/portable/MemMang/heap_4.o
LOAD ./Middlewares/Third_Party/LittleFS/src/fs_adstractions.o
LOAD ./Middlewares/Third_Party/LittleFS/src/lfs.o
LOAD ./Middlewares/Third_Party/LittleFS/src/lfs_util.o
LOAD ./Middlewares/Third_Party/mongoose/mongoose.o
LOAD ./Middlewares/Third_Party/validation/src/validation.o
START GROUP
LOAD /Applications/STM32CubeIDE.app/Contents/Eclipse/plugins/com.st.stm32cube.ide.mcu.externaltools.gnu-tools-for-stm32.12.3.rel1.macos64_1.0.200.202406191456/tools/bin/../lib/gcc/arm-none-eabi/12.3.1/../../../../arm-none-eabi/lib/thumb/v7e-m+fp/hard/libstdc++_nano.a
LOAD /Applications/STM32CubeIDE.app/Contents/Eclipse/plugins/com.st.stm32cube.ide.mcu.externaltools.gnu-tools-for-stm32.12.3.rel1.macos64_1.0.200.202406191456/tools/bin/../lib/gcc/arm-none-eabi/12.3.1/../../../../arm-none-eabi/lib/thumb/v7e-m+fp/hard/libsupc++_nano.a
END GROUP
LOAD /Applications/STM32CubeIDE.app/Contents/Eclipse/plugins/com.st.stm32cube.ide.mcu.externaltools.gnu-tools-for-stm32.12.3.rel1.macos64_1.0.200.202406191456/tools/bin/../lib/gcc/arm-none-eabi/12.3.1/../../../../arm-none-eabi/lib/thumb/v7e-m+fp/hard/libstdc++_nano.a
LOAD /Applications/STM32CubeIDE.app/Contents/Eclipse/plugins/com.st.stm32cube.ide.mcu.externaltools.gnu-tools-for-stm32.12.3.rel1.macos64_1.0.200.202406191456/tools/bin/../lib/gcc/arm-none-eabi/12.3.1/../../../../arm-none-eabi/lib/thumb/v7e-m+fp/hard/libm.a
LOAD /Applications/STM32CubeIDE.app/Contents/Eclipse/plugins/com.st.stm32cube.ide.mcu.externaltools.gnu-tools-for-stm32.12.3.rel1.macos64_1.0.200.202406191456/tools/bin/../lib/gcc/arm-none-eabi/12.3.1/../../../../arm-none-eabi/lib/thumb/v7e-m+fp/hard/libc_nano.a
START GROUP
LOAD /Applications/STM32CubeIDE.app/Contents/Eclipse/plugins/com.st.stm32cube.ide.mcu.externaltools.gnu-tools-for-stm32.12.3.rel1.macos64_1.0.200.202406191456/tools/bin/../lib/gcc/arm-none-eabi/12.3.1/thumb/v7e-m+fp/hard/libgcc.a
LOAD /Applications/STM32CubeIDE.app/Contents/Eclipse/plugins/com.st.stm32cube.ide.mcu.externaltools.gnu-tools-for-stm32.12.3.rel1.macos64_1.0.200.202406191456/tools/bin/../lib/gcc/arm-none-eabi/12.3.1/../../../../arm-none-eabi/lib/thumb/v7e-m+fp/hard/libc_nano.a
END GROUP
START GROUP
LOAD /Applications/STM32CubeIDE.app/Contents/Eclipse/plugins/com.st.stm32cube.ide.mcu.externaltools.gnu-tools-for-stm32.12.3.rel1.macos64_1.0.200.202406191456/tools/bin/../lib/gcc/arm-none-eabi/12.3.1/thumb/v7e-m+fp/hard/libgcc.a
LOAD /Applications/STM32CubeIDE.app/Contents/Eclipse/plugins/com.st.stm32cube.ide.mcu.externaltools.gnu-tools-for-stm32.12.3.rel1.macos64_1.0.200.202406191456/tools/bin/../lib/gcc/arm-none-eabi/12.3.1/../../../../arm-none-eabi/lib/thumb/v7e-m+fp/hard/libc_nano.a
LOAD /Applications/STM32CubeIDE.app/Contents/Eclipse/plugins/com.st.stm32cube.ide.mcu.externaltools.gnu-tools-for-stm32.12.3.rel1.macos64_1.0.200.202406191456/tools/bin/../lib/gcc/arm-none-eabi/12.3.1/../../../../arm-none-eabi/lib/thumb/v7e-m+fp/hard/libnosys.a
END GROUP
START GROUP
LOAD /Applications/STM32CubeIDE.app/Contents/Eclipse/plugins/com.st.stm32cube.ide.mcu.externaltools.gnu-tools-for-stm32.12.3.rel1.macos64_1.0.200.202406191456/tools/bin/../lib/gcc/arm-none-eabi/12.3.1/thumb/v7e-m+fp/hard/libgcc.a
LOAD /Applications/STM32CubeIDE.app/Contents/Eclipse/plugins/com.st.stm32cube.ide.mcu.externaltools.gnu-tools-for-stm32.12.3.rel1.macos64_1.0.200.202406191456/tools/bin/../lib/gcc/arm-none-eabi/12.3.1/../../../../arm-none-eabi/lib/thumb/v7e-m+fp/hard/libc_nano.a
LOAD /Applications/STM32CubeIDE.app/Contents/Eclipse/plugins/com.st.stm32cube.ide.mcu.externaltools.gnu-tools-for-stm32.12.3.rel1.macos64_1.0.200.202406191456/tools/bin/../lib/gcc/arm-none-eabi/12.3.1/../../../../arm-none-eabi/lib/thumb/v7e-m+fp/hard/libnosys.a
END GROUP
LOAD /Applications/STM32CubeIDE.app/Contents/Eclipse/plugins/com.st.stm32cube.ide.mcu.externaltools.gnu-tools-for-stm32.12.3.rel1.macos64_1.0.200.202406191456/tools/bin/../lib/gcc/arm-none-eabi/12.3.1/thumb/v7e-m+fp/hard/crtend.o
LOAD /Applications/STM32CubeIDE.app/Contents/Eclipse/plugins/com.st.stm32cube.ide.mcu.externaltools.gnu-tools-for-stm32.12.3.rel1.macos64_1.0.200.202406191456/tools/bin/../lib/gcc/arm-none-eabi/12.3.1/thumb/v7e-m+fp/hard/crtn.o
                0x20020000                        _estack = (ORIGIN (RAM) + LENGTH (RAM))
                0x00000400                        _Min_Heap_Size = 0x400
                0x00000800                        _Min_Stack_Size = 0x800

.isr_vector     0x08000000      0x198
                0x08000000                        . = ALIGN (0x4)
 *(.isr_vector)
 .isr_vector    0x08000000      0x198 ./Core/Startup/startup_stm32f411ceux.o
                0x08000000                g_pfnVectors
                0x08000198                        . = ALIGN (0x4)

.text           0x080001a0    0x19de0
                0x080001a0                        . = ALIGN (0x4)
 *(.text)
 .text          0x080001a0       0x40 /Applications/STM32CubeIDE.app/Contents/Eclipse/plugins/com.st.stm32cube.ide.mcu.externaltools.gnu-tools-for-stm32.12.3.rel1.macos64_1.0.200.202406191456/tools/bin/../lib/gcc/arm-none-eabi/12.3.1/thumb/v7e-m+fp/hard/crtbegin.o
 .text          0x080001e0       0xa0 /Applications/STM32CubeIDE.app/Contents/Eclipse/plugins/com.st.stm32cube.ide.mcu.externaltools.gnu-tools-for-stm32.12.3.rel1.macos64_1.0.200.202406191456/tools/bin/../lib/gcc/arm-none-eabi/12.3.1/../../../../arm-none-eabi/lib/thumb/v7e-m+fp/hard/libc_nano.a(libc_a-memchr.o)
                0x080001e0                memchr
 .text          0x08000280       0x10 /Applications/STM32CubeIDE.app/Contents/Eclipse/plugins/com.st.stm32cube.ide.mcu.externaltools.gnu-tools-for-stm32.12.3.rel1.macos64_1.0.200.202406191456/tools/bin/../lib/gcc/arm-none-eabi/12.3.1/../../../../arm-none-eabi/lib/thumb/v7e-m+fp/hard/libc_nano.a(libc_a-strlen.o)
                0x08000280                strlen
 .text          0x08000290       0x14 /Applications/STM32CubeIDE.app/Contents/Eclipse/plugins/com.st.stm32cube.ide.mcu.externaltools.gnu-tools-for-stm32.12.3.rel1.macos64_1.0.200.202406191456/tools/bin/../lib/gcc/arm-none-eabi/12.3.1/../../../../arm-none-eabi/lib/thumb/v7e-m+fp/hard/libc_nano.a(libc_a-strcmp.o)
                0x08000290                strcmp
 .text          0x080002a4      0x378 /Applications/STM32CubeIDE.app/Contents/Eclipse/plugins/com.st.stm32cube.ide.mcu.externaltools.gnu-tools-for-stm32.12.3.rel1.macos64_1.0.200.202406191456/tools/bin/../lib/gcc/arm-none-eabi/12.3.1/thumb/v7e-m+fp/hard/libgcc.a(_arm_addsubdf3.o)
                0x080002a4                __aeabi_drsub
                0x080002ac                __subdf3
                0x080002ac                __aeabi_dsub
                0x080002b0                __aeabi_dadd
                0x080002b0                __adddf3
                0x08000528                __aeabi_ui2d
                0x08000528                __floatunsidf
                0x08000548                __floatsidf
                0x08000548                __aeabi_i2d
                0x0800056c                __extendsfdf2
                0x0800056c                __aeabi_f2d
                0x080005b0                __aeabi_ul2d
                0x080005b0                __floatundidf
                0x080005c0                __aeabi_l2d
                0x080005c0                __floatdidf
 .text          0x0800061c      0x424 /Applications/STM32CubeIDE.app/Contents/Eclipse/plugins/com.st.stm32cube.ide.mcu.externaltools.gnu-tools-for-stm32.12.3.rel1.macos64_1.0.200.202406191456/tools/bin/../lib/gcc/arm-none-eabi/12.3.1/thumb/v7e-m+fp/hard/libgcc.a(_arm_muldivdf3.o)
                0x0800061c                __aeabi_dmul
                0x0800061c                __muldf3
                0x08000870                __aeabi_ddiv
                0x08000870                __divdf3
 .text          0x08000a40      0x110 /Applications/STM32CubeIDE.app/Contents/Eclipse/plugins/com.st.stm32cube.ide.mcu.externaltools.gnu-tools-for-stm32.12.3.rel1.macos64_1.0.200.202406191456/tools/bin/../lib/gcc/arm-none-eabi/12.3.1/thumb/v7e-m+fp/hard/libgcc.a(_arm_cmpdf2.o)
                0x08000a40                __gedf2
                0x08000a40                __gtdf2
                0x08000a48                __ledf2
                0x08000a48                __ltdf2
                0x08000a50                __cmpdf2
                0x08000a50                __eqdf2
                0x08000a50                __nedf2
                0x08000acc                __aeabi_cdrcmple
                0x08000adc                __aeabi_cdcmple
                0x08000adc                __aeabi_cdcmpeq
                0x08000aec                __aeabi_dcmpeq
                0x08000b00                __aeabi_dcmplt
                0x08000b14                __aeabi_dcmple
                0x08000b28                __aeabi_dcmpge
                0x08000b3c                __aeabi_dcmpgt
 .text          0x08000b50       0x50 /Applications/STM32CubeIDE.app/Contents/Eclipse/plugins/com.st.stm32cube.ide.mcu.externaltools.gnu-tools-for-stm32.12.3.rel1.macos64_1.0.200.202406191456/tools/bin/../lib/gcc/arm-none-eabi/12.3.1/thumb/v7e-m+fp/hard/libgcc.a(_arm_fixdfsi.o)
                0x08000b50                __fixdfsi
                0x08000b50                __aeabi_d2iz
 .text          0x08000ba0       0x40 /Applications/STM32CubeIDE.app/Contents/Eclipse/plugins/com.st.stm32cube.ide.mcu.externaltools.gnu-tools-for-stm32.12.3.rel1.macos64_1.0.200.202406191456/tools/bin/../lib/gcc/arm-none-eabi/12.3.1/thumb/v7e-m+fp/hard/libgcc.a(_arm_fixunsdfsi.o)
                0x08000ba0                __fixunsdfsi
                0x08000ba0                __aeabi_d2uiz
 .text          0x08000be0       0xa0 /Applications/STM32CubeIDE.app/Contents/Eclipse/plugins/com.st.stm32cube.ide.mcu.externaltools.gnu-tools-for-stm32.12.3.rel1.macos64_1.0.200.202406191456/tools/bin/../lib/gcc/arm-none-eabi/12.3.1/thumb/v7e-m+fp/hard/libgcc.a(_aeabi_ldivmod.o)
                0x08000be0                __aeabi_ldivmod
 .text          0x08000c80       0x30 /Applications/STM32CubeIDE.app/Contents/Eclipse/plugins/com.st.stm32cube.ide.mcu.externaltools.gnu-tools-for-stm32.12.3.rel1.macos64_1.0.200.202406191456/tools/bin/../lib/gcc/arm-none-eabi/12.3.1/thumb/v7e-m+fp/hard/libgcc.a(_aeabi_uldivmod.o)
                0x08000c80                __aeabi_uldivmod
 .text          0x08000cb0       0x28 /Applications/STM32CubeIDE.app/Contents/Eclipse/plugins/com.st.stm32cube.ide.mcu.externaltools.gnu-tools-for-stm32.12.3.rel1.macos64_1.0.200.202406191456/tools/bin/../lib/gcc/arm-none-eabi/12.3.1/thumb/v7e-m+fp/hard/libgcc.a(_popcountsi2.o)
                0x08000cb0                __popcountsi2
 .text          0x08000cd8       0x30 /Applications/STM32CubeIDE.app/Contents/Eclipse/plugins/com.st.stm32cube.ide.mcu.externaltools.gnu-tools-for-stm32.12.3.rel1.macos64_1.0.200.202406191456/tools/bin/../lib/gcc/arm-none-eabi/12.3.1/thumb/v7e-m+fp/hard/libgcc.a(_fixdfdi.o)
                0x08000cd8                __aeabi_d2lz
                0x08000cd8                __fixdfdi
 .text          0x08000d08       0x3c /Applications/STM32CubeIDE.app/Contents/Eclipse/plugins/com.st.stm32cube.ide.mcu.externaltools.gnu-tools-for-stm32.12.3.rel1.macos64_1.0.200.202406191456/tools/bin/../lib/gcc/arm-none-eabi/12.3.1/thumb/v7e-m+fp/hard/libgcc.a(_fixunsdfdi.o)
                0x08000d08                __aeabi_d2ulz
                0x08000d08                __fixunsdfdi
 .text          0x08000d44      0x2bc /Applications/STM32CubeIDE.app/Contents/Eclipse/plugins/com.st.stm32cube.ide.mcu.externaltools.gnu-tools-for-stm32.12.3.rel1.macos64_1.0.200.202406191456/tools/bin/../lib/gcc/arm-none-eabi/12.3.1/thumb/v7e-m+fp/hard/libgcc.a(_udivmoddi4.o)
                0x08000d44                __udivmoddi4
 .text          0x08001000        0x4 /Applications/STM32CubeIDE.app/Contents/Eclipse/plugins/com.st.stm32cube.ide.mcu.externaltools.gnu-tools-for-stm32.12.3.rel1.macos64_1.0.200.202406191456/tools/bin/../lib/gcc/arm-none-eabi/12.3.1/thumb/v7e-m+fp/hard/libgcc.a(_dvmd_tls.o)
                0x08001000                __aeabi_ldiv0
                0x08001000                __aeabi_idiv0
 *(.text*)
 .text.StartIOTask
                0x08001004      0x138 ./Core/Src/freertos.o
                0x08001004                StartIOTask
 .text.add_log_mess_to_q
                0x0800113c       0x28 ./Core/Src/freertos.o
                0x0800113c                add_log_mess_to_q
 .text.StartDisplayTask
                0x08001164      0x178 ./Core/Src/freertos.o
                0x08001164                StartDisplayTask
 .text.RW_parameters_from_queue
                0x080012dc       0x74 ./Core/Src/freertos.o
                0x080012dc                RW_parameters_from_queue
 .text.StartSettingsTask
                0x08001350      0x130 ./Core/Src/freertos.o
                0x08001350                StartSettingsTask
 .text.StartLoggingTask
                0x08001480      0x124 ./Core/Src/freertos.o
                0x08001480                StartLoggingTask
 .text.EthBegin
                0x080015a4       0x24 ./Core/Src/freertos.o
                0x080015a4                EthBegin
 .text.FlashBegin
                0x080015c8       0x24 ./Core/Src/freertos.o
                0x080015c8                FlashBegin
 .text.FS_Lock  0x080015ec       0x14 ./Core/Src/freertos.o
                0x080015ec                FS_Lock
 .text.EthEnd   0x08001600       0x20 ./Core/Src/freertos.o
                0x08001600                EthEnd
 .text.FlashEnd
                0x08001620       0x20 ./Core/Src/freertos.o
                0x08001620                FlashEnd
 .text.FS_Unlock
                0x08001640       0x10 ./Core/Src/freertos.o
                0x08001640                FS_Unlock
 .text.EthTxn   0x08001650       0x2c ./Core/Src/freertos.o
                0x08001650                EthTxn
 .text.SendByteSPI2
                0x0800167c       0x24 ./Core/Src/freertos.o
                0x0800167c                SendByteSPI2
 .text.RecvBuffSPI2
                0x080016a0       0x18 ./Core/Src/freertos.o
                0x080016a0                RecvBuffSPI2
 .text.MX_FREERTOS_Init
                0x080016b8      0x11c ./Core/Src/freertos.o
                0x080016b8                MX_FREERTOS_Init
 .text.EthResetBegin
                0x080017d4       0x14 ./Core/Src/freertos.o
                0x080017d4                EthResetBegin
 .text.EthResetEnd
                0x080017e8       0x14 ./Core/Src/freertos.o
                0x080017e8                EthResetEnd
 .text.StartEthTask
                0x080017fc      0x19c ./Core/Src/freertos.o
                0x080017fc                StartEthTask
 .text.MX_GPIO_Init
                0x08001998       0xdc ./Core/Src/gpio.o
                0x08001998                MX_GPIO_Init
 .text.MX_I2C1_Init
                0x08001a74       0x3c ./Core/Src/i2c.o
                0x08001a74                MX_I2C1_Init
 .text.HAL_I2C_MspInit
                0x08001ab0       0x74 ./Core/Src/i2c.o
                0x08001ab0                HAL_I2C_MspInit
 .text.HAL_I2C_MspDeInit
                0x08001b24       0x38 ./Core/Src/i2c.o
                0x08001b24                HAL_I2C_MspDeInit
 .text.proto    0x08001b5c        0xa ./Core/Src/logger.o
 .text.mg_calloc
                0x08001b66       0x1c ./Core/Src/logger.o
 *fill*         0x08001b82        0x2 
 .text.reg_logging_fn
                0x08001b84        0xc ./Core/Src/logger.o
                0x08001b84                reg_logging_fn
 .text.logging  0x08001b90      0x11c ./Core/Src/logger.o
                0x08001b90                logging
 .text.HAL_TIM_PeriodElapsedCallback
                0x08001cac       0x18 ./Core/Src/main.o
                0x08001cac                HAL_TIM_PeriodElapsedCallback
 .text.Error_Handler
                0x08001cc4        0x4 ./Core/Src/main.o
                0x08001cc4                Error_Handler
 .text.SystemClock_Config
                0x08001cc8       0xa4 ./Core/Src/main.o
                0x08001cc8                SystemClock_Config
 .text.main     0x08001d6c       0x24 ./Core/Src/main.o
                0x08001d6c                main
 .text.MX_SPI2_Init
                0x08001d90       0x44 ./Core/Src/spi.o
                0x08001d90                MX_SPI2_Init
 .text.HAL_SPI_MspInit
                0x08001dd4       0x70 ./Core/Src/spi.o
                0x08001dd4                HAL_SPI_MspInit
 .text.HAL_MspInit
                0x08001e44       0x44 ./Core/Src/stm32f4xx_hal_msp.o
                0x08001e44                HAL_MspInit
 .text.HAL_InitTick
                0x08001e88       0x94 ./Core/Src/stm32f4xx_hal_timebase_tim.o
                0x08001e88                HAL_InitTick
 .text.NMI_Handler
                0x08001f1c        0x2 ./Core/Src/stm32f4xx_it.o
                0x08001f1c                NMI_Handler
 .text.HardFault_Handler
                0x08001f1e        0x2 ./Core/Src/stm32f4xx_it.o
                0x08001f1e                HardFault_Handler
 .text.MemManage_Handler
                0x08001f20        0x2 ./Core/Src/stm32f4xx_it.o
                0x08001f20                MemManage_Handler
 .text.BusFault_Handler
                0x08001f22        0x2 ./Core/Src/stm32f4xx_it.o
                0x08001f22                BusFault_Handler
 .text.UsageFault_Handler
                0x08001f24        0x2 ./Core/Src/stm32f4xx_it.o
                0x08001f24                UsageFault_Handler
 .text.DebugMon_Handler
                0x08001f26        0x2 ./Core/Src/stm32f4xx_it.o
                0x08001f26                DebugMon_Handler
 .text.TIM1_BRK_TIM9_IRQHandler
                0x08001f28       0x10 ./Core/Src/stm32f4xx_it.o
                0x08001f28                TIM1_BRK_TIM9_IRQHandler
 .text._getpid  0x08001f38        0x4 ./Core/Src/syscalls.o
                0x08001f38                _getpid
 .text._kill    0x08001f3c       0x10 ./Core/Src/syscalls.o
                0x08001f3c                _kill
 .text._exit    0x08001f4c        0xc ./Core/Src/syscalls.o
                0x08001f4c                _exit
 .text._read    0x08001f58       0x20 ./Core/Src/syscalls.o
                0x08001f58                _read
 .text._write   0x08001f78       0x1c ./Core/Src/syscalls.o
                0x08001f78                _write
 .text._close   0x08001f94        0x6 ./Core/Src/syscalls.o
                0x08001f94                _close
 .text._fstat   0x08001f9a        0xa ./Core/Src/syscalls.o
                0x08001f9a                _fstat
 .text._isatty  0x08001fa4        0x4 ./Core/Src/syscalls.o
                0x08001fa4                _isatty
 .text._lseek   0x08001fa8        0x4 ./Core/Src/syscalls.o
                0x08001fa8                _lseek
 .text._sbrk    0x08001fac       0x48 ./Core/Src/sysmem.o
                0x08001fac                _sbrk
 .text.SystemInit
                0x08001ff4       0x14 ./Core/Src/system_stm32f4xx.o
                0x08001ff4                SystemInit
 .text.Reset_Handler
                0x08002008       0x50 ./Core/Startup/startup_stm32f411ceux.o
                0x08002008                Reset_Handler
 .text.Default_Handler
                0x08002058        0x2 ./Core/Startup/startup_stm32f411ceux.o
                0x08002058                DMA1_Stream3_IRQHandler
                0x08002058                EXTI2_IRQHandler
                0x08002058                SPI4_IRQHandler
                0x08002058                TIM1_CC_IRQHandler
                0x08002058                DMA2_Stream5_IRQHandler
                0x08002058                DMA1_Stream5_IRQHandler
                0x08002058                PVD_IRQHandler
                0x08002058                SDIO_IRQHandler
                0x08002058                TAMP_STAMP_IRQHandler
                0x08002058                EXTI3_IRQHandler
                0x08002058                TIM1_UP_TIM10_IRQHandler
                0x08002058                I2C3_ER_IRQHandler
                0x08002058                EXTI0_IRQHandler
                0x08002058                I2C2_EV_IRQHandler
                0x08002058                DMA1_Stream2_IRQHandler
                0x08002058                FPU_IRQHandler
                0x08002058                DMA2_Stream2_IRQHandler
                0x08002058                SPI1_IRQHandler
                0x08002058                DMA2_Stream3_IRQHandler
                0x08002058                USART6_IRQHandler
                0x08002058                DMA2_Stream0_IRQHandler
                0x08002058                TIM4_IRQHandler
                0x08002058                I2C1_EV_IRQHandler
                0x08002058                DMA1_Stream6_IRQHandler
                0x08002058                DMA1_Stream1_IRQHandler
                0x08002058                TIM3_IRQHandler
                0x08002058                RCC_IRQHandler
                0x08002058                Default_Handler
                0x08002058                EXTI15_10_IRQHandler
                0x08002058                ADC_IRQHandler
                0x08002058                DMA1_Stream7_IRQHandler
                0x08002058                SPI5_IRQHandler
                0x08002058                TIM5_IRQHandler
                0x08002058                DMA2_Stream7_IRQHandler
                0x08002058                I2C3_EV_IRQHandler
                0x08002058                EXTI9_5_IRQHandler
                0x08002058                RTC_WKUP_IRQHandler
                0x08002058                SPI2_IRQHandler
                0x08002058                DMA1_Stream0_IRQHandler
                0x08002058                EXTI4_IRQHandler
                0x08002058                WWDG_IRQHandler
                0x08002058                TIM2_IRQHandler
                0x08002058                OTG_FS_WKUP_IRQHandler
                0x08002058                TIM1_TRG_COM_TIM11_IRQHandler
                0x08002058                EXTI1_IRQHandler
                0x08002058                USART2_IRQHandler
                0x08002058                I2C2_ER_IRQHandler
                0x08002058                DMA2_Stream1_IRQHandler
                0x08002058                FLASH_IRQHandler
                0x08002058                DMA2_Stream4_IRQHandler
                0x08002058                USART1_IRQHandler
                0x08002058                OTG_FS_IRQHandler
                0x08002058                SPI3_IRQHandler
                0x08002058                DMA1_Stream4_IRQHandler
                0x08002058                I2C1_ER_IRQHandler
                0x08002058                DMA2_Stream6_IRQHandler
                0x08002058                RTC_Alarm_IRQHandler
 *fill*         0x0800205a        0x2 
 .text.handle_OPTIONS_method
                0x0800205c       0x18 ./Core/app/http_server_app/src/dashboard.o
 .text.handle_firmware_activate
                0x08002074       0xd0 ./Core/app/http_server_app/src/dashboard.o
 .text.handle_firmware_deactivate
                0x08002144       0x78 ./Core/app/http_server_app/src/dashboard.o
 .text.handle_web_files_remove
                0x080021bc       0x6c ./Core/app/http_server_app/src/dashboard.o
 .text.handle_ram_status_get
                0x08002228       0x4c ./Core/app/http_server_app/src/dashboard.o
 .text.handle_io_status_get
                0x08002274      0x164 ./Core/app/http_server_app/src/dashboard.o
 .text.mg_calloc
                0x080023d8       0x1c ./Core/app/http_server_app/src/dashboard.o
 .text.handle_mqtt_conf
                0x080023f4      0x270 ./Core/app/http_server_app/src/dashboard.o
 .text.handle_dev_status
                0x08002664      0x27c ./Core/app/http_server_app/src/dashboard.o
 .text.handle_fs_get_log
                0x080028e0       0xbc ./Core/app/http_server_app/src/dashboard.o
 .text.handle_restart_mcu
                0x0800299c       0x74 ./Core/app/http_server_app/src/dashboard.o
 .text.handle_firmware_upload
                0x08002a10       0x98 ./Core/app/http_server_app/src/dashboard.o
 .text.calc_file_md5sum
                0x08002aa8       0xc4 ./Core/app/http_server_app/src/dashboard.o
 .text.handle_firmware_md5
                0x08002b6c       0x88 ./Core/app/http_server_app/src/dashboard.o
 .text.handle_fs_mkdir
                0x08002bf4       0xb0 ./Core/app/http_server_app/src/dashboard.o
 .text.dashboard
                0x08002ca4      0x2cc ./Core/app/http_server_app/src/dashboard.o
 .text.dash_hdl
                0x08002f70        0x8 ./Core/app/http_server_app/src/dashboard.o
                0x08002f70                dash_hdl
 .text.reg_parameter_handler
                0x08002f78        0xc ./Core/app/http_server_app/src/dashboard.o
                0x08002f78                reg_parameter_handler
 .text._ZL18mqtt_timer_handlerPv
                0x08002f84       0x8c ./Core/app/mqtt_client_app/src/mqtt.o
 .text._ZL27mqtt_send_registration_dataP13mg_connectionPK10SensorInfoj
                0x08003010       0xd4 ./Core/app/mqtt_client_app/src/mqtt.o
 .text._ZL29mqtt_subscrabe_recv_cmd_parceP15mg_mqtt_message
                0x080030e4      0x220 ./Core/app/mqtt_client_app/src/mqtt.o
 .text._ZL9my_callocjj
                0x08003304       0x1c ./Core/app/mqtt_client_app/src/mqtt.o
 .text._ZL19mqtt_send_io_statusP13mg_connectionb
                0x08003320      0x17c ./Core/app/mqtt_client_app/src/mqtt.o
 .text._ZL33mqtt_timer_handler_cher_io_statusPv
                0x0800349c       0x20 ./Core/app/mqtt_client_app/src/mqtt.o
 .text._ZL39mqtt_pereodic_status_send_timer_handlerPv
                0x080034bc       0x20 ./Core/app/mqtt_client_app/src/mqtt.o
 .text._ZL20mqtt_subscrabe_on_swP13mg_connectionPK10SensorInfoj
                0x080034dc       0x84 ./Core/app/mqtt_client_app/src/mqtt.o
 .text._ZL18mqtt_event_handlerP13mg_connectioniPv
                0x08003560       0xc4 ./Core/app/mqtt_client_app/src/mqtt.o
 .text.get_mqtt_connection
                0x08003624        0xc ./Core/app/mqtt_client_app/src/mqtt.o
                0x08003624                get_mqtt_connection
 .text.mqtt_init
                0x08003630      0x168 ./Core/app/mqtt_client_app/src/mqtt.o
                0x08003630                mqtt_init
 .text._ZL9my_callocjj
                0x08003798       0x1c ./Core/app/mqtt_client_app/src/mqtt_gen_strings.o
 .text.set_device_id
                0x080037b4       0x4c ./Core/app/mqtt_client_app/src/mqtt_gen_strings.o
                0x080037b4                set_device_id
 .text.set_device_conf_ip
                0x08003800       0x3c ./Core/app/mqtt_client_app/src/mqtt_gen_strings.o
                0x08003800                set_device_conf_ip
 .text.get_config_topik_string
                0x0800383c      0x160 ./Core/app/mqtt_client_app/src/mqtt_gen_strings.o
                0x0800383c                get_config_topik_string
 .text.get_config_payload_string
                0x0800399c      0x3d4 ./Core/app/mqtt_client_app/src/mqtt_gen_strings.o
                0x0800399c                get_config_payload_string
 .text.gen_bin_sensor_status_payload_JSON
                0x08003d70       0x50 ./Core/app/mqtt_client_app/src/mqtt_gen_strings.o
                0x08003d70                gen_bin_sensor_status_payload_JSON
 .text.generate_comand_topik_for_subscrabe
                0x08003dc0       0x30 ./Core/app/mqtt_client_app/src/mqtt_gen_strings.o
                0x08003dc0                generate_comand_topik_for_subscrabe
 .text.generate_status_topik
                0x08003df0       0x60 ./Core/app/mqtt_client_app/src/mqtt_gen_strings.o
                0x08003df0                generate_status_topik
 .text.timer_fn
                0x08003e50       0x2c ./Core/app/sntp_app/src/sntp.o
                0x08003e50                timer_fn
 .text.sfn      0x08003e7c       0xd0 ./Core/app/sntp_app/src/sntp.o
 .text.start_sntp
                0x08003f4c       0x48 ./Core/app/sntp_app/src/sntp.o
                0x08003f4c                start_sntp
 .text.function_prototype
                0x08003f94        0x2 ./Drivers/SPI_FLASH/src/SPI_flash.o
                0x08003f94                function_prototype
 *fill*         0x08003f96        0x2 
 .text.sFLASH_SPI_ReadBuffer
                0x08003f98       0x10 ./Drivers/SPI_FLASH/src/SPI_flash.o
 .text.SPI_flash_reg_cb
                0x08003fa8       0x34 ./Drivers/SPI_FLASH/src/SPI_flash.o
                0x08003fa8                SPI_flash_reg_cb
 .text.sFLASH_CS_LOW
                0x08003fdc       0x10 ./Drivers/SPI_FLASH/src/SPI_flash.o
                0x08003fdc                sFLASH_CS_LOW
 .text.sFLASH_CS_HIGH
                0x08003fec       0x10 ./Drivers/SPI_FLASH/src/SPI_flash.o
                0x08003fec                sFLASH_CS_HIGH
 .text.sFLASH_ReadByte
                0x08003ffc       0x20 ./Drivers/SPI_FLASH/src/SPI_flash.o
                0x08003ffc                sFLASH_ReadByte
 .text.sFLASH_SendByte
                0x0800401c       0x10 ./Drivers/SPI_FLASH/src/SPI_flash.o
                0x0800401c                sFLASH_SendByte
 .text.sFLASH_Reset
                0x0800402c       0x18 ./Drivers/SPI_FLASH/src/SPI_flash.o
                0x0800402c                sFLASH_Reset
 .text.sFLASH_Init
                0x08004044       0x1a ./Drivers/SPI_FLASH/src/SPI_flash.o
                0x08004044                sFLASH_Init
 .text.sFLASH_ReadBuffer
                0x0800405e       0x72 ./Drivers/SPI_FLASH/src/SPI_flash.o
                0x0800405e                sFLASH_ReadBuffer
 .text.sFLASH_ReadID
                0x080040d0       0x3e ./Drivers/SPI_FLASH/src/SPI_flash.o
                0x080040d0                sFLASH_ReadID
 *fill*         0x0800410e        0x2 
 .text.sFLASH_GetInfo
                0x08004110       0xfc ./Drivers/SPI_FLASH/src/SPI_flash.o
                0x08004110                sFLASH_GetInfo
 .text.sFLASH_WriteEnable
                0x0800420c       0x12 ./Drivers/SPI_FLASH/src/SPI_flash.o
                0x0800420c                sFLASH_WriteEnable
 .text.sFLASH_WaitForWriteEnd
                0x0800421e       0x22 ./Drivers/SPI_FLASH/src/SPI_flash.o
                0x0800421e                sFLASH_WaitForWriteEnd
 .text.sFLASH_EraseSector
                0x08004240       0x32 ./Drivers/SPI_FLASH/src/SPI_flash.o
                0x08004240                sFLASH_EraseSector
 .text.sFLASH_WritePage
                0x08004272       0x4a ./Drivers/SPI_FLASH/src/SPI_flash.o
                0x08004272                sFLASH_WritePage
 .text.sFLASH_WriteBuffer
                0x080042bc       0xca ./Drivers/SPI_FLASH/src/SPI_flash.o
                0x080042bc                sFLASH_WriteBuffer
 *fill*         0x08004386        0x2 
 .text.HAL_Init
                0x08004388       0x34 ./Drivers/STM32F4xx_HAL_Driver/Src/stm32f4xx_hal.o
                0x08004388                HAL_Init
 .text.HAL_IncTick
                0x080043bc       0x18 ./Drivers/STM32F4xx_HAL_Driver/Src/stm32f4xx_hal.o
                0x080043bc                HAL_IncTick
 .text.HAL_GetTick
                0x080043d4        0xc ./Drivers/STM32F4xx_HAL_Driver/Src/stm32f4xx_hal.o
                0x080043d4                HAL_GetTick
 .text.HAL_Delay
                0x080043e0       0x28 ./Drivers/STM32F4xx_HAL_Driver/Src/stm32f4xx_hal.o
                0x080043e0                HAL_Delay
 .text.__NVIC_EnableIRQ
                0x08004408       0x1c ./Drivers/STM32F4xx_HAL_Driver/Src/stm32f4xx_hal_cortex.o
 .text.__NVIC_SetPriority
                0x08004424       0x28 ./Drivers/STM32F4xx_HAL_Driver/Src/stm32f4xx_hal_cortex.o
 .text.NVIC_EncodePriority
                0x0800444c       0x3e ./Drivers/STM32F4xx_HAL_Driver/Src/stm32f4xx_hal_cortex.o
 *fill*         0x0800448a        0x2 
 .text.__NVIC_SystemReset
                0x0800448c       0x24 ./Drivers/STM32F4xx_HAL_Driver/Src/stm32f4xx_hal_cortex.o
 .text.HAL_NVIC_SetPriorityGrouping
                0x080044b0       0x24 ./Drivers/STM32F4xx_HAL_Driver/Src/stm32f4xx_hal_cortex.o
                0x080044b0                HAL_NVIC_SetPriorityGrouping
 .text.HAL_NVIC_SetPriority
                0x080044d4       0x20 ./Drivers/STM32F4xx_HAL_Driver/Src/stm32f4xx_hal_cortex.o
                0x080044d4                HAL_NVIC_SetPriority
 .text.HAL_NVIC_EnableIRQ
                0x080044f4        0x8 ./Drivers/STM32F4xx_HAL_Driver/Src/stm32f4xx_hal_cortex.o
                0x080044f4                HAL_NVIC_EnableIRQ
 .text.HAL_NVIC_SystemReset
                0x080044fc        0x6 ./Drivers/STM32F4xx_HAL_Driver/Src/stm32f4xx_hal_cortex.o
                0x080044fc                HAL_NVIC_SystemReset
 *fill*         0x08004502        0x2 
 .text.HAL_GPIO_Init
                0x08004504      0x1c8 ./Drivers/STM32F4xx_HAL_Driver/Src/stm32f4xx_hal_gpio.o
                0x08004504                HAL_GPIO_Init
 .text.HAL_GPIO_DeInit
                0x080046cc      0x110 ./Drivers/STM32F4xx_HAL_Driver/Src/stm32f4xx_hal_gpio.o
                0x080046cc                HAL_GPIO_DeInit
 .text.HAL_GPIO_ReadPin
                0x080047dc        0xe ./Drivers/STM32F4xx_HAL_Driver/Src/stm32f4xx_hal_gpio.o
                0x080047dc                HAL_GPIO_ReadPin
 .text.HAL_GPIO_WritePin
                0x080047ea        0xc ./Drivers/STM32F4xx_HAL_Driver/Src/stm32f4xx_hal_gpio.o
                0x080047ea                HAL_GPIO_WritePin
 .text.I2C_IsAcknowledgeFailed
                0x080047f6       0x32 ./Drivers/STM32F4xx_HAL_Driver/Src/stm32f4xx_hal_i2c.o
 .text.I2C_WaitOnFlagUntilTimeout
                0x08004828       0xaa ./Drivers/STM32F4xx_HAL_Driver/Src/stm32f4xx_hal_i2c.o
 .text.I2C_WaitOnMasterAddressFlagUntilTimeout
                0x080048d2       0xd6 ./Drivers/STM32F4xx_HAL_Driver/Src/stm32f4xx_hal_i2c.o
 .text.I2C_MasterRequestWrite
                0x080049a8       0xb4 ./Drivers/STM32F4xx_HAL_Driver/Src/stm32f4xx_hal_i2c.o
 .text.I2C_WaitOnTXEFlagUntilTimeout
                0x08004a5c       0x5e ./Drivers/STM32F4xx_HAL_Driver/Src/stm32f4xx_hal_i2c.o
 .text.I2C_WaitOnBTFFlagUntilTimeout
                0x08004aba       0x5e ./Drivers/STM32F4xx_HAL_Driver/Src/stm32f4xx_hal_i2c.o
 .text.HAL_I2C_Init
                0x08004b18      0x1bc ./Drivers/STM32F4xx_HAL_Driver/Src/stm32f4xx_hal_i2c.o
                0x08004b18                HAL_I2C_Init
 .text.HAL_I2C_DeInit
                0x08004cd4       0x32 ./Drivers/STM32F4xx_HAL_Driver/Src/stm32f4xx_hal_i2c.o
                0x08004cd4                HAL_I2C_DeInit
 *fill*         0x08004d06        0x2 
 .text.HAL_I2C_Master_Transmit
                0x08004d08      0x178 ./Drivers/STM32F4xx_HAL_Driver/Src/stm32f4xx_hal_i2c.o
                0x08004d08                HAL_I2C_Master_Transmit
 .text.HAL_I2C_IsDeviceReady
                0x08004e80      0x194 ./Drivers/STM32F4xx_HAL_Driver/Src/stm32f4xx_hal_i2c.o
                0x08004e80                HAL_I2C_IsDeviceReady
 .text.HAL_RCC_OscConfig
                0x08005014      0x3f8 ./Drivers/STM32F4xx_HAL_Driver/Src/stm32f4xx_hal_rcc.o
                0x08005014                HAL_RCC_OscConfig
 .text.HAL_RCC_GetSysClockFreq
                0x0800540c       0xdc ./Drivers/STM32F4xx_HAL_Driver/Src/stm32f4xx_hal_rcc.o
                0x0800540c                HAL_RCC_GetSysClockFreq
 .text.HAL_RCC_ClockConfig
                0x080054e8      0x160 ./Drivers/STM32F4xx_HAL_Driver/Src/stm32f4xx_hal_rcc.o
                0x080054e8                HAL_RCC_ClockConfig
 .text.HAL_RCC_GetHCLKFreq
                0x08005648        0xc ./Drivers/STM32F4xx_HAL_Driver/Src/stm32f4xx_hal_rcc.o
                0x08005648                HAL_RCC_GetHCLKFreq
 .text.HAL_RCC_GetPCLK1Freq
                0x08005654       0x20 ./Drivers/STM32F4xx_HAL_Driver/Src/stm32f4xx_hal_rcc.o
                0x08005654                HAL_RCC_GetPCLK1Freq
 .text.HAL_RCC_GetPCLK2Freq
                0x08005674       0x20 ./Drivers/STM32F4xx_HAL_Driver/Src/stm32f4xx_hal_rcc.o
                0x08005674                HAL_RCC_GetPCLK2Freq
 .text.HAL_RCC_GetClockConfig
                0x08005694       0x3c ./Drivers/STM32F4xx_HAL_Driver/Src/stm32f4xx_hal_rcc.o
                0x08005694                HAL_RCC_GetClockConfig
 .text.SPI_WaitFlagStateUntilTimeout
                0x080056d0       0xc8 ./Drivers/STM32F4xx_HAL_Driver/Src/stm32f4xx_hal_spi.o
 .text.SPI_EndRxTxTransaction
                0x08005798       0x80 ./Drivers/STM32F4xx_HAL_Driver/Src/stm32f4xx_hal_spi.o
 .text.SPI_EndRxTransaction
                0x08005818       0x8c ./Drivers/STM32F4xx_HAL_Driver/Src/stm32f4xx_hal_spi.o
 .text.HAL_SPI_Init
                0x080058a4       0xbe ./Drivers/STM32F4xx_HAL_Driver/Src/stm32f4xx_hal_spi.o
                0x080058a4                HAL_SPI_Init
 .text.HAL_SPI_Transmit
                0x08005962      0x1c4 ./Drivers/STM32F4xx_HAL_Driver/Src/stm32f4xx_hal_spi.o
                0x08005962                HAL_SPI_Transmit
 .text.HAL_SPI_TransmitReceive
                0x08005b26      0x254 ./Drivers/STM32F4xx_HAL_Driver/Src/stm32f4xx_hal_spi.o
                0x08005b26                HAL_SPI_TransmitReceive
 .text.HAL_SPI_Receive
                0x08005d7a      0x188 ./Drivers/STM32F4xx_HAL_Driver/Src/stm32f4xx_hal_spi.o
                0x08005d7a                HAL_SPI_Receive
 .text.HAL_TIM_Base_MspInit
                0x08005f02        0x2 ./Drivers/STM32F4xx_HAL_Driver/Src/stm32f4xx_hal_tim.o
                0x08005f02                HAL_TIM_Base_MspInit
 .text.HAL_TIM_Base_Start_IT
                0x08005f04       0x78 ./Drivers/STM32F4xx_HAL_Driver/Src/stm32f4xx_hal_tim.o
                0x08005f04                HAL_TIM_Base_Start_IT
 .text.HAL_TIM_OC_DelayElapsedCallback
                0x08005f7c        0x2 ./Drivers/STM32F4xx_HAL_Driver/Src/stm32f4xx_hal_tim.o
                0x08005f7c                HAL_TIM_OC_DelayElapsedCallback
 .text.HAL_TIM_IC_CaptureCallback
                0x08005f7e        0x2 ./Drivers/STM32F4xx_HAL_Driver/Src/stm32f4xx_hal_tim.o
                0x08005f7e                HAL_TIM_IC_CaptureCallback
 .text.HAL_TIM_PWM_PulseFinishedCallback
                0x08005f80        0x2 ./Drivers/STM32F4xx_HAL_Driver/Src/stm32f4xx_hal_tim.o
                0x08005f80                HAL_TIM_PWM_PulseFinishedCallback
 .text.HAL_TIM_TriggerCallback
                0x08005f82        0x2 ./Drivers/STM32F4xx_HAL_Driver/Src/stm32f4xx_hal_tim.o
                0x08005f82                HAL_TIM_TriggerCallback
 .text.HAL_TIM_IRQHandler
                0x08005f84      0x15e ./Drivers/STM32F4xx_HAL_Driver/Src/stm32f4xx_hal_tim.o
                0x08005f84                HAL_TIM_IRQHandler
 *fill*         0x080060e2        0x2 
 .text.TIM_Base_SetConfig
                0x080060e4       0xac ./Drivers/STM32F4xx_HAL_Driver/Src/stm32f4xx_hal_tim.o
                0x080060e4                TIM_Base_SetConfig
 .text.HAL_TIM_Base_Init
                0x08006190       0x58 ./Drivers/STM32F4xx_HAL_Driver/Src/stm32f4xx_hal_tim.o
                0x08006190                HAL_TIM_Base_Init
 .text.HAL_TIMEx_CommutCallback
                0x080061e8        0x2 ./Drivers/STM32F4xx_HAL_Driver/Src/stm32f4xx_hal_tim_ex.o
                0x080061e8                HAL_TIMEx_CommutCallback
 .text.HAL_TIMEx_BreakCallback
                0x080061ea        0x2 ./Drivers/STM32F4xx_HAL_Driver/Src/stm32f4xx_hal_tim_ex.o
                0x080061ea                HAL_TIMEx_BreakCallback
 .text.SSD1306_Fill
                0x080061ec       0x1c ./Drivers/i2c_display/src/ssd1306.o
                0x080061ec                SSD1306_Fill
 .text.SSD1306_DrawPixel
                0x08006208       0x5c ./Drivers/i2c_display/src/ssd1306.o
                0x08006208                SSD1306_DrawPixel
 .text.SSD1306_GotoXY
                0x08006264        0xc ./Drivers/i2c_display/src/ssd1306.o
                0x08006264                SSD1306_GotoXY
 .text.SSD1306_Putc
                0x08006270       0x9c ./Drivers/i2c_display/src/ssd1306.o
                0x08006270                SSD1306_Putc
 .text.SSD1306_Puts
                0x0800630c       0x22 ./Drivers/i2c_display/src/ssd1306.o
                0x0800630c                SSD1306_Puts
 *fill*         0x0800632e        0x2 
 .text.ssd1306_I2C_WriteMulti
                0x08006330       0x44 ./Drivers/i2c_display/src/ssd1306.o
                0x08006330                ssd1306_I2C_WriteMulti
 .text.ssd1306_I2C_Write
                0x08006374       0x28 ./Drivers/i2c_display/src/ssd1306.o
                0x08006374                ssd1306_I2C_Write
 .text.SSD1306_Init
                0x0800639c      0x154 ./Drivers/i2c_display/src/ssd1306.o
                0x0800639c                SSD1306_Init
 .text.SSD1306_UpdateScreen
                0x080064f0       0x48 ./Drivers/i2c_display/src/ssd1306.o
                0x080064f0                SSD1306_UpdateScreen
 .text.SysTick_Handler
                0x08006538       0x18 ./Middlewares/Third_Party/FreeRTOS/Source/CMSIS_RTOS_V2/cmsis_os2.o
                0x08006538                SysTick_Handler
 .text.osKernelInitialize
                0x08006550       0x24 ./Middlewares/Third_Party/FreeRTOS/Source/CMSIS_RTOS_V2/cmsis_os2.o
                0x08006550                osKernelInitialize
 .text.osKernelStart
                0x08006574       0x38 ./Middlewares/Third_Party/FreeRTOS/Source/CMSIS_RTOS_V2/cmsis_os2.o
                0x08006574                osKernelStart
 .text.osThreadNew
                0x080065ac       0xbc ./Middlewares/Third_Party/FreeRTOS/Source/CMSIS_RTOS_V2/cmsis_os2.o
                0x080065ac                osThreadNew
 .text.osDelay  0x08006668       0x1c ./Middlewares/Third_Party/FreeRTOS/Source/CMSIS_RTOS_V2/cmsis_os2.o
                0x08006668                osDelay
 .text.osMutexNew
                0x08006684       0x92 ./Middlewares/Third_Party/FreeRTOS/Source/CMSIS_RTOS_V2/cmsis_os2.o
                0x08006684                osMutexNew
 .text.osMutexAcquire
                0x08006716       0x5e ./Middlewares/Third_Party/FreeRTOS/Source/CMSIS_RTOS_V2/cmsis_os2.o
                0x08006716                osMutexAcquire
 .text.osMutexRelease
                0x08006774       0x4e ./Middlewares/Third_Party/FreeRTOS/Source/CMSIS_RTOS_V2/cmsis_os2.o
                0x08006774                osMutexRelease
 .text.osMessageQueueNew
                0x080067c2       0x96 ./Middlewares/Third_Party/FreeRTOS/Source/CMSIS_RTOS_V2/cmsis_os2.o
                0x080067c2                osMessageQueueNew
 .text.osMessageQueuePut
                0x08006858       0x84 ./Middlewares/Third_Party/FreeRTOS/Source/CMSIS_RTOS_V2/cmsis_os2.o
                0x08006858                osMessageQueuePut
 .text.osMessageQueueGet
                0x080068dc       0x82 ./Middlewares/Third_Party/FreeRTOS/Source/CMSIS_RTOS_V2/cmsis_os2.o
                0x080068dc                osMessageQueueGet
 .text.osMessageQueueGetCount
                0x0800695e       0x1a ./Middlewares/Third_Party/FreeRTOS/Source/CMSIS_RTOS_V2/cmsis_os2.o
                0x0800695e                osMessageQueueGetCount
 .text.osMessageQueueReset
                0x08006978       0x20 ./Middlewares/Third_Party/FreeRTOS/Source/CMSIS_RTOS_V2/cmsis_os2.o
                0x08006978                osMessageQueueReset
 .text.vApplicationGetIdleTaskMemory
                0x08006998       0x18 ./Middlewares/Third_Party/FreeRTOS/Source/CMSIS_RTOS_V2/cmsis_os2.o
                0x08006998                vApplicationGetIdleTaskMemory
 .text.vApplicationGetTimerTaskMemory
                0x080069b0       0x18 ./Middlewares/Third_Party/FreeRTOS/Source/CMSIS_RTOS_V2/cmsis_os2.o
                0x080069b0                vApplicationGetTimerTaskMemory
 .text.vListInitialise
                0x080069c8       0x16 ./Middlewares/Third_Party/FreeRTOS/Source/list.o
                0x080069c8                vListInitialise
 .text.vListInitialiseItem
                0x080069de        0x6 ./Middlewares/Third_Party/FreeRTOS/Source/list.o
                0x080069de                vListInitialiseItem
 .text.vListInsertEnd
                0x080069e4       0x16 ./Middlewares/Third_Party/FreeRTOS/Source/list.o
                0x080069e4                vListInsertEnd
 .text.vListInsert
                0x080069fa       0x32 ./Middlewares/Third_Party/FreeRTOS/Source/list.o
                0x080069fa                vListInsert
 .text.uxListRemove
                0x08006a2c       0x26 ./Middlewares/Third_Party/FreeRTOS/Source/list.o
                0x08006a2c                uxListRemove
 .text.prvGetDisinheritPriorityAfterTimeout
                0x08006a52       0x10 ./Middlewares/Third_Party/FreeRTOS/Source/queue.o
 .text.prvIsQueueFull
                0x08006a62       0x1e ./Middlewares/Third_Party/FreeRTOS/Source/queue.o
 .text.prvIsQueueEmpty
                0x08006a80       0x1a ./Middlewares/Third_Party/FreeRTOS/Source/queue.o
 .text.prvCopyDataToQueue
                0x08006a9a       0x76 ./Middlewares/Third_Party/FreeRTOS/Source/queue.o
 .text.prvCopyDataFromQueue
                0x08006b10       0x24 ./Middlewares/Third_Party/FreeRTOS/Source/queue.o
 .text.prvUnlockQueue
                0x08006b34       0x6e ./Middlewares/Third_Party/FreeRTOS/Source/queue.o
 .text.xQueueGenericReset
                0x08006ba2       0x84 ./Middlewares/Third_Party/FreeRTOS/Source/queue.o
                0x08006ba2                xQueueGenericReset
 .text.prvInitialiseNewQueue
                0x08006c26       0x22 ./Middlewares/Third_Party/FreeRTOS/Source/queue.o
 .text.xQueueGenericCreateStatic
                0x08006c48       0x94 ./Middlewares/Third_Party/FreeRTOS/Source/queue.o
                0x08006c48                xQueueGenericCreateStatic
 .text.xQueueGenericCreate
                0x08006cdc       0x48 ./Middlewares/Third_Party/FreeRTOS/Source/queue.o
                0x08006cdc                xQueueGenericCreate
 .text.xQueueGenericSend
                0x08006d24      0x188 ./Middlewares/Third_Party/FreeRTOS/Source/queue.o
                0x08006d24                xQueueGenericSend
 .text.prvInitialiseMutex
                0x08006eac       0x18 ./Middlewares/Third_Party/FreeRTOS/Source/queue.o
 .text.xQueueCreateMutex
                0x08006ec4       0x16 ./Middlewares/Third_Party/FreeRTOS/Source/queue.o
                0x08006ec4                xQueueCreateMutex
 .text.xQueueCreateMutexStatic
                0x08006eda       0x1e ./Middlewares/Third_Party/FreeRTOS/Source/queue.o
                0x08006eda                xQueueCreateMutexStatic
 .text.xQueueGiveMutexRecursive
                0x08006ef8       0x40 ./Middlewares/Third_Party/FreeRTOS/Source/queue.o
                0x08006ef8                xQueueGiveMutexRecursive
 .text.xQueueGenericSendFromISR
                0x08006f38       0xce ./Middlewares/Third_Party/FreeRTOS/Source/queue.o
                0x08006f38                xQueueGenericSendFromISR
 .text.xQueueReceive
                0x08007006      0x15e ./Middlewares/Third_Party/FreeRTOS/Source/queue.o
                0x08007006                xQueueReceive
 .text.xQueueSemaphoreTake
                0x08007164      0x1a6 ./Middlewares/Third_Party/FreeRTOS/Source/queue.o
                0x08007164                xQueueSemaphoreTake
 .text.xQueueTakeMutexRecursive
                0x0800730a       0x40 ./Middlewares/Third_Party/FreeRTOS/Source/queue.o
                0x0800730a                xQueueTakeMutexRecursive
 .text.xQueuePeek
                0x0800734a      0x15e ./Middlewares/Third_Party/FreeRTOS/Source/queue.o
                0x0800734a                xQueuePeek
 .text.xQueueReceiveFromISR
                0x080074a8       0xae ./Middlewares/Third_Party/FreeRTOS/Source/queue.o
                0x080074a8                xQueueReceiveFromISR
 .text.uxQueueMessagesWaiting
                0x08007556       0x26 ./Middlewares/Third_Party/FreeRTOS/Source/queue.o
                0x08007556                uxQueueMessagesWaiting
 .text.uxQueueMessagesWaitingFromISR
                0x0800757c       0x18 ./Middlewares/Third_Party/FreeRTOS/Source/queue.o
                0x0800757c                uxQueueMessagesWaitingFromISR
 .text.vQueueAddToRegistry
                0x08007594       0x28 ./Middlewares/Third_Party/FreeRTOS/Source/queue.o
                0x08007594                vQueueAddToRegistry
 .text.vQueueWaitForMessageRestricted
                0x080075bc       0x52 ./Middlewares/Third_Party/FreeRTOS/Source/queue.o
                0x080075bc                vQueueWaitForMessageRestricted
 *fill*         0x0800760e        0x2 
 .text.prvResetNextTaskUnblockTime
                0x08007610       0x2c ./Middlewares/Third_Party/FreeRTOS/Source/tasks.o
 .text.prvInitialiseNewTask
                0x0800763c       0xc4 ./Middlewares/Third_Party/FreeRTOS/Source/tasks.o
 .text.prvInitialiseTaskLists
                0x08007700       0x68 ./Middlewares/Third_Party/FreeRTOS/Source/tasks.o
 .text.prvAddNewTaskToReadyList
                0x08007768       0xac ./Middlewares/Third_Party/FreeRTOS/Source/tasks.o
 .text.prvDeleteTCB
                0x08007814       0x40 ./Middlewares/Third_Party/FreeRTOS/Source/tasks.o
 .text.prvCheckTasksWaitingTermination
                0x08007854       0x4c ./Middlewares/Third_Party/FreeRTOS/Source/tasks.o
 .text.prvIdleTask
                0x080078a0       0x28 ./Middlewares/Third_Party/FreeRTOS/Source/tasks.o
 .text.prvAddCurrentTaskToDelayedList
                0x080078c8       0x7c ./Middlewares/Third_Party/FreeRTOS/Source/tasks.o
 .text.xTaskCreateStatic
                0x08007944       0x76 ./Middlewares/Third_Party/FreeRTOS/Source/tasks.o
                0x08007944                xTaskCreateStatic
 .text.xTaskCreate
                0x080079ba       0x64 ./Middlewares/Third_Party/FreeRTOS/Source/tasks.o
                0x080079ba                xTaskCreate
 *fill*         0x08007a1e        0x2 
 .text.vTaskStartScheduler
                0x08007a20       0xac ./Middlewares/Third_Party/FreeRTOS/Source/tasks.o
                0x08007a20                vTaskStartScheduler
 .text.vTaskSuspendAll
                0x08007acc       0x10 ./Middlewares/Third_Party/FreeRTOS/Source/tasks.o
                0x08007acc                vTaskSuspendAll
 .text.xTaskGetTickCount
                0x08007adc        0xc ./Middlewares/Third_Party/FreeRTOS/Source/tasks.o
                0x08007adc                xTaskGetTickCount
 .text.xTaskIncrementTick
                0x08007ae8      0x118 ./Middlewares/Third_Party/FreeRTOS/Source/tasks.o
                0x08007ae8                xTaskIncrementTick
 .text.xTaskResumeAll
                0x08007c00       0xf8 ./Middlewares/Third_Party/FreeRTOS/Source/tasks.o
                0x08007c00                xTaskResumeAll
 .text.vTaskDelay
                0x08007cf8       0x4c ./Middlewares/Third_Party/FreeRTOS/Source/tasks.o
                0x08007cf8                vTaskDelay
 .text.vTaskSwitchContext
                0x08007d44       0xa4 ./Middlewares/Third_Party/FreeRTOS/Source/tasks.o
                0x08007d44                vTaskSwitchContext
 .text.vTaskPlaceOnEventList
                0x08007de8       0x30 ./Middlewares/Third_Party/FreeRTOS/Source/tasks.o
                0x08007de8                vTaskPlaceOnEventList
 .text.vTaskPlaceOnEventListRestricted
                0x08007e18       0x38 ./Middlewares/Third_Party/FreeRTOS/Source/tasks.o
                0x08007e18                vTaskPlaceOnEventListRestricted
 .text.xTaskRemoveFromEventList
                0x08007e50       0x8c ./Middlewares/Third_Party/FreeRTOS/Source/tasks.o
                0x08007e50                xTaskRemoveFromEventList
 .text.vTaskInternalSetTimeOutState
                0x08007edc       0x18 ./Middlewares/Third_Party/FreeRTOS/Source/tasks.o
                0x08007edc                vTaskInternalSetTimeOutState
 .text.xTaskCheckForTimeOut
                0x08007ef4       0x84 ./Middlewares/Third_Party/FreeRTOS/Source/tasks.o
                0x08007ef4                xTaskCheckForTimeOut
 .text.vTaskMissedYield
                0x08007f78        0xc ./Middlewares/Third_Party/FreeRTOS/Source/tasks.o
                0x08007f78                vTaskMissedYield
 .text.xTaskGetCurrentTaskHandle
                0x08007f84        0xc ./Middlewares/Third_Party/FreeRTOS/Source/tasks.o
                0x08007f84                xTaskGetCurrentTaskHandle
 .text.xTaskGetSchedulerState
                0x08007f90       0x20 ./Middlewares/Third_Party/FreeRTOS/Source/tasks.o
                0x08007f90                xTaskGetSchedulerState
 .text.xTaskPriorityInherit
                0x08007fb0       0x98 ./Middlewares/Third_Party/FreeRTOS/Source/tasks.o
                0x08007fb0                xTaskPriorityInherit
 .text.xTaskPriorityDisinherit
                0x08008048       0x90 ./Middlewares/Third_Party/FreeRTOS/Source/tasks.o
                0x08008048                xTaskPriorityDisinherit
 .text.vTaskPriorityDisinheritAfterTimeout
                0x080080d8       0xa0 ./Middlewares/Third_Party/FreeRTOS/Source/tasks.o
                0x080080d8                vTaskPriorityDisinheritAfterTimeout
 .text.pvTaskIncrementMutexHeldCount
                0x08008178       0x1c ./Middlewares/Third_Party/FreeRTOS/Source/tasks.o
                0x08008178                pvTaskIncrementMutexHeldCount
 .text.prvGetNextExpireTime
                0x08008194       0x20 ./Middlewares/Third_Party/FreeRTOS/Source/timers.o
 .text.prvInsertTimerInActiveList
                0x080081b4       0x48 ./Middlewares/Third_Party/FreeRTOS/Source/timers.o
 .text.prvCheckForValidListAndQueue
                0x080081fc       0x70 ./Middlewares/Third_Party/FreeRTOS/Source/timers.o
 .text.xTimerCreateTimerTask
                0x0800826c       0x64 ./Middlewares/Third_Party/FreeRTOS/Source/timers.o
                0x0800826c                xTimerCreateTimerTask
 .text.xTimerGenericCommand
                0x080082d0       0x6c ./Middlewares/Third_Party/FreeRTOS/Source/timers.o
                0x080082d0                xTimerGenericCommand
 .text.prvSwitchTimerLists
                0x0800833c       0x7c ./Middlewares/Third_Party/FreeRTOS/Source/timers.o
 .text.prvSampleTimeNow
                0x080083b8       0x2c ./Middlewares/Third_Party/FreeRTOS/Source/timers.o
 .text.prvProcessExpiredTimer
                0x080083e4       0x6c ./Middlewares/Third_Party/FreeRTOS/Source/timers.o
 .text.prvProcessTimerOrBlockTask
                0x08008450       0x74 ./Middlewares/Third_Party/FreeRTOS/Source/timers.o
 .text.prvProcessReceivedCommands
                0x080084c4      0x10c ./Middlewares/Third_Party/FreeRTOS/Source/timers.o
 .text.prvTimerTask
                0x080085d0       0x16 ./Middlewares/Third_Party/FreeRTOS/Source/timers.o
 *fill*         0x080085e6        0x2 
 .text.prvTaskExitError
                0x080085e8       0x40 ./Middlewares/Third_Party/FreeRTOS/Source/portable/GCC/ARM_CM4F/port.o
 .text.prvPortStartFirstTask
                0x08008628       0x28 ./Middlewares/Third_Party/FreeRTOS/Source/portable/GCC/ARM_CM4F/port.o
 .text.vPortEnableVFP
                0x08008650       0x14 ./Middlewares/Third_Party/FreeRTOS/Source/portable/GCC/ARM_CM4F/port.o
 .text.pxPortInitialiseStack
                0x08008664       0x2c ./Middlewares/Third_Party/FreeRTOS/Source/portable/GCC/ARM_CM4F/port.o
                0x08008664                pxPortInitialiseStack
 .text.SVC_Handler
                0x08008690       0x24 ./Middlewares/Third_Party/FreeRTOS/Source/portable/GCC/ARM_CM4F/port.o
                0x08008690                SVC_Handler
 .text.vPortEnterCritical
                0x080086b4       0x44 ./Middlewares/Third_Party/FreeRTOS/Source/portable/GCC/ARM_CM4F/port.o
                0x080086b4                vPortEnterCritical
 .text.vPortExitCritical
                0x080086f8       0x2c ./Middlewares/Third_Party/FreeRTOS/Source/portable/GCC/ARM_CM4F/port.o
                0x080086f8                vPortExitCritical
 *fill*         0x08008724        0xc 
 .text.PendSV_Handler
                0x08008730       0x64 ./Middlewares/Third_Party/FreeRTOS/Source/portable/GCC/ARM_CM4F/port.o
                0x08008730                PendSV_Handler
 .text.xPortSysTickHandler
                0x08008794       0x2c ./Middlewares/Third_Party/FreeRTOS/Source/portable/GCC/ARM_CM4F/port.o
                0x08008794                xPortSysTickHandler
 .text.vPortSetupTimerInterrupt
                0x080087c0       0x28 ./Middlewares/Third_Party/FreeRTOS/Source/portable/GCC/ARM_CM4F/port.o
                0x080087c0                vPortSetupTimerInterrupt
 .text.xPortStartScheduler
                0x080087e8      0x118 ./Middlewares/Third_Party/FreeRTOS/Source/portable/GCC/ARM_CM4F/port.o
                0x080087e8                xPortStartScheduler
 .text.vPortValidateInterruptPriority
                0x08008900       0x5c ./Middlewares/Third_Party/FreeRTOS/Source/portable/GCC/ARM_CM4F/port.o
                0x08008900                vPortValidateInterruptPriority
 .text.prvHeapInit
                0x0800895c       0x68 ./Middlewares/Third_Party/FreeRTOS/Source/portable/MemMang/heap_4.o
 .text.prvInsertBlockIntoFreeList
                0x080089c4       0x64 ./Middlewares/Third_Party/FreeRTOS/Source/portable/MemMang/heap_4.o
 .text.pvPortMalloc
                0x08008a28      0x104 ./Middlewares/Third_Party/FreeRTOS/Source/portable/MemMang/heap_4.o
                0x08008a28                pvPortMalloc
 .text.vPortFree
                0x08008b2c       0x7c ./Middlewares/Third_Party/FreeRTOS/Source/portable/MemMang/heap_4.o
                0x08008b2c                vPortFree
 .text.vPortGetHeapStats
                0x08008ba8       0x80 ./Middlewares/Third_Party/FreeRTOS/Source/portable/MemMang/heap_4.o
                0x08008ba8                vPortGetHeapStats
 .text.block_device_sync
                0x08008c28        0x4 ./Middlewares/Third_Party/LittleFS/src/fs_adstractions.o
                0x08008c28                block_device_sync
 .text.mg_calloc
                0x08008c2c       0x1c ./Middlewares/Third_Party/LittleFS/src/fs_adstractions.o
 .text.block_device_read
                0x08008c48       0x40 ./Middlewares/Third_Party/LittleFS/src/fs_adstractions.o
                0x08008c48                block_device_read
 .text.block_device_erase
                0x08008c88       0x30 ./Middlewares/Third_Party/LittleFS/src/fs_adstractions.o
                0x08008c88                block_device_erase
 .text.block_device_prog
                0x08008cb8       0x40 ./Middlewares/Third_Party/LittleFS/src/fs_adstractions.o
                0x08008cb8                block_device_prog
 .text.mg_fs_lfs_status
                0x08008cf8       0x40 ./Middlewares/Third_Party/LittleFS/src/fs_adstractions.o
                0x08008cf8                mg_fs_lfs_status
 .text.mg_fs_lfs_list
                0x08008d38       0x3c ./Middlewares/Third_Party/LittleFS/src/fs_adstractions.o
                0x08008d38                mg_fs_lfs_list
 .text.mg_fs_lfs_open
                0x08008d74       0x48 ./Middlewares/Third_Party/LittleFS/src/fs_adstractions.o
                0x08008d74                mg_fs_lfs_open
 .text.mg_fs_lfs_close
                0x08008dbc       0x18 ./Middlewares/Third_Party/LittleFS/src/fs_adstractions.o
                0x08008dbc                mg_fs_lfs_close
 .text.mg_fs_lfs_read
                0x08008dd4       0x18 ./Middlewares/Third_Party/LittleFS/src/fs_adstractions.o
                0x08008dd4                mg_fs_lfs_read
 .text.mg_fs_lfs_write
                0x08008dec       0x18 ./Middlewares/Third_Party/LittleFS/src/fs_adstractions.o
                0x08008dec                mg_fs_lfs_write
 .text.mg_fs_lfs_seek
                0x08008e04       0x34 ./Middlewares/Third_Party/LittleFS/src/fs_adstractions.o
                0x08008e04                mg_fs_lfs_seek
 .text.mg_fs_lfs_rename
                0x08008e38       0x18 ./Middlewares/Third_Party/LittleFS/src/fs_adstractions.o
                0x08008e38                mg_fs_lfs_rename
 .text.mg_fs_lfs_remove
                0x08008e50       0x18 ./Middlewares/Third_Party/LittleFS/src/fs_adstractions.o
                0x08008e50                mg_fs_lfs_remove
 .text.mg_fs_lfs_mkdir
                0x08008e68       0x18 ./Middlewares/Third_Party/LittleFS/src/fs_adstractions.o
                0x08008e68                mg_fs_lfs_mkdir
 .text.lfs_fs_ll_init
                0x08008e80       0xcc ./Middlewares/Third_Party/LittleFS/src/fs_adstractions.o
                0x08008e80                lfs_fs_ll_init
 .text.lfs_pair_issync
                0x08008f4c       0x48 ./Middlewares/Third_Party/LittleFS/src/lfs.o
 .text.lfs_gstate_xor
                0x08008f94       0x24 ./Middlewares/Third_Party/LittleFS/src/lfs.o
 .text.lfs_gstate_hasmovehere
                0x08008fb8       0x3a ./Middlewares/Third_Party/LittleFS/src/lfs.o
 .text.lfs_mlist_isopen
                0x08008ff2       0x18 ./Middlewares/Third_Party/LittleFS/src/lfs.o
 .text.lfs_mlist_remove
                0x0800900a       0x16 ./Middlewares/Third_Party/LittleFS/src/lfs.o
 .text.lfs_mlist_append
                0x08009020        0x8 ./Middlewares/Third_Party/LittleFS/src/lfs.o
 .text.lfs_fs_disk_version
                0x08009028        0x8 ./Middlewares/Third_Party/LittleFS/src/lfs.o
 .text.lfs_fs_disk_version_major
                0x08009030        0xa ./Middlewares/Third_Party/LittleFS/src/lfs.o
 .text.lfs_fs_disk_version_minor
                0x0800903a        0xa ./Middlewares/Third_Party/LittleFS/src/lfs.o
 .text.lfs_alloc_ckpoint
                0x08009044        0x6 ./Middlewares/Third_Party/LittleFS/src/lfs.o
 .text.lfs_alloc_drop
                0x0800904a        0xe ./Middlewares/Third_Party/LittleFS/src/lfs.o
 .text.lfs_alloc_lookahead
                0x08009058       0x36 ./Middlewares/Third_Party/LittleFS/src/lfs.o
 *fill*         0x0800908e        0x2 
 .text.lfs_dir_traverse_filter
                0x08009090       0x7c ./Middlewares/Third_Party/LittleFS/src/lfs.o
 .text.lfs_dir_commit_size
                0x0800910c       0x1c ./Middlewares/Third_Party/LittleFS/src/lfs.o
 .text.lfs_dir_needsrelocation
                0x08009128       0x28 ./Middlewares/Third_Party/LittleFS/src/lfs.o
 .text.lfs_dir_close_
                0x08009150        0xa ./Middlewares/Third_Party/LittleFS/src/lfs.o
 .text.lfs_file_tell_
                0x0800915a        0x4 ./Middlewares/Third_Party/LittleFS/src/lfs.o
 .text.lfs_file_size_
                0x0800915e       0x18 ./Middlewares/Third_Party/LittleFS/src/lfs.o
 .text.lfs_fs_prepsuperblock
                0x08009176        0xe ./Middlewares/Third_Party/LittleFS/src/lfs.o
 .text.lfs_fs_prepmove
                0x08009184       0x54 ./Middlewares/Third_Party/LittleFS/src/lfs.o
 .text.lfs_fs_size_count
                0x080091d8        0xa ./Middlewares/Third_Party/LittleFS/src/lfs.o
 *fill*         0x080091e2        0x2 
 .text.lfs_bd_erase
                0x080091e4       0x40 ./Middlewares/Third_Party/LittleFS/src/lfs.o
 .text.lfs_fs_preporphans
                0x08009224       0x60 ./Middlewares/Third_Party/LittleFS/src/lfs.o
 .text.lfs_cache_zero
                0x08009284       0x18 ./Middlewares/Third_Party/LittleFS/src/lfs.o
 .text.lfs_ctz_index
                0x0800929c       0x3c ./Middlewares/Third_Party/LittleFS/src/lfs.o
 .text.lfs_bd_read
                0x080092d8      0x1e0 ./Middlewares/Third_Party/LittleFS/src/lfs.o
 .text.lfs_dir_getslice
                0x080094b8      0x168 ./Middlewares/Third_Party/LittleFS/src/lfs.o
 .text.lfs_dir_get
                0x08009620       0x1a ./Middlewares/Third_Party/LittleFS/src/lfs.o
 *fill*         0x0800963a        0x2 
 .text.lfs_dir_getgstate
                0x0800963c       0x38 ./Middlewares/Third_Party/LittleFS/src/lfs.o
 .text.lfs_ctz_traverse
                0x08009674       0x98 ./Middlewares/Third_Party/LittleFS/src/lfs.o
 .text.lfs_fs_parent_match
                0x0800970c       0x50 ./Middlewares/Third_Party/LittleFS/src/lfs.o
 .text.lfs_dir_traverse
                0x0800975c      0x32c ./Middlewares/Third_Party/LittleFS/src/lfs.o
 .text.lfs_dir_getread
                0x08009a88      0x122 ./Middlewares/Third_Party/LittleFS/src/lfs.o
 .text.lfs_bd_cmp
                0x08009baa       0x70 ./Middlewares/Third_Party/LittleFS/src/lfs.o
 *fill*         0x08009c1a        0x2 
 .text.lfs_bd_flush
                0x08009c1c       0xb4 ./Middlewares/Third_Party/LittleFS/src/lfs.o
 .text.lfs_bd_prog
                0x08009cd0       0xf4 ./Middlewares/Third_Party/LittleFS/src/lfs.o
 .text.lfs_bd_sync
                0x08009dc4       0x38 ./Middlewares/Third_Party/LittleFS/src/lfs.o
 .text.lfs_dir_find_match
                0x08009dfc       0x42 ./Middlewares/Third_Party/LittleFS/src/lfs.o
 .text.lfs_ctz_find
                0x08009e3e       0x92 ./Middlewares/Third_Party/LittleFS/src/lfs.o
 .text.lfs_file_flushedread
                0x08009ed0      0x108 ./Middlewares/Third_Party/LittleFS/src/lfs.o
 .text.lfs_bd_crc
                0x08009fd8       0x64 ./Middlewares/Third_Party/LittleFS/src/lfs.o
 .text.lfs_dir_fetchmatch
                0x0800a03c      0x4e8 ./Middlewares/Third_Party/LittleFS/src/lfs.o
 .text.lfs_fs_parent
                0x0800a524       0xd8 ./Middlewares/Third_Party/LittleFS/src/lfs.o
 .text.lfs_dir_fetch
                0x0800a5fc       0x1c ./Middlewares/Third_Party/LittleFS/src/lfs.o
 .text.lfs_fs_traverse_
                0x0800a618      0x1bc ./Middlewares/Third_Party/LittleFS/src/lfs.o
 .text.lfs_alloc_scan
                0x0800a7d4       0x54 ./Middlewares/Third_Party/LittleFS/src/lfs.o
 .text.lfs_alloc
                0x0800a828       0xb0 ./Middlewares/Third_Party/LittleFS/src/lfs.o
 .text.lfs_dir_alloc
                0x0800a8d8       0x8c ./Middlewares/Third_Party/LittleFS/src/lfs.o
 .text.lfs_file_relocate
                0x0800a964      0x124 ./Middlewares/Third_Party/LittleFS/src/lfs.o
 .text.lfs_file_outline
                0x0800aa88       0x22 ./Middlewares/Third_Party/LittleFS/src/lfs.o
 *fill*         0x0800aaaa        0x2 
 .text.lfs_ctz_extend
                0x0800aaac      0x17c ./Middlewares/Third_Party/LittleFS/src/lfs.o
 .text.lfs_file_flushedwrite
                0x0800ac28      0x15e ./Middlewares/Third_Party/LittleFS/src/lfs.o
 *fill*         0x0800ad86        0x2 
 .text.lfs_file_flush
                0x0800ad88      0x110 ./Middlewares/Third_Party/LittleFS/src/lfs.o
 .text.lfs_file_read_
                0x0800ae98       0x48 ./Middlewares/Third_Party/LittleFS/src/lfs.o
 .text.lfs_file_seek_
                0x0800aee0       0x98 ./Middlewares/Third_Party/LittleFS/src/lfs.o
 .text.lfs_file_write_
                0x0800af78       0xb0 ./Middlewares/Third_Party/LittleFS/src/lfs.o
 .text.lfs_fs_size_
                0x0800b028       0x20 ./Middlewares/Third_Party/LittleFS/src/lfs.o
 .text.lfs_fs_pred
                0x0800b048       0xc4 ./Middlewares/Third_Party/LittleFS/src/lfs.o
 .text.lfs_dir_commitprog
                0x0800b10c       0x40 ./Middlewares/Third_Party/LittleFS/src/lfs.o
 .text.lfs_dir_commitattr
                0x0800b14c       0xba ./Middlewares/Third_Party/LittleFS/src/lfs.o
 .text.lfs_dir_commit_commit
                0x0800b206       0x10 ./Middlewares/Third_Party/LittleFS/src/lfs.o
 *fill*         0x0800b216        0x2 
 .text.lfs_dir_commitcrc
                0x0800b218      0x1f8 ./Middlewares/Third_Party/LittleFS/src/lfs.o
 .text.lfs_dir_compact
                0x0800b410      0x2bc ./Middlewares/Third_Party/LittleFS/src/lfs.o
 .text.lfs_dir_split
                0x0800b6cc       0x84 ./Middlewares/Third_Party/LittleFS/src/lfs.o
 .text.lfs_dir_splittingcompact
                0x0800b750      0x1a4 ./Middlewares/Third_Party/LittleFS/src/lfs.o
 .text.lfs_dir_relocatingcommit
                0x0800b8f4      0x360 ./Middlewares/Third_Party/LittleFS/src/lfs.o
 .text.lfs_dir_orphaningcommit
                0x0800bc54      0x3f8 ./Middlewares/Third_Party/LittleFS/src/lfs.o
 .text.lfs_fs_deorphan
                0x0800c04c      0x210 ./Middlewares/Third_Party/LittleFS/src/lfs.o
 .text.lfs_dir_commit
                0x0800c25c       0x1a ./Middlewares/Third_Party/LittleFS/src/lfs.o
 *fill*         0x0800c276        0x2 
 .text.lfs_fs_desuperblock
                0x0800c278       0x90 ./Middlewares/Third_Party/LittleFS/src/lfs.o
 .text.lfs_fs_demove
                0x0800c308       0xa4 ./Middlewares/Third_Party/LittleFS/src/lfs.o
 .text.lfs_fs_forceconsistency
                0x0800c3ac       0x28 ./Middlewares/Third_Party/LittleFS/src/lfs.o
 .text.lfs_dir_drop
                0x0800c3d4       0x40 ./Middlewares/Third_Party/LittleFS/src/lfs.o
 .text.lfs_file_sync_
                0x0800c414       0xd4 ./Middlewares/Third_Party/LittleFS/src/lfs.o
 .text.lfs_deinit
                0x0800c4e8       0x32 ./Middlewares/Third_Party/LittleFS/src/lfs.o
 *fill*         0x0800c51a        0x2 
 .text.lfs_init
                0x0800c51c      0x338 ./Middlewares/Third_Party/LittleFS/src/lfs.o
 .text.lfs_format_
                0x0800c854       0xf4 ./Middlewares/Third_Party/LittleFS/src/lfs.o
 .text.lfs_unmount_
                0x0800c948        0x8 ./Middlewares/Third_Party/LittleFS/src/lfs.o
 .text.lfs_mount_
                0x0800c950      0x30c ./Middlewares/Third_Party/LittleFS/src/lfs.o
 .text.lfs_file_close_
                0x0800cc5c       0x26 ./Middlewares/Third_Party/LittleFS/src/lfs.o
 *fill*         0x0800cc82        0x2 
 .text.lfs_dir_find
                0x0800cc84      0x178 ./Middlewares/Third_Party/LittleFS/src/lfs.o
 .text.lfs_remove_
                0x0800cdfc       0xf0 ./Middlewares/Third_Party/LittleFS/src/lfs.o
 .text.lfs_dir_open_
                0x0800ceec       0x90 ./Middlewares/Third_Party/LittleFS/src/lfs.o
 .text.lfs_rename_
                0x0800cf7c      0x2b4 ./Middlewares/Third_Party/LittleFS/src/lfs.o
 .text.lfs_file_opencfg_
                0x0800d230      0x254 ./Middlewares/Third_Party/LittleFS/src/lfs.o
 .text.lfs_file_open_
                0x0800d484       0x14 ./Middlewares/Third_Party/LittleFS/src/lfs.o
 .text.lfs_mkdir_
                0x0800d498      0x168 ./Middlewares/Third_Party/LittleFS/src/lfs.o
 .text.lfs_dir_getinfo
                0x0800d600       0x94 ./Middlewares/Third_Party/LittleFS/src/lfs.o
 .text.lfs_stat_
                0x0800d694       0x2a ./Middlewares/Third_Party/LittleFS/src/lfs.o
 *fill*         0x0800d6be        0x2 
 .text.lfs_dir_read_
                0x0800d6c0       0xb8 ./Middlewares/Third_Party/LittleFS/src/lfs.o
 .text.lfs_format
                0x0800d778       0x26 ./Middlewares/Third_Party/LittleFS/src/lfs.o
                0x0800d778                lfs_format
 .text.lfs_mount
                0x0800d79e       0x26 ./Middlewares/Third_Party/LittleFS/src/lfs.o
                0x0800d79e                lfs_mount
 .text.lfs_remove
                0x0800d7c4       0x26 ./Middlewares/Third_Party/LittleFS/src/lfs.o
                0x0800d7c4                lfs_remove
 .text.lfs_rename
                0x0800d7ea       0x2a ./Middlewares/Third_Party/LittleFS/src/lfs.o
                0x0800d7ea                lfs_rename
 .text.lfs_stat
                0x0800d814       0x2a ./Middlewares/Third_Party/LittleFS/src/lfs.o
                0x0800d814                lfs_stat
 *fill*         0x0800d83e        0x2 
 .text.lfs_file_open
                0x0800d840       0x58 ./Middlewares/Third_Party/LittleFS/src/lfs.o
                0x0800d840                lfs_file_open
 .text.lfs_file_close
                0x0800d898       0x4c ./Middlewares/Third_Party/LittleFS/src/lfs.o
                0x0800d898                lfs_file_close
 .text.lfs_file_read
                0x0800d8e4       0x58 ./Middlewares/Third_Party/LittleFS/src/lfs.o
                0x0800d8e4                lfs_file_read
 .text.lfs_file_write
                0x0800d93c       0x58 ./Middlewares/Third_Party/LittleFS/src/lfs.o
                0x0800d93c                lfs_file_write
 .text.lfs_file_seek
                0x0800d994       0x58 ./Middlewares/Third_Party/LittleFS/src/lfs.o
                0x0800d994                lfs_file_seek
 .text.lfs_file_tell
                0x0800d9ec       0x4c ./Middlewares/Third_Party/LittleFS/src/lfs.o
                0x0800d9ec                lfs_file_tell
 .text.lfs_mkdir
                0x0800da38       0x26 ./Middlewares/Third_Party/LittleFS/src/lfs.o
                0x0800da38                lfs_mkdir
 *fill*         0x0800da5e        0x2 
 .text.lfs_dir_open
                0x0800da60       0x50 ./Middlewares/Third_Party/LittleFS/src/lfs.o
                0x0800da60                lfs_dir_open
 .text.lfs_dir_close
                0x0800dab0       0x26 ./Middlewares/Third_Party/LittleFS/src/lfs.o
                0x0800dab0                lfs_dir_close
 .text.lfs_dir_read
                0x0800dad6       0x2a ./Middlewares/Third_Party/LittleFS/src/lfs.o
                0x0800dad6                lfs_dir_read
 .text.lfs_crc  0x0800db00       0x40 ./Middlewares/Third_Party/LittleFS/src/lfs_util.o
                0x0800db00                lfs_crc
 .text.is_digit
                0x0800db40        0xc ./Middlewares/Third_Party/mongoose/mongoose.o
 .text.addexp   0x0800db4c       0x74 ./Middlewares/Third_Party/mongoose/mongoose.o
 .text.xisinf   0x0800dbc0       0x24 ./Middlewares/Third_Party/mongoose/mongoose.o
 .text.xisnan   0x0800dbe4       0x20 ./Middlewares/Third_Party/mongoose/mongoose.o
 .text.mg_lld   0x0800dc04      0x12c ./Middlewares/Third_Party/mongoose/mongoose.o
 .text.scpy     0x0800dd30       0x26 ./Middlewares/Third_Party/mongoose/mongoose.o
 .text.p_stat   0x0800dd56        0x4 ./Middlewares/Third_Party/mongoose/mongoose.o
 .text.p_list   0x0800dd5a        0x2 ./Middlewares/Third_Party/mongoose/mongoose.o
 .text.p_open   0x0800dd5c        0x4 ./Middlewares/Third_Party/mongoose/mongoose.o
 .text.p_close  0x0800dd60        0x2 ./Middlewares/Third_Party/mongoose/mongoose.o
 .text.p_read   0x0800dd62        0x4 ./Middlewares/Third_Party/mongoose/mongoose.o
 .text.p_write  0x0800dd66        0x4 ./Middlewares/Third_Party/mongoose/mongoose.o
 .text.p_seek   0x0800dd6a        0x6 ./Middlewares/Third_Party/mongoose/mongoose.o
 .text.p_rename
                0x0800dd70        0x4 ./Middlewares/Third_Party/mongoose/mongoose.o
 .text.p_remove
                0x0800dd74        0x4 ./Middlewares/Third_Party/mongoose/mongoose.o
 .text.p_mkdir  0x0800dd78        0x4 ./Middlewares/Third_Party/mongoose/mongoose.o
 .text.mg_ncasecmp
                0x0800dd7c       0x44 ./Middlewares/Third_Party/mongoose/mongoose.o
 .text.isx      0x0800ddc0       0x26 ./Middlewares/Third_Party/mongoose/mongoose.o
 .text.isok     0x0800dde6       0x24 ./Middlewares/Third_Party/mongoose/mongoose.o
 .text.vcb      0x0800de0a        0xe ./Middlewares/Third_Party/mongoose/mongoose.o
 .text.clen     0x0800de18       0x8e ./Middlewares/Third_Party/mongoose/mongoose.o
 .text.skiptorn
                0x0800dea6       0x50 ./Middlewares/Third_Party/mongoose/mongoose.o
 .text.mg_http_parse_headers
                0x0800def6       0xd2 ./Middlewares/Third_Party/mongoose/mongoose.o
 .text.mg_http_status_code_str
                0x0800dfc8      0x5f8 ./Middlewares/Third_Party/mongoose/mongoose.o
 .text.mg_is_url_safe
                0x0800e5c0       0x56 ./Middlewares/Third_Party/mongoose/mongoose.o
 .text.is_hex_digit
                0x0800e616       0x26 ./Middlewares/Third_Party/mongoose/mongoose.o
 .text.roundup  0x0800e63c       0x10 ./Middlewares/Third_Party/mongoose/mongoose.o
 .text.escapeseq
                0x0800e64c       0x14 ./Middlewares/Third_Party/mongoose/mongoose.o
 .text.json_esc
                0x0800e660       0x2e ./Middlewares/Third_Party/mongoose/mongoose.o
 .text.mg_pass_string
                0x0800e68e       0x4a ./Middlewares/Third_Party/mongoose/mongoose.o
 .text.mg_atod  0x0800e6d8      0x1f4 ./Middlewares/Third_Party/mongoose/mongoose.o
 .text.logc     0x0800e8cc       0x18 ./Middlewares/Third_Party/mongoose/mongoose.o
 .text.logs     0x0800e8e4       0x18 ./Middlewares/Third_Party/mongoose/mongoose.o
 .text.nibble   0x0800e8fc       0x14 ./Middlewares/Third_Party/mongoose/mongoose.o
 .text.mg_md5_transform
                0x0800e910      0x714 ./Middlewares/Third_Party/mongoose/mongoose.o
 .text.varint_size
                0x0800f024       0x12 ./Middlewares/Third_Party/mongoose/mongoose.o
 .text.encode_varint
                0x0800f036       0x2a ./Middlewares/Third_Party/mongoose/mongoose.o
 .text.decode_varint
                0x0800f060       0x4c ./Middlewares/Third_Party/mongoose/mongoose.o
 .text.mqtt_prop_type_by_id
                0x0800f0ac       0x28 ./Middlewares/Third_Party/mongoose/mongoose.o
 .text.get_properties_length
                0x0800f0d4       0x88 ./Middlewares/Third_Party/mongoose/mongoose.o
 .text.get_props_size
                0x0800f15c       0x10 ./Middlewares/Third_Party/mongoose/mongoose.o
 .text.mg_aton4
                0x0800f16c       0xa6 ./Middlewares/Third_Party/mongoose/mongoose.o
 .text.mg_tcpip_call
                0x0800f212        0xa ./Middlewares/Third_Party/mongoose/mongoose.o
 .text.csumup   0x0800f21c       0x22 ./Middlewares/Third_Party/mongoose/mongoose.o
 .text.ether_output
                0x0800f23e       0x1e ./Middlewares/Third_Party/mongoose/mongoose.o
 .text.can_write
                0x0800f25c       0x24 ./Middlewares/Third_Party/mongoose/mongoose.o
 .text.mg_print_hex
                0x0800f280       0x50 ./Middlewares/Third_Party/mongoose/mongoose.o
                0x0800f280                mg_print_hex
 .text.mg_tolc  0x0800f2d0        0xe ./Middlewares/Third_Party/mongoose/mongoose.o
 .text.w5500_txn
                0x0800f2de       0x72 ./Middlewares/Third_Party/mongoose/mongoose.o
 .text.w5500_wn
                0x0800f350       0x14 ./Middlewares/Third_Party/mongoose/mongoose.o
 .text.w5500_w1
                0x0800f364       0x1a ./Middlewares/Third_Party/mongoose/mongoose.o
 .text.w5500_w2
                0x0800f37e       0x20 ./Middlewares/Third_Party/mongoose/mongoose.o
 .text.w5500_rn
                0x0800f39e       0x14 ./Middlewares/Third_Party/mongoose/mongoose.o
 .text.w5500_r1
                0x0800f3b2       0x20 ./Middlewares/Third_Party/mongoose/mongoose.o
 .text.w5500_r2
                0x0800f3d2       0x26 ./Middlewares/Third_Party/mongoose/mongoose.o
 .text.w5500_rx
                0x0800f3f8       0x88 ./Middlewares/Third_Party/mongoose/mongoose.o
 .text.w5500_tx
                0x0800f480       0x96 ./Middlewares/Third_Party/mongoose/mongoose.o
 .text.w5500_init
                0x0800f516       0x72 ./Middlewares/Third_Party/mongoose/mongoose.o
 .text.w5500_up
                0x0800f588       0x12 ./Middlewares/Third_Party/mongoose/mongoose.o
 .text.mg_dns_free
                0x0800f59a       0x1a ./Middlewares/Third_Party/mongoose/mongoose.o
 .text.mg_atone
                0x0800f5b4       0x1e ./Middlewares/Third_Party/mongoose/mongoose.o
 .text.urlparse
                0x0800f5d2       0xb6 ./Middlewares/Third_Party/mongoose/mongoose.o
 .text.mg_dns_parse_name_depth
                0x0800f688       0xd0 ./Middlewares/Third_Party/mongoose/mongoose.o
 .text.mg_dns_parse_name
                0x0800f758       0x16 ./Middlewares/Third_Party/mongoose/mongoose.o
 .text.mg_calloc
                0x0800f76e       0x1c ./Middlewares/Third_Party/mongoose/mongoose.o
 .text.getpeer  0x0800f78a       0x6c ./Middlewares/Third_Party/mongoose/mongoose.o
 .text.mg_pfn_stdout
                0x0800f7f6        0x8 ./Middlewares/Third_Party/mongoose/mongoose.o
                0x0800f7f6                mg_pfn_stdout
 *fill*         0x0800f7fe        0x2 
 .text.mg_queue_read_len
                0x0800f800       0x38 ./Middlewares/Third_Party/mongoose/mongoose.o
 .text.mg_resolve_cancel
                0x0800f838       0x24 ./Middlewares/Third_Party/mongoose/mongoose.o
                0x0800f838                mg_resolve_cancel
 .text.mg_dns_parse_rr
                0x0800f85c       0x9e ./Middlewares/Third_Party/mongoose/mongoose.o
                0x0800f85c                mg_dns_parse_rr
 .text.mg_call  0x0800f8fa       0x1e ./Middlewares/Third_Party/mongoose/mongoose.o
                0x0800f8fa                mg_call
 .text.mg_fs_open
                0x0800f918       0x32 ./Middlewares/Third_Party/mongoose/mongoose.o
                0x0800f918                mg_fs_open
 .text.mg_fs_close
                0x0800f94a       0x18 ./Middlewares/Third_Party/mongoose/mongoose.o
                0x0800f94a                mg_fs_close
 *fill*         0x0800f962        0x2 
 .text.restore_http_cb
                0x0800f964       0x2c ./Middlewares/Third_Party/mongoose/mongoose.o
 .text.mg_to_size_t
                0x0800f990       0xa4 ./Middlewares/Third_Party/mongoose/mongoose.o
                0x0800f990                mg_to_size_t
 .text.mg_http_get_request_len
                0x0800fa34       0x58 ./Middlewares/Third_Party/mongoose/mongoose.o
                0x0800fa34                mg_http_get_request_len
 .text.mg_http_get_header
                0x0800fa8c       0x54 ./Middlewares/Third_Party/mongoose/mongoose.o
                0x0800fa8c                mg_http_get_header
 .text.mg_http_status
                0x0800fae0        0xa ./Middlewares/Third_Party/mongoose/mongoose.o
                0x0800fae0                mg_http_status
 *fill*         0x0800faea        0x2 
 .text.mg_json_get
                0x0800faec      0x4d4 ./Middlewares/Third_Party/mongoose/mongoose.o
                0x0800faec                mg_json_get
 .text.mg_json_get_num
                0x0800ffc0       0x4c ./Middlewares/Third_Party/mongoose/mongoose.o
                0x0800ffc0                mg_json_get_num
 .text.mg_json_get_bool
                0x0801000c       0x44 ./Middlewares/Third_Party/mongoose/mongoose.o
                0x0801000c                mg_json_get_bool
 .text.mg_hexdump
                0x08010050       0xe8 ./Middlewares/Third_Party/mongoose/mongoose.o
                0x08010050                mg_hexdump
 .text.mg_md5_init
                0x08010138       0x2c ./Middlewares/Third_Party/mongoose/mongoose.o
                0x08010138                mg_md5_init
 .text.mg_md5_update
                0x08010164       0xae ./Middlewares/Third_Party/mongoose/mongoose.o
                0x08010164                mg_md5_update
 .text.mg_md5_final
                0x08010212       0x70 ./Middlewares/Third_Party/mongoose/mongoose.o
                0x08010212                mg_md5_final
 .text.mg_mqtt_parse
                0x08010282      0x15e ./Middlewares/Third_Party/mongoose/mongoose.o
                0x08010282                mg_mqtt_parse
 .text.mg_alloc_conn
                0x080103e0       0x2a ./Middlewares/Third_Party/mongoose/mongoose.o
                0x080103e0                mg_alloc_conn
 *fill*         0x0801040a        0x2 
 .text.mg_mgr_init
                0x0801040c       0x2c ./Middlewares/Third_Party/mongoose/mongoose.o
                0x0801040c                mg_mgr_init
 .text.mg_snprintf
                0x08010438       0x1e ./Middlewares/Third_Party/mongoose/mongoose.o
                0x08010438                mg_snprintf
 *fill*         0x08010456        0x2 
 .text.mg_dtoa  0x08010458      0x41c ./Middlewares/Third_Party/mongoose/mongoose.o
 .text.mg_vxprintf
                0x08010874      0x498 ./Middlewares/Third_Party/mongoose/mongoose.o
                0x08010874                mg_vxprintf
 .text.mg_xprintf
                0x08010d0c       0x1e ./Middlewares/Third_Party/mongoose/mongoose.o
                0x08010d0c                mg_xprintf
 *fill*         0x08010d2a        0x2 
 .text.print_ip4
                0x08010d2c       0x20 ./Middlewares/Third_Party/mongoose/mongoose.o
 .text.mg_print_ip4
                0x08010d4c       0x10 ./Middlewares/Third_Party/mongoose/mongoose.o
                0x08010d4c                mg_print_ip4
 .text.mg_print_mac
                0x08010d5c       0x30 ./Middlewares/Third_Party/mongoose/mongoose.o
                0x08010d5c                mg_print_mac
 .text.mg_log   0x08010d8c       0x3c ./Middlewares/Third_Party/mongoose/mongoose.o
                0x08010d8c                mg_log
 .text.mg_vprintf
                0x08010dc8       0x20 ./Middlewares/Third_Party/mongoose/mongoose.o
                0x08010dc8                mg_vprintf
 .text.mg_printf
                0x08010de8       0x1e ./Middlewares/Third_Party/mongoose/mongoose.o
                0x08010de8                mg_printf
 *fill*         0x08010e06        0x2 
 .text.mg_vsnprintf
                0x08010e08       0x2c ./Middlewares/Third_Party/mongoose/mongoose.o
                0x08010e08                mg_vsnprintf
 .text.mg_http_reply
                0x08010e34       0x84 ./Middlewares/Third_Party/mongoose/mongoose.o
                0x08010e34                mg_http_reply
 .text.mg_http_etag
                0x08010eb8       0x24 ./Middlewares/Third_Party/mongoose/mongoose.o
                0x08010eb8                mg_http_etag
 .text.mg_url_encode
                0x08010edc       0x80 ./Middlewares/Third_Party/mongoose/mongoose.o
                0x08010edc                mg_url_encode
 .text.mg_vmprintf
                0x08010f5c       0x28 ./Middlewares/Third_Party/mongoose/mongoose.o
                0x08010f5c                mg_vmprintf
 .text.mg_mprintf
                0x08010f84       0x1e ./Middlewares/Third_Party/mongoose/mongoose.o
                0x08010f84                mg_mprintf
 *fill*         0x08010fa2        0x2 
 .text.mg_queue_next
                0x08010fa4       0x5c ./Middlewares/Third_Party/mongoose/mongoose.o
                0x08010fa4                mg_queue_next
 .text.mg_queue_del
                0x08011000       0x30 ./Middlewares/Third_Party/mongoose/mongoose.o
                0x08011000                mg_queue_del
 .text.mg_http_serve_ssi
                0x08011030       0x14 ./Middlewares/Third_Party/mongoose/mongoose.o
                0x08011030                mg_http_serve_ssi
 .text.mg_str_s
                0x08011044       0x18 ./Middlewares/Third_Party/mongoose/mongoose.o
                0x08011044                mg_str_s
 .text.mg_str_n
                0x0801105c        0x6 ./Middlewares/Third_Party/mongoose/mongoose.o
                0x0801105c                mg_str_n
 .text.mg_v4mapped
                0x08011062       0x82 ./Middlewares/Third_Party/mongoose/mongoose.o
 .text.mkpay    0x080110e4       0x24 ./Middlewares/Third_Party/mongoose/mongoose.o
 .text.mg_strcmp
                0x08011108       0x54 ./Middlewares/Third_Party/mongoose/mongoose.o
                0x08011108                mg_strcmp
 .text.mg_strcasecmp
                0x0801115c       0x5e ./Middlewares/Third_Party/mongoose/mongoose.o
                0x0801115c                mg_strcasecmp
 *fill*         0x080111ba        0x2 
 .text.mg_http_parse
                0x080111bc      0x1f0 ./Middlewares/Third_Party/mongoose/mongoose.o
                0x080111bc                mg_http_parse
 .text.mg_match
                0x080113ac      0x136 ./Middlewares/Third_Party/mongoose/mongoose.o
                0x080113ac                mg_match
 .text.mg_span  0x080114e2       0x7a ./Middlewares/Third_Party/mongoose/mongoose.o
                0x080114e2                mg_span
 .text.mg_http_var
                0x0801155c       0x6c ./Middlewares/Third_Party/mongoose/mongoose.o
                0x0801155c                mg_http_var
 .text.guess_content_type
                0x080115c8       0xc4 ./Middlewares/Third_Party/mongoose/mongoose.o
 .text.getrange
                0x0801168c       0x98 ./Middlewares/Third_Party/mongoose/mongoose.o
 .text.mg_http_serve_file
                0x08011724      0x2d0 ./Middlewares/Third_Party/mongoose/mongoose.o
                0x08011724                mg_http_serve_file
 .text.mg_str_to_num
                0x080119f4      0x290 ./Middlewares/Third_Party/mongoose/mongoose.o
                0x080119f4                mg_str_to_num
 .text.mg_url_decode
                0x08011c84       0xbe ./Middlewares/Third_Party/mongoose/mongoose.o
                0x08011c84                mg_url_decode
 .text.mg_http_get_var
                0x08011d42       0x76 ./Middlewares/Third_Party/mongoose/mongoose.o
                0x08011d42                mg_http_get_var
 .text.listdir  0x08011db8      0x100 ./Middlewares/Third_Party/mongoose/mongoose.o
 .text.skip_chunk
                0x08011eb8       0xd4 ./Middlewares/Third_Party/mongoose/mongoose.o
 .text.mg_json_unescape
                0x08011f8c       0x98 ./Middlewares/Third_Party/mongoose/mongoose.o
                0x08011f8c                mg_json_unescape
 .text.mg_json_get_str
                0x08012024       0x70 ./Middlewares/Third_Party/mongoose/mongoose.o
                0x08012024                mg_json_get_str
 .text.mg_aton6
                0x08012094      0x14a ./Middlewares/Third_Party/mongoose/mongoose.o
 .text.mg_timer_init
                0x080121de       0x2a ./Middlewares/Third_Party/mongoose/mongoose.o
                0x080121de                mg_timer_init
 .text.mg_timer_add
                0x08012208       0x3e ./Middlewares/Third_Party/mongoose/mongoose.o
                0x08012208                mg_timer_add
 *fill*         0x08012246        0x2 
 .text.mg_timer_expired
                0x08012248       0x68 ./Middlewares/Third_Party/mongoose/mongoose.o
                0x08012248                mg_timer_expired
 .text.mg_timer_poll
                0x080122b0       0x64 ./Middlewares/Third_Party/mongoose/mongoose.o
                0x080122b0                mg_timer_poll
 .text.mg_tls_recv
                0x08012314       0x18 ./Middlewares/Third_Party/mongoose/mongoose.o
                0x08012314                mg_tls_recv
 .text.mg_tls_send
                0x0801232c       0x18 ./Middlewares/Third_Party/mongoose/mongoose.o
                0x0801232c                mg_tls_send
 .text.mg_tls_pending
                0x08012344        0x4 ./Middlewares/Third_Party/mongoose/mongoose.o
                0x08012344                mg_tls_pending
 .text.mg_url_is_ssl
                0x08012348       0x80 ./Middlewares/Third_Party/mongoose/mongoose.o
                0x08012348                mg_url_is_ssl
 .text.mg_url_host
                0x080123c8       0x3a ./Middlewares/Third_Party/mongoose/mongoose.o
                0x080123c8                mg_url_host
 *fill*         0x08012402        0x2 
 .text.mg_url_port
                0x08012404       0xa0 ./Middlewares/Third_Party/mongoose/mongoose.o
                0x08012404                mg_url_port
 .text.mg_bzero
                0x080124a4       0x16 ./Middlewares/Third_Party/mongoose/mongoose.o
                0x080124a4                mg_bzero
 .text.mg_iobuf_del
                0x080124ba       0x44 ./Middlewares/Third_Party/mongoose/mongoose.o
                0x080124ba                mg_iobuf_del
 .text.mg_random
                0x080124fe       0x1c ./Middlewares/Third_Party/mongoose/mongoose.o
                0x080124fe                mg_random
 *fill*         0x0801251a        0x2 
 .text.mg_random_str
                0x0801251c       0x58 ./Middlewares/Third_Party/mongoose/mongoose.o