../Core/app/ModBusTCP_server/freemodbus_1.6/modbus/functions/mbfuncholding.c:76:1:eMBFuncWriteHoldingRegister	8	static
../Core/app/ModBusTCP_server/freemodbus_1.6/modbus/functions/mbfuncholding.c:109:1:eMBFuncWriteMultipleHoldingRegister	8	static
../Core/app/ModBusTCP_server/freemodbus_1.6/modbus/functions/mbfuncholding.c:169:1:eMBFuncReadHoldingRegister	16	static
../Core/app/ModBusTCP_server/freemodbus_1.6/modbus/functions/mbfuncholding.c:234:1:eMBFuncReadWriteMultipleHoldingRegister	24	static
