../Middlewares/Third_Party/mongoose/mongoose.c:27:12:mg_base64_encode_single	0	static
../Middlewares/Third_Party/mongoose/mongoose.c:39:12:mg_base64_decode_single	0	static
../Middlewares/Third_Party/mongoose/mongoose.c:1375:13:is_digit	0	static
../Middlewares/Third_Party/mongoose/mongoose.c:1379:12:addexp	0	static
../Middlewares/Third_Party/mongoose/mongoose.c:1391:12:xisinf	0	static
../Middlewares/Third_Party/mongoose/mongoose.c:1400:12:xisnan	0	static
../Middlewares/Third_Party/mongoose/mongoose.c:1469:15:mg_lld	24	static
../Middlewares/Third_Party/mongoose/mongoose.c:1491:15:scpy	24	static
../Middlewares/Third_Party/mongoose/mongoose.c:1917:15:packed_write	0	static
../Middlewares/Third_Party/mongoose/mongoose.c:1922:15:packed_seek	0	static
../Middlewares/Third_Party/mongoose/mongoose.c:1929:13:packed_rename	0	static
../Middlewares/Third_Party/mongoose/mongoose.c:1934:13:packed_remove	0	static
../Middlewares/Third_Party/mongoose/mongoose.c:1939:13:packed_mkdir	0	static
../Middlewares/Third_Party/mongoose/mongoose.c:2170:12:p_stat	0	static
../Middlewares/Third_Party/mongoose/mongoose.c:2174:13:p_list	0	static
../Middlewares/Third_Party/mongoose/mongoose.c:2178:14:p_open	0	static
../Middlewares/Third_Party/mongoose/mongoose.c:2182:13:p_close	0	static
../Middlewares/Third_Party/mongoose/mongoose.c:2185:15:p_read	0	static
../Middlewares/Third_Party/mongoose/mongoose.c:2189:15:p_write	0	static
../Middlewares/Third_Party/mongoose/mongoose.c:2193:15:p_seek	0	static
../Middlewares/Third_Party/mongoose/mongoose.c:2197:13:p_rename	0	static
../Middlewares/Third_Party/mongoose/mongoose.c:2201:13:p_remove	0	static
../Middlewares/Third_Party/mongoose/mongoose.c:2205:13:p_mkdir	0	static
../Middlewares/Third_Party/mongoose/mongoose.c:2230:12:mg_ncasecmp	12	static
../Middlewares/Third_Party/mongoose/mongoose.c:2376:13:isx	0	static
../Middlewares/Third_Party/mongoose/mongoose.c:2403:13:isok	0	static
../Middlewares/Third_Party/mongoose/mongoose.c:2427:13:vcb	0	static
../Middlewares/Third_Party/mongoose/mongoose.c:2432:15:clen	16	static
../Middlewares/Third_Party/mongoose/mongoose.c:2444:20:skiptorn	0	static
../Middlewares/Third_Party/mongoose/mongoose.c:2453:13:mg_http_parse_headers	40	static
../Middlewares/Third_Party/mongoose/mongoose.c:2578:20:mg_http_status_code_str	0	static
../Middlewares/Third_Party/mongoose/mongoose.c:3081:13:mg_is_url_safe	0	static
../Middlewares/Third_Party/mongoose/mongoose.c:3200:13:is_hex_digit	0	static
../Middlewares/Third_Party/mongoose/mongoose.c:3371:15:roundup	0	static
../Middlewares/Third_Party/mongoose/mongoose.c:3441:20:escapeseq	0	static
../Middlewares/Third_Party/mongoose/mongoose.c:3445:13:json_esc	16	static
../Middlewares/Third_Party/mongoose/mongoose.c:3453:12:mg_pass_string	24	static
../Middlewares/Third_Party/mongoose/mongoose.c:3467:15:mg_atod	64	static
../Middlewares/Third_Party/mongoose/mongoose.c:3821:13:logc	8	static
../Middlewares/Third_Party/mongoose/mongoose.c:3825:13:logs	16	static
../Middlewares/Third_Party/mongoose/mongoose.c:3854:22:nibble	0	static
../Middlewares/Third_Party/mongoose/mongoose.c:3937:13:mg_md5_transform	88	static
../Middlewares/Third_Party/mongoose/mongoose.c:4157:16:varint_size	0	static
../Middlewares/Third_Party/mongoose/mongoose.c:4166:15:encode_varint	4	static
../Middlewares/Third_Party/mongoose/mongoose.c:4179:15:decode_varint	12	static
../Middlewares/Third_Party/mongoose/mongoose.c:4194:12:mqtt_prop_type_by_id	0	static
../Middlewares/Third_Party/mongoose/mongoose.c:4204:15:get_properties_length	32	static
../Middlewares/Third_Party/mongoose/mongoose.c:4241:15:get_props_size	8	static
../Middlewares/Third_Party/mongoose/mongoose.c:4675:13:mg_aton4	24	static
../Middlewares/Third_Party/mongoose/mongoose.c:5058:13:mg_tcpip_call	8	static
../Middlewares/Third_Party/mongoose/mongoose.c:5069:17:csumup	0	static
../Middlewares/Third_Party/mongoose/mongoose.c:5099:15:ether_output	16	static
../Middlewares/Third_Party/mongoose/mongoose.c:6036:13:can_write	0	static
../Middlewares/Third_Party/mongoose/mongoose.c:6508:13:mg_esc	4	static
../Middlewares/Third_Party/mongoose/mongoose.c:6516:13:mg_escape	8	static
../Middlewares/Third_Party/mongoose/mongoose.c:6520:15:qcpy	40	static
../Middlewares/Third_Party/mongoose/mongoose.c:6534:15:bcpy	40	static
../Middlewares/Third_Party/mongoose/mongoose.c:6551:8:mg_print_hex	32	static
../Middlewares/Third_Party/mongoose/mongoose.c:6785:17:blk0	0	static
../Middlewares/Third_Party/mongoose/mongoose.c:7027:13:mg_sha256_chunk	328	static
../Middlewares/Third_Party/mongoose/mongoose.c:8097:12:mg_tolc	0	static
../Middlewares/Third_Party/mongoose/mongoose.c:16010:15:umaal	0	static
../Middlewares/Third_Party/mongoose/mongoose.c:16017:15:adc	0	static
../Middlewares/Third_Party/mongoose/mongoose.c:16023:15:adc0	0	static
../Middlewares/Third_Party/mongoose/mongoose.c:16033:13:propagate	24	static
../Middlewares/Third_Party/mongoose/mongoose.c:16045:13:add	32	static
../Middlewares/Third_Party/mongoose/mongoose.c:16054:13:sub	8	static
../Middlewares/Third_Party/mongoose/mongoose.c:16067:13:mul	112	static
../Middlewares/Third_Party/mongoose/mongoose.c:16090:13:sqr	8	static
../Middlewares/Third_Party/mongoose/mongoose.c:16093:13:mul1	8	static
../Middlewares/Third_Party/mongoose/mongoose.c:16096:13:sqr1	8	static
../Middlewares/Third_Party/mongoose/mongoose.c:16100:13:condswap	8	static
../Middlewares/Third_Party/mongoose/mongoose.c:16113:15:canon	24	static
../Middlewares/Third_Party/mongoose/mongoose.c:16144:13:ladder_part1	24	static
../Middlewares/Third_Party/mongoose/mongoose.c:16161:13:ladder_part2	32	static
../Middlewares/Third_Party/mongoose/mongoose.c:16412:12:isbyte	0	static
../Middlewares/Third_Party/mongoose/mongoose.c:16572:17:be32	0	static
../Middlewares/Third_Party/mongoose/mongoose.c:16635:13:mg_ws_mask	0	static
../Middlewares/Third_Party/mongoose/mongoose.c:17154:20:mg_phy_id_to_str	0	static
../Middlewares/Third_Party/mongoose/mongoose.c:18468:13:w5500_txn	32	static
../Middlewares/Third_Party/mongoose/mongoose.c:18484:14:w5500_wn	16	static
../Middlewares/Third_Party/mongoose/mongoose.c:18485:14:w5500_w1	24	static
../Middlewares/Third_Party/mongoose/mongoose.c:18486:14:w5500_w2	24	static
../Middlewares/Third_Party/mongoose/mongoose.c:18487:14:w5500_rn	16	static
../Middlewares/Third_Party/mongoose/mongoose.c:18488:17:w5500_r1	24	static
../Middlewares/Third_Party/mongoose/mongoose.c:18489:18:w5500_r2	24	static
../Middlewares/Third_Party/mongoose/mongoose.c:18492:15:w5500_rx	40	static
../Middlewares/Third_Party/mongoose/mongoose.c:18511:15:w5500_tx	32	static
../Middlewares/Third_Party/mongoose/mongoose.c:18531:13:w5500_init	8	static
../Middlewares/Third_Party/mongoose/mongoose.c:18545:13:w5500_up	8	static
../Middlewares/Third_Party/mongoose/mongoose.c:1081:13:mg_dns_free	8	static
../Middlewares/Third_Party/mongoose/mongoose.c:1905:13:packed_close	8	static
../Middlewares/Third_Party/mongoose/mongoose.c:4668:13:mg_atone	8	static
../Middlewares/Third_Party/mongoose/mongoose.c:16171:13:x25519_core	64	static
../Middlewares/Third_Party/mongoose/mongoose.c:16263:19:urlparse	40	static
../Middlewares/Third_Party/mongoose/mongoose.c:16577:15:ws_process	24	static
../Middlewares/Third_Party/mongoose/mongoose.c:1095:15:mg_dns_parse_name_depth	56	static
../Middlewares/Third_Party/mongoose/mongoose.c:1132:15:mg_dns_parse_name	24	static
../Middlewares/Third_Party/mongoose/mongoose.c:1909:15:packed_read	16	static
../Middlewares/Third_Party/mongoose/mongoose.c:6822:13:mg_sha1_transform	160	static
../Middlewares/Third_Party/mongoose/mongoose.h:192:21:mg_calloc	16	static
../Middlewares/Third_Party/mongoose/mongoose.c:6568:8:mg_print_esc	16	static
../Middlewares/Third_Party/mongoose/mongoose.c:1854:12:is_dir_prefix	16	static
../Middlewares/Third_Party/mongoose/mongoose.c:5235:30:getpeer	16	static
../Middlewares/Third_Party/mongoose/mongoose.c:6465:6:mg_pfn_stdout	8	static
../Middlewares/Third_Party/mongoose/mongoose.c:6618:13:mg_queue_write_len	0	static
../Middlewares/Third_Party/mongoose/mongoose.c:6610:15:mg_queue_read_len	8	static
../Middlewares/Third_Party/mongoose/mongoose.c:16416:12:parse_net	72	static
../Middlewares/Third_Party/mongoose/mongoose.c:6124:14:mg_ota_boot	0	static
../Middlewares/Third_Party/mongoose/mongoose.c:57:8:mg_base64_update	16	static
../Middlewares/Third_Party/mongoose/mongoose.c:73:8:mg_base64_final	16	static
../Middlewares/Third_Party/mongoose/mongoose.c:84:8:mg_base64_encode	24	static
../Middlewares/Third_Party/mongoose/mongoose.c:93:8:mg_base64_decode	40	static
../Middlewares/Third_Party/mongoose/mongoose.c:207:7:mg_flash_start	0	static
../Middlewares/Third_Party/mongoose/mongoose.c:210:8:mg_flash_size	0	static
../Middlewares/Third_Party/mongoose/mongoose.c:213:8:mg_flash_sector_size	0	static
../Middlewares/Third_Party/mongoose/mongoose.c:216:8:mg_flash_write_align	0	static
../Middlewares/Third_Party/mongoose/mongoose.c:219:5:mg_flash_bank	0	static
../Middlewares/Third_Party/mongoose/mongoose.c:222:6:mg_flash_erase	0	static
../Middlewares/Third_Party/mongoose/mongoose.c:226:6:mg_flash_swap_bank	0	static
../Middlewares/Third_Party/mongoose/mongoose.c:229:6:mg_flash_write	0	static
../Middlewares/Third_Party/mongoose/mongoose.c:233:6:mg_device_reset	0	static
../Middlewares/Third_Party/mongoose/mongoose.c:403:6:mg_flash_save	0	static
../Middlewares/Third_Party/mongoose/mongoose.c:407:6:mg_flash_load	0	static
../Middlewares/Third_Party/mongoose/mongoose.c:1086:6:mg_resolve_cancel	16	static
../Middlewares/Third_Party/mongoose/mongoose.c:1137:8:mg_dns_parse_rr	32	static
../Middlewares/Third_Party/mongoose/mongoose.c:1340:6:mg_call	16	static
../Middlewares/Third_Party/mongoose/mongoose.c:1602:15:mg_fs_open	24	static
../Middlewares/Third_Party/mongoose/mongoose.c:1615:6:mg_fs_close	8	static
../Middlewares/Third_Party/mongoose/mongoose.c:2667:13:restore_http_cb	8	static
../Middlewares/Third_Party/mongoose/mongoose.c:1622:15:mg_file_read	24	static
../Middlewares/Third_Party/mongoose/mongoose.c:1684:6:mg_fs_ls	16	static
../Middlewares/Third_Party/mongoose/mongoose.c:1837:13:mg_unpack	0	static
../Middlewares/Third_Party/mongoose/mongoose.c:1892:14:packed_open	24	static
../Middlewares/Third_Party/mongoose/mongoose.c:1842:13:mg_unlist	0	static
../Middlewares/Third_Party/mongoose/mongoose.c:1860:12:packed_stat	24	static
../Middlewares/Third_Party/mongoose/mongoose.c:2242:6:mg_to_size_t	24	static
../Middlewares/Third_Party/mongoose/mongoose.c:2407:5:mg_http_get_request_len	24	static
../Middlewares/Third_Party/mongoose/mongoose.c:2417:16:mg_http_get_header	24	static
../Middlewares/Third_Party/mongoose/mongoose.c:3196:5:mg_http_status	8	static
../Middlewares/Third_Party/mongoose/mongoose.c:3562:5:mg_json_get	120	static
../Middlewares/Third_Party/mongoose/mongoose.c:3711:6:mg_json_get_num	24	static
../Middlewares/Third_Party/mongoose/mongoose.c:3721:6:mg_json_get_bool	16	static
../Middlewares/Third_Party/mongoose/mongoose.c:3769:7:mg_json_get_b64	40	static
../Middlewares/Third_Party/mongoose/mongoose.c:3797:6:mg_json_get_long	24	static
../Middlewares/Third_Party/mongoose/mongoose.c:3816:6:mg_log_set_fn	0	static
../Middlewares/Third_Party/mongoose/mongoose.c:3859:6:mg_hexdump	40	static
../Middlewares/Third_Party/mongoose/mongoose.c:3927:6:mg_md5_init	0	static
../Middlewares/Third_Party/mongoose/mongoose.c:4019:6:mg_md5_update	32	static
../Middlewares/Third_Party/mongoose/mongoose.c:4054:6:mg_md5_final	16	static
../Middlewares/Third_Party/mongoose/mongoose.c:4289:8:mg_mqtt_next_prop	32	static
../Middlewares/Third_Party/mongoose/mongoose.c:4451:5:mg_mqtt_parse	32	static
../Middlewares/Third_Party/mongoose/mongoose.c:4762:23:mg_alloc_conn	8	static
../Middlewares/Third_Party/mongoose/mongoose.c:4838:23:mg_wrapfd	24	static
../Middlewares/Third_Party/mongoose/mongoose.c:4887:6:mg_mgr_init	8	static
../Middlewares/Third_Party/mongoose/mongoose.c:5944:6:mg_tcpip_free	8	static
../Middlewares/Third_Party/mongoose/mongoose.c:6091:6:mg_ota_begin	0	static
../Middlewares/Third_Party/mongoose/mongoose.c:6095:6:mg_ota_write	0	static
../Middlewares/Third_Party/mongoose/mongoose.c:6099:6:mg_ota_end	0	static
../Middlewares/Third_Party/mongoose/mongoose.c:6102:6:mg_ota_commit	0	static
../Middlewares/Third_Party/mongoose/mongoose.c:6105:6:mg_ota_rollback	0	static
../Middlewares/Third_Party/mongoose/mongoose.c:6108:5:mg_ota_status	0	static
../Middlewares/Third_Party/mongoose/mongoose.c:6112:10:mg_ota_crc32	0	static
../Middlewares/Third_Party/mongoose/mongoose.c:6116:10:mg_ota_timestamp	0	static
../Middlewares/Third_Party/mongoose/mongoose.c:6120:8:mg_ota_size	0	static
../Middlewares/Third_Party/mongoose/mongoose.c:6441:8:mg_snprintf	16	static
../Middlewares/Third_Party/mongoose/mongoose.c:1410:15:mg_dtoa	112	static
../Middlewares/Third_Party/mongoose/mongoose.c:1507:8:mg_vxprintf	112	static
../Middlewares/Third_Party/mongoose/mongoose.c:1498:8:mg_xprintf	16	static
../Middlewares/Third_Party/mongoose/mongoose.c:6470:15:print_ip4	32	static
../Middlewares/Third_Party/mongoose/mongoose.c:6481:8:mg_print_ip4	8	static
../Middlewares/Third_Party/mongoose/mongoose.c:6502:8:mg_print_mac	48	static
../Middlewares/Third_Party/mongoose/mongoose.c:6755:15:print_methods	40	static
../Middlewares/Third_Party/mongoose/mongoose.c:3845:6:mg_log	16	static
../Middlewares/Third_Party/mongoose/mongoose.c:4645:8:mg_vprintf	16	static
../Middlewares/Third_Party/mongoose/mongoose.c:4651:8:mg_printf	12	static
../Middlewares/Third_Party/mongoose/mongoose.c:6434:8:mg_vsnprintf	32	static
../Middlewares/Third_Party/mongoose/mongoose.c:1639:6:mg_file_write	168	static
../Middlewares/Third_Party/mongoose/mongoose.c:1675:13:mg_fs_ls_fn	8	static
../Middlewares/Third_Party/mongoose/mongoose.c:1871:13:packed_list	296	static
../Middlewares/Third_Party/mongoose/mongoose.c:2648:6:mg_http_reply	36	static
../Middlewares/Third_Party/mongoose/mongoose.c:2675:7:mg_http_etag	24	static
../Middlewares/Third_Party/mongoose/mongoose.c:3086:8:mg_url_encode	48	static
../Middlewares/Third_Party/mongoose/mongoose.c:6450:7:mg_vmprintf	24	static
../Middlewares/Third_Party/mongoose/mongoose.c:1658:6:mg_file_printf	24	static
../Middlewares/Third_Party/mongoose/mongoose.c:6456:7:mg_mprintf	16	static
../Middlewares/Third_Party/mongoose/mongoose.c:6562:8:mg_print_base64	16	static
../Middlewares/Third_Party/mongoose/mongoose.c:6604:6:mg_queue_init	0	static
../Middlewares/Third_Party/mongoose/mongoose.c:6624:8:mg_queue_book	16	static
../Middlewares/Third_Party/mongoose/mongoose.c:6637:8:mg_queue_next	16	static
../Middlewares/Third_Party/mongoose/mongoose.c:6651:6:mg_queue_add	16	static
../Middlewares/Third_Party/mongoose/mongoose.c:5902:6:mg_tcpip_qwrite	32	static
../Middlewares/Third_Party/mongoose/mongoose.c:6394:8:mg_queue_vprintf	32	static
../Middlewares/Third_Party/mongoose/mongoose.c:6406:8:mg_queue_printf	12	static
../Middlewares/Third_Party/mongoose/mongoose.c:6658:6:mg_queue_del	8	static
../Middlewares/Third_Party/mongoose/mongoose.c:6680:6:mg_rpc_del	16	static
../Middlewares/Third_Party/mongoose/mongoose.c:6718:6:mg_rpc_vok	56	static
../Middlewares/Third_Party/mongoose/mongoose.c:6728:6:mg_rpc_ok	12	static
../Middlewares/Third_Party/mongoose/mongoose.c:6735:6:mg_rpc_verr	72	static
../Middlewares/Third_Party/mongoose/mongoose.c:6748:6:mg_rpc_err	16	static
../Middlewares/Third_Party/mongoose/mongoose.c:6766:6:mg_rpc_list	8	static
../Middlewares/Third_Party/mongoose/mongoose.c:6929:6:mg_sha1_init	0	static
../Middlewares/Third_Party/mongoose/mongoose.c:6938:6:mg_sha1_update	24	static
../Middlewares/Third_Party/mongoose/mongoose.c:6958:6:mg_sha1_final	32	static
../Middlewares/Third_Party/mongoose/mongoose.c:7014:6:mg_sha256_init	0	static
../Middlewares/Third_Party/mongoose/mongoose.c:7071:6:mg_sha256_update	24	static
../Middlewares/Third_Party/mongoose/mongoose.c:7085:6:mg_sha256_final	16	static
../Middlewares/Third_Party/mongoose/mongoose.c:7124:6:mg_hmac_sha256	328	static
../Middlewares/Third_Party/mongoose/mongoose.c:8075:6:mg_http_serve_ssi	8	static
../Middlewares/Third_Party/mongoose/mongoose.c:8087:15:mg_str_s	8	static
../Middlewares/Third_Party/mongoose/mongoose.c:8092:15:mg_str_n	0	static
../Middlewares/Third_Party/mongoose/mongoose.c:1848:15:mg_unpacked	16	static
../Middlewares/Third_Party/mongoose/mongoose.c:3125:22:stripquotes	16	static
../Middlewares/Third_Party/mongoose/mongoose.c:3131:15:mg_http_get_header_var	40	static
../Middlewares/Third_Party/mongoose/mongoose.c:2276:8:mg_http_next_multipart	104	static
../Middlewares/Third_Party/mongoose/mongoose.c:3514:8:mg_json_next	64	static
../Middlewares/Third_Party/mongoose/mongoose.c:3705:15:mg_json_get_tok	24	static
../Middlewares/Third_Party/mongoose/mongoose.c:4696:13:mg_v4mapped	32	static
../Middlewares/Third_Party/mongoose/mongoose.c:5064:13:mkpay	24	static
../Middlewares/Third_Party/mongoose/mongoose.c:8101:5:mg_casecmp	24	static
../Middlewares/Third_Party/mongoose/mongoose.c:8110:15:mg_strdup	32	static
../Middlewares/Third_Party/mongoose/mongoose.c:6669:6:mg_rpc_add	40	static
../Middlewares/Third_Party/mongoose/mongoose.c:8124:5:mg_strcmp	16	static
../Middlewares/Third_Party/mongoose/mongoose.c:8138:5:mg_strcasecmp	32	static
../Middlewares/Third_Party/mongoose/mongoose.c:2477:5:mg_http_parse	56	static
../Middlewares/Third_Party/mongoose/mongoose.c:8152:6:mg_match	32	static
../Middlewares/Third_Party/mongoose/mongoose.c:3321:13:mg_hfn	40	static
../Middlewares/Third_Party/mongoose/mongoose.c:6693:13:mg_rpc_call	32	static
../Middlewares/Third_Party/mongoose/mongoose.c:6704:6:mg_rpc_process	48	static
../Middlewares/Third_Party/mongoose/mongoose.c:8186:6:mg_span	48	static
../Middlewares/Third_Party/mongoose/mongoose.c:2342:15:mg_http_var	48	static
../Middlewares/Third_Party/mongoose/mongoose.c:2739:22:guess_content_type	64	static
../Middlewares/Third_Party/mongoose/mongoose.c:2761:12:getrange	48	static
../Middlewares/Third_Party/mongoose/mongoose.c:2777:6:mg_http_serve_file	448	static
../Middlewares/Third_Party/mongoose/mongoose.c:8199:6:mg_str_to_num	48	static
../Middlewares/Third_Party/mongoose/mongoose.c:2381:5:mg_url_decode	64	static
../Middlewares/Third_Party/mongoose/mongoose.c:2354:5:mg_http_get_var	40	static
../Middlewares/Third_Party/mongoose/mongoose.c:3103:6:mg_http_creds	304	static
../Middlewares/Third_Party/mongoose/mongoose.c:2917:13:listdir	208	static
../Middlewares/Third_Party/mongoose/mongoose.c:3205:12:skip_chunk	56	static
../Middlewares/Third_Party/mongoose/mongoose.c:3730:6:mg_json_unescape	48	static
../Middlewares/Third_Party/mongoose/mongoose.c:3755:7:mg_json_get_str	48	static
../Middlewares/Third_Party/mongoose/mongoose.c:3781:7:mg_json_get_hex	64	static
../Middlewares/Third_Party/mongoose/mongoose.c:4714:13:mg_aton6	72	static
../Middlewares/Third_Party/mongoose/mongoose.c:8277:6:mg_timer_init	4	static
../Middlewares/Third_Party/mongoose/mongoose.c:4852:18:mg_timer_add	40	static
../Middlewares/Third_Party/mongoose/mongoose.c:8284:6:mg_timer_free	0	static
../Middlewares/Third_Party/mongoose/mongoose.c:8290:6:mg_timer_expired	24	static
../Middlewares/Third_Party/mongoose/mongoose.c:8298:6:mg_timer_poll	32	static
../Middlewares/Third_Party/mongoose/mongoose.c:12213:6:mg_tls_handshake	0	static
../Middlewares/Third_Party/mongoose/mongoose.c:12216:6:mg_tls_free	0	static
../Middlewares/Third_Party/mongoose/mongoose.c:12219:6:mg_tls_recv	0	static
../Middlewares/Third_Party/mongoose/mongoose.c:12222:6:mg_tls_send	0	static
../Middlewares/Third_Party/mongoose/mongoose.c:12225:8:mg_tls_pending	0	static
../Middlewares/Third_Party/mongoose/mongoose.c:12229:6:mg_tls_ctx_init	0	static
../Middlewares/Third_Party/mongoose/mongoose.c:12232:6:mg_tls_ctx_free	0	static
../Middlewares/Third_Party/mongoose/mongoose.c:16205:5:mg_tls_x25519	224	static
../Middlewares/Third_Party/mongoose/mongoose.c:16257:5:mg_url_is_ssl	8	static
../Middlewares/Third_Party/mongoose/mongoose.c:16291:15:mg_url_host	48	static
../Middlewares/Third_Party/mongoose/mongoose.c:16300:13:mg_url_uri	40	static
../Middlewares/Third_Party/mongoose/mongoose.c:16305:16:mg_url_port	48	static
../Middlewares/Third_Party/mongoose/mongoose.c:16317:15:mg_url_user	56	static
../Middlewares/Third_Party/mongoose/mongoose.c:16327:15:mg_url_pass	56	static
../Middlewares/Third_Party/mongoose/mongoose.c:16344:6:mg_bzero	0	static
../Middlewares/Third_Party/mongoose/mongoose.c:3421:8:mg_iobuf_del	16	static
../Middlewares/Third_Party/mongoose/mongoose.c:4862:6:mg_io_recv	16	static
../Middlewares/Third_Party/mongoose/mongoose.c:16352:6:mg_random	16	static
../Middlewares/Third_Party/mongoose/mongoose.c:16371:7:mg_random_str	16	static
../Middlewares/Third_Party/mongoose/mongoose.c:16384:10:mg_ntohl	8	static
../Middlewares/Third_Party/mongoose/mongoose.c:4660:13:mg_atonl	40	static
../Middlewares/Third_Party/mongoose/mongoose.c:4756:6:mg_aton	16	static
../Middlewares/Third_Party/mongoose/mongoose.c:7171:16:gettimestamp	16	static
../Middlewares/Third_Party/mongoose/mongoose.c:16391:10:mg_ntohs	8	static
../Middlewares/Third_Party/mongoose/mongoose.c:5076:17:csumfin	8	static
../Middlewares/Third_Party/mongoose/mongoose.c:5081:17:ipcsum	8	static
../Middlewares/Third_Party/mongoose/mongoose.c:5134:19:tx_ip	24	static
../Middlewares/Third_Party/mongoose/mongoose.c:5289:13:rx_icmp	40	static
../Middlewares/Third_Party/mongoose/mongoose.c:5745:13:rx_ip6	16	static
../Middlewares/Third_Party/mongoose/mongoose.c:5154:13:tx_udp	40	static
../Middlewares/Third_Party/mongoose/mongoose.c:5105:13:arp_ask	24	static
../Middlewares/Third_Party/mongoose/mongoose.c:6000:6:mg_open_listener	8	static
../Middlewares/Third_Party/mongoose/mongoose.c:5176:13:tx_dhcp	312	static
../Middlewares/Third_Party/mongoose/mongoose.c:5366:13:rx_dhcp_server	344	static
../Middlewares/Third_Party/mongoose/mongoose.c:6474:15:print_ip6	80	static
../Middlewares/Third_Party/mongoose/mongoose.c:6486:8:mg_print_ip6	8	static
../Middlewares/Third_Party/mongoose/mongoose.c:6491:8:mg_print_ip	8	static
../Middlewares/Third_Party/mongoose/mongoose.c:6497:8:mg_print_ip_port	24	static
../Middlewares/Third_Party/mongoose/mongoose.c:16607:15:mkhdr	16	static
../Middlewares/Third_Party/mongoose/mongoose.c:16397:10:mg_crc32	4	static
../Middlewares/Third_Party/mongoose/mongoose.c:16430:5:mg_check_ip_acl	48	static
../Middlewares/Third_Party/mongoose/mongoose.c:16448:6:mg_path_is_sane	8	static
../Middlewares/Third_Party/mongoose/mongoose.c:16462:10:mg_millis	8	static
../Middlewares/Third_Party/mongoose/mongoose.c:3833:6:mg_log_prefix	96	static
../Middlewares/Third_Party/mongoose/mongoose.c:1161:6:mg_dns_parse	48	static
../Middlewares/Third_Party/mongoose/mongoose.c:1357:6:mg_error	84	static
../Middlewares/Third_Party/mongoose/mongoose.c:5553:13:handle_tls_recv	24	static
../Middlewares/Third_Party/mongoose/mongoose.c:12209:6:mg_tls_init	8	static
../Middlewares/Third_Party/mongoose/mongoose.c:16654:13:mg_ws_client_handshake	560	static
../Middlewares/Third_Party/mongoose/mongoose.c:3221:13:http_cb	616	static
../Middlewares/Third_Party/mongoose/mongoose.c:2986:12:uri_to_path2	56	static
../Middlewares/Third_Party/mongoose/mongoose.c:3046:12:uri_to_path	120	static
../Middlewares/Third_Party/mongoose/mongoose.c:3061:6:mg_http_serve_dir	184	static
../Middlewares/Third_Party/mongoose/mongoose.c:2877:13:printdirentry	288	static
../Middlewares/Third_Party/mongoose/mongoose.c:3152:6:mg_http_upload	328	static
../Middlewares/Third_Party/mongoose/mongoose.c:3375:5:mg_iobuf_resize	24	static
../Middlewares/Third_Party/mongoose/mongoose.c:2680:13:static_cb	16	static
../Middlewares/Third_Party/mongoose/mongoose.c:3402:5:mg_iobuf_init	8	static
../Middlewares/Third_Party/mongoose/mongoose.c:3409:8:mg_iobuf_add	24	static
../Middlewares/Third_Party/mongoose/mongoose.c:3430:6:mg_iobuf_free	8	static
../Middlewares/Third_Party/mongoose/mongoose.c:5405:13:rx_udp	16	static
../Middlewares/Third_Party/mongoose/mongoose.c:6415:13:mg_pfn_iobuf_private	16	static
../Middlewares/Third_Party/mongoose/mongoose.c:6430:6:mg_pfn_iobuf	8	static
../Middlewares/Third_Party/mongoose/mongoose.c:6426:13:mg_putchar_iobuf_static	8	static
../Middlewares/Third_Party/mongoose/mongoose.c:2316:6:mg_http_bauth	40	static
../Middlewares/Third_Party/mongoose/mongoose.c:4774:6:mg_close_conn	8	static
../Middlewares/Third_Party/mongoose/mongoose.c:6030:13:close_conn	8	static
../Middlewares/Third_Party/mongoose/mongoose.c:4815:23:mg_listen	24	static
../Middlewares/Third_Party/mongoose/mongoose.c:3356:23:mg_http_listen	8	static
../Middlewares/Third_Party/mongoose/mongoose.c:4626:23:mg_mqtt_listen	8	static
../Middlewares/Third_Party/mongoose/mongoose.c:5503:15:trim_len	24	static
../Middlewares/Third_Party/mongoose/mongoose.c:6065:6:mg_send	40	static
../Middlewares/Third_Party/mongoose/mongoose.c:1259:13:mg_dns_send	296	static
../Middlewares/Third_Party/mongoose/mongoose.c:2550:13:mg_http_vprintf_chunk	24	static
../Middlewares/Third_Party/mongoose/mongoose.c:2563:6:mg_http_printf_chunk	12	static
../Middlewares/Third_Party/mongoose/mongoose.c:2570:6:mg_http_write_chunk	16	static
../Middlewares/Third_Party/mongoose/mongoose.c:4136:6:mg_mqtt_send_header	16	static
../Middlewares/Third_Party/mongoose/mongoose.c:4592:6:mg_mqtt_ping	8	static
../Middlewares/Third_Party/mongoose/mongoose.c:4596:6:mg_mqtt_pong	8	static
../Middlewares/Third_Party/mongoose/mongoose.c:4153:13:mg_send_u32	16	static
../Middlewares/Third_Party/mongoose/mongoose.c:4149:13:mg_send_u16	16	static
../Middlewares/Third_Party/mongoose/mongoose.c:4247:13:mg_send_mqtt_properties	40	static
../Middlewares/Third_Party/mongoose/mongoose.c:4343:6:mg_mqtt_login	64	static
../Middlewares/Third_Party/mongoose/mongoose.c:4436:6:mg_mqtt_sub	24	static
../Middlewares/Third_Party/mongoose/mongoose.c:4600:6:mg_mqtt_disconnect	24	static
../Middlewares/Third_Party/mongoose/mongoose.c:16546:13:ws_handshake	168	static
../Middlewares/Third_Party/mongoose/mongoose.c:4408:10:mg_mqtt_pub	48	static
../Middlewares/Third_Party/mongoose/mongoose.c:4522:13:mqtt_cb	72	static
../Middlewares/Third_Party/mongoose/mongoose.c:5427:15:tx_tcp	64	static
../Middlewares/Third_Party/mongoose/mongoose.c:5949:13:send_syn	40	static
../Middlewares/Third_Party/mongoose/mongoose.c:5467:15:tx_tcp_pkt	64	static
../Middlewares/Third_Party/mongoose/mongoose.c:5086:13:settmout	24	static
../Middlewares/Third_Party/mongoose/mongoose.c:5530:6:mg_io_send	72	static
../Middlewares/Third_Party/mongoose/mongoose.c:6005:13:write_conn	16	static
../Middlewares/Third_Party/mongoose/mongoose.c:6016:13:init_closure	56	static
../Middlewares/Third_Party/mongoose/mongoose.c:5959:6:mg_connect_resolved	32	static
../Middlewares/Third_Party/mongoose/mongoose.c:1203:13:dns_cb	312	static
../Middlewares/Third_Party/mongoose/mongoose.c:5225:13:tx_dhcp_discover	32	static
../Middlewares/Third_Party/mongoose/mongoose.c:5215:13:tx_dhcp_request_re	32	static
../Middlewares/Third_Party/mongoose/mongoose.c:5250:13:rx_arp	32	static
../Middlewares/Third_Party/mongoose/mongoose.c:5193:13:tx_dhcp_request_sel	64	static
../Middlewares/Third_Party/mongoose/mongoose.c:5564:13:read_conn	72	static
../Middlewares/Third_Party/mongoose/mongoose.c:5476:30:accept_conn	16	static
../Middlewares/Third_Party/mongoose/mongoose.c:5652:13:rx_tcp	40	static
../Middlewares/Third_Party/mongoose/mongoose.c:1286:13:mg_sendnsreq	32	static
../Middlewares/Third_Party/mongoose/mongoose.c:1318:6:mg_resolve	32	static
../Middlewares/Third_Party/mongoose/mongoose.c:4794:23:mg_connect	24	static
../Middlewares/Third_Party/mongoose/mongoose.c:3349:23:mg_http_connect	8	static
../Middlewares/Third_Party/mongoose/mongoose.c:4613:23:mg_mqtt_connect	80	static
../Middlewares/Third_Party/mongoose/mongoose.c:5913:6:mg_tcpip_init	16	static
../Middlewares/Third_Party/mongoose/mongoose.c:5119:13:onstatechange	8	static
../Middlewares/Third_Party/mongoose/mongoose.c:5305:13:rx_dhcp_client	64	static
../Middlewares/Third_Party/mongoose/mongoose.c:5702:13:rx_ip	40	static
../Middlewares/Third_Party/mongoose/mongoose.c:5761:13:mg_tcpip_rx	80	static
../Middlewares/Third_Party/mongoose/mongoose.c:5805:13:mg_tcpip_poll	80	static
../Middlewares/Third_Party/mongoose/mongoose.c:6041:6:mg_mgr_poll	48	static
../Middlewares/Third_Party/mongoose/mongoose.c:4870:6:mg_mgr_free	16	static
../Middlewares/Third_Party/mongoose/mongoose.c:3340:6:mg_hello	88	static
../Middlewares/Third_Party/mongoose/mongoose.c:7167:10:mg_now	8	static
../Middlewares/Third_Party/mongoose/mongoose.c:7177:9:mg_sntp_parse	32	static
../Middlewares/Third_Party/mongoose/mongoose.c:7224:6:mg_sntp_request	72	static
../Middlewares/Third_Party/mongoose/mongoose.c:7202:13:sntp_cb	24	static
../Middlewares/Third_Party/mongoose/mongoose.c:7239:23:mg_sntp_connect	16	static
../Middlewares/Third_Party/mongoose/mongoose.c:16643:8:mg_ws_send	40	static
../Middlewares/Third_Party/mongoose/mongoose.c:16677:13:mg_ws_cb	64	static
../Middlewares/Third_Party/mongoose/mongoose.c:16746:23:mg_ws_connect	104	static
../Middlewares/Third_Party/mongoose/mongoose.c:16776:6:mg_ws_upgrade	32	static
../Middlewares/Third_Party/mongoose/mongoose.c:16796:8:mg_ws_wrap	40	static
../Middlewares/Third_Party/mongoose/mongoose.c:16529:8:mg_ws_vprintf	24	static
../Middlewares/Third_Party/mongoose/mongoose.c:16537:8:mg_ws_printf	16	static
../Middlewares/Third_Party/mongoose/mongoose.c:17175:6:mg_phy_init	24	static
../Middlewares/Third_Party/mongoose/mongoose.c:17224:6:mg_phy_up	24	static
