../Core/app/ModBusTCP_server/freemodbus_1.6/modbus/port/porttcp.c:58:13:handler_mb_tcp	16	static
../Core/app/ModBusTCP_server/freemodbus_1.6/modbus/port/porttcp.c:85:6:init_mb_tcp	8	static
../Core/app/ModBusTCP_server/freemodbus_1.6/modbus/port/porttcp.c:94:7:xMBTCPPortInit	0	static
../Core/app/ModBusTCP_server/freemodbus_1.6/modbus/port/porttcp.c:101:7:xMBTCPPortGetRequest	0	static
../Core/app/ModBusTCP_server/freemodbus_1.6/modbus/port/porttcp.c:111:6:xMBTCPPortSendResponse	8	static
../Core/app/ModBusTCP_server/freemodbus_1.6/modbus/port/porttcp.c:120:7:vMBTCPPortClose	0	static
../Core/app/ModBusTCP_server/freemodbus_1.6/modbus/port/porttcp.c:124:6:vMBTCPPortDisable	0	static
