../Core/app/ModBusTCP_server/freemodbus_1.6/modbus/port/porttcp.c:58:13:handler_mb_tcp	16	static
../Core/app/ModBusTCP_server/freemodbus_1.6/modbus/port/porttcp.c:83:6:init_mb_tcp	8	static
../Core/app/ModBusTCP_server/freemodbus_1.6/modbus/port/porttcp.c:92:7:xMBTCPPortInit	0	static
../Core/app/ModBusTCP_server/freemodbus_1.6/modbus/port/porttcp.c:99:7:xMBTCPPortGetRequest	0	static
../Core/app/ModBusTCP_server/freemodbus_1.6/modbus/port/porttcp.c:109:6:xMBTCPPortSendResponse	8	static
../Core/app/ModBusTCP_server/freemodbus_1.6/modbus/port/porttcp.c:118:7:vMBTCPPortClose	0	static
../Core/app/ModBusTCP_server/freemodbus_1.6/modbus/port/porttcp.c:122:6:vMBTCPPortDisable	0	static
