../Drivers/SPI_FLASH/src/SPI_flash.c:93:6:function_prototype	4	static
../Drivers/SPI_FLASH/src/SPI_flash.c:98:6:SPI_flash_reg_cb	24	static
../Drivers/SPI_FLASH/src/SPI_flash.c:116:6:SPI_flash_io_init	4	static
../Drivers/SPI_FLASH/src/SPI_flash.c:120:6:sFLASH_Reset	8	static
../Drivers/SPI_FLASH/src/SPI_flash.c:127:6:sFLASH_Init	8	static
../Drivers/SPI_FLASH/src/SPI_flash.c:135:23:sFLASH_GetInfo	32	static
../Drivers/SPI_FLASH/src/SPI_flash.c:201:23:flash_common_info	24	static
../Drivers/SPI_FLASH/src/SPI_flash.c:207:6:sFLASH_CS_LOW	8	static
../Drivers/SPI_FLASH/src/SPI_flash.c:213:6:sFLASH_CS_HIGH	8	static
../Drivers/SPI_FLASH/src/SPI_flash.c:223:6:sFLASH_EraseSector	16	static
../Drivers/SPI_FLASH/src/SPI_flash.c:246:6:sFLASH_EraseBlock32k	16	static
../Drivers/SPI_FLASH/src/SPI_flash.c:274:6:sFLASH_EraseBulk	8	static
../Drivers/SPI_FLASH/src/SPI_flash.c:302:6:sFLASH_WritePage	24	static
../Drivers/SPI_FLASH/src/SPI_flash.c:343:6:sFLASH_WriteBuffer	32	static
../Drivers/SPI_FLASH/src/SPI_flash.c:421:6:sFLASH_ReadBuffer	24	static
../Drivers/SPI_FLASH/src/SPI_flash.c:470:10:sFLASH_ReadID	24	static
../Drivers/SPI_FLASH/src/SPI_flash.c:511:6:sFLASH_StartReadSequence	16	static
../Drivers/SPI_FLASH/src/SPI_flash.c:535:9:sFLASH_ReadByte	16	static
../Drivers/SPI_FLASH/src/SPI_flash.c:543:13:sFLASH_SPI_ReadBuffer	16	static
../Drivers/SPI_FLASH/src/SPI_flash.c:553:6:sFLASH_SendByte	16	static
../Drivers/SPI_FLASH/src/SPI_flash.c:586:6:sFLASH_WriteEnable	8	static
../Drivers/SPI_FLASH/src/SPI_flash.c:604:6:sFLASH_WaitForWriteEnd	16	static
