../Drivers/SPI_FLASH/src/SPI_flash.c:93:6:function_prototype	0	static
../Drivers/SPI_FLASH/src/SPI_flash.c:98:6:SPI_flash_reg_cb	4	static
../Drivers/SPI_FLASH/src/SPI_flash.c:116:6:SPI_flash_io_init	0	static
../Drivers/SPI_FLASH/src/SPI_flash.c:201:23:flash_common_info	8	static
../Drivers/SPI_FLASH/src/SPI_flash.c:207:6:sFLASH_CS_LOW	8	static
../Drivers/SPI_FLASH/src/SPI_flash.c:213:6:sFLASH_CS_HIGH	8	static
../Drivers/SPI_FLASH/src/SPI_flash.c:535:9:sFLASH_ReadByte	16	static
../Drivers/SPI_FLASH/src/SPI_flash.c:553:6:sFLASH_SendByte	8	static
../Drivers/SPI_FLASH/src/SPI_flash.c:120:6:sFLASH_Reset	8	static
../Drivers/SPI_FLASH/src/SPI_flash.c:127:6:sFLASH_Init	8	static
../Drivers/SPI_FLASH/src/SPI_flash.c:421:6:sFLASH_ReadBuffer	16	static
../Drivers/SPI_FLASH/src/SPI_flash.c:470:10:sFLASH_ReadID	16	static
../Drivers/SPI_FLASH/src/SPI_flash.c:135:23:sFLASH_GetInfo	16	static
../Drivers/SPI_FLASH/src/SPI_flash.c:511:6:sFLASH_StartReadSequence	8	static
../Drivers/SPI_FLASH/src/SPI_flash.c:586:6:sFLASH_WriteEnable	8	static
../Drivers/SPI_FLASH/src/SPI_flash.c:604:6:sFLASH_WaitForWriteEnd	16	static
../Drivers/SPI_FLASH/src/SPI_flash.c:223:6:sFLASH_EraseSector	8	static
../Drivers/SPI_FLASH/src/SPI_flash.c:246:6:sFLASH_EraseBlock32k	8	static
../Drivers/SPI_FLASH/src/SPI_flash.c:274:6:sFLASH_EraseBulk	8	static
../Drivers/SPI_FLASH/src/SPI_flash.c:302:6:sFLASH_WritePage	16	static
../Drivers/SPI_FLASH/src/SPI_flash.c:343:6:sFLASH_WriteBuffer	40	static
