../Drivers/SPI_FLASH/src/SPI_flash.c:93:6:function_prototype	0	static
../Drivers/SPI_FLASH/src/SPI_flash.c:103:6:SPI_flash_reg_cb	4	static
../Drivers/SPI_FLASH/src/SPI_flash.c:121:6:SPI_flash_io_init	0	static
../Drivers/SPI_FLASH/src/SPI_flash.c:207:23:flash_common_info	8	static
../Drivers/SPI_FLASH/src/SPI_flash.c:213:6:sFLASH_CS_LOW	8	static
../Drivers/SPI_FLASH/src/SPI_flash.c:219:6:sFLASH_CS_HIGH	8	static
../Drivers/SPI_FLASH/src/SPI_flash.c:551:9:sFLASH_ReadByte	16	static
../Drivers/SPI_FLASH/src/SPI_flash.c:569:6:sFLASH_SendByte	8	static
../Drivers/SPI_FLASH/src/SPI_flash.c:125:6:sFLASH_Reset	8	static
../Drivers/SPI_FLASH/src/SPI_flash.c:132:6:sFLASH_Init	8	static
../Drivers/SPI_FLASH/src/SPI_flash.c:433:6:sFLASH_ReadBuffer	16	static
../Drivers/SPI_FLASH/src/SPI_flash.c:486:10:sFLASH_ReadID	16	static
../Drivers/SPI_FLASH/src/SPI_flash.c:140:23:sFLASH_GetInfo	16	static
../Drivers/SPI_FLASH/src/SPI_flash.c:527:6:sFLASH_StartReadSequence	8	static
../Drivers/SPI_FLASH/src/SPI_flash.c:602:6:sFLASH_WriteEnable	8	static
../Drivers/SPI_FLASH/src/SPI_flash.c:620:6:sFLASH_WaitForWriteEnd	16	static
../Drivers/SPI_FLASH/src/SPI_flash.c:229:6:sFLASH_EraseSector	8	static
../Drivers/SPI_FLASH/src/SPI_flash.c:255:6:sFLASH_EraseBlock32k	8	static
../Drivers/SPI_FLASH/src/SPI_flash.c:283:6:sFLASH_EraseBulk	8	static
../Drivers/SPI_FLASH/src/SPI_flash.c:311:6:sFLASH_WritePage	16	static
../Drivers/SPI_FLASH/src/SPI_flash.c:352:6:sFLASH_WriteBuffer	40	static
../Drivers/SPI_FLASH/src/SPI_flash.c:659:10:sFLASH_GetReadedBytes	0	static
../Drivers/SPI_FLASH/src/SPI_flash.c:663:10:sFLASH_GetWritedBytes	0	static
../Drivers/SPI_FLASH/src/SPI_flash.c:667:10:sFLASH_GetEraceSectorTimes	0	static
../Drivers/SPI_FLASH/src/SPI_flash.c:671:6:sFLASH_SetReadedBytes	0	static
../Drivers/SPI_FLASH/src/SPI_flash.c:675:6:sFLASH_SetWritedBytes	0	static
../Drivers/SPI_FLASH/src/SPI_flash.c:679:6:sFLASH_SetEraceSectorTimes	0	static
