../Drivers/SPI_FLASH/src/SPI_flash.c:92:6:function_prototype	0	static
../Drivers/SPI_FLASH/src/SPI_flash.c:528:13:sFLASH_SPI_ReadBuffer	8	static
../Drivers/SPI_FLASH/src/SPI_flash.c:97:6:SPI_flash_reg_cb	4	static
../Drivers/SPI_FLASH/src/SPI_flash.c:115:6:SPI_flash_io_init	0	static
../Drivers/SPI_FLASH/src/SPI_flash.c:192:6:sFLASH_CS_LOW	8	static
../Drivers/SPI_FLASH/src/SPI_flash.c:198:6:sFLASH_CS_HIGH	8	static
../Drivers/SPI_FLASH/src/SPI_flash.c:520:9:sFLASH_ReadByte	16	static
../Drivers/SPI_FLASH/src/SPI_flash.c:538:6:sFLASH_SendByte	8	static
../Drivers/SPI_FLASH/src/SPI_flash.c:119:6:sFLASH_Reset	8	static
../Drivers/SPI_FLASH/src/SPI_flash.c:126:6:sFLASH_Init	8	static
../Drivers/SPI_FLASH/src/SPI_flash.c:406:6:sFLASH_ReadBuffer	16	static
../Drivers/SPI_FLASH/src/SPI_flash.c:455:10:sFLASH_ReadID	16	static
../Drivers/SPI_FLASH/src/SPI_flash.c:134:23:sFLASH_GetInfo	8	static
../Drivers/SPI_FLASH/src/SPI_flash.c:496:6:sFLASH_StartReadSequence	8	static
../Drivers/SPI_FLASH/src/SPI_flash.c:571:6:sFLASH_WriteEnable	8	static
../Drivers/SPI_FLASH/src/SPI_flash.c:589:6:sFLASH_WaitForWriteEnd	8	static
../Drivers/SPI_FLASH/src/SPI_flash.c:208:6:sFLASH_EraseSector	8	static
../Drivers/SPI_FLASH/src/SPI_flash.c:231:6:sFLASH_EraseBlock32k	8	static
../Drivers/SPI_FLASH/src/SPI_flash.c:259:6:sFLASH_EraseBulk	8	static
../Drivers/SPI_FLASH/src/SPI_flash.c:287:6:sFLASH_WritePage	16	static
../Drivers/SPI_FLASH/src/SPI_flash.c:328:6:sFLASH_WriteBuffer	32	static
