../Core/app/ssdp_auto_discovery_app/src/ssdp.c:138:13:ssdp_web_handler	64	static
../Core/app/ssdp_auto_discovery_app/src/ssdp.c:67:6:ip_to_string	16	static
../Core/app/ssdp_auto_discovery_app/src/ssdp.c:80:13:send_ssdp_notify	40	static
../Core/app/ssdp_auto_discovery_app/src/ssdp.c:163:13:ssdp_listener_handler	48	static
../Core/app/ssdp_auto_discovery_app/src/ssdp.c:152:13:ssdp_timer_handler	8	static
../Core/app/ssdp_auto_discovery_app/src/ssdp.c:101:6:ssdp_set_id	24	static
../Core/app/ssdp_auto_discovery_app/src/ssdp.c:177:6:ssdp_start_server	32	static
